Go to the following link in your browser then type the authorization code: 
https://accounts.google.com/o/oauth2/auth?access_type=online&client_id=558989367504-nnoc8a4ebb4irht1pmffpccv20g10eim.apps.googleusercontent.com&redirect_uri=http%3A%2F%2Finsightbox.xyz%3A8000%2Fsignin&response_type=code&scope=https%3A%2F%2Fwww.googleapis.com%2Fauth%2Fgmail.readonly&state=state-token
acarter010204@gmail.com

[35m(/home/group/insightBox/server/internal/users/users.go:69)[0m 
[33m[2020-08-14 09:21:30][0m [31;1m Error 1062: Duplicate entry 'acarter010204@gmail.com' for key 'PRIMARY' [0m

[35m(/home/group/insightBox/server/internal/users/users.go:69)[0m 
[33m[2020-08-14 09:21:30][0m  [36;1m[2.21ms][0m  INSERT INTO `tokens` (`id`,`access_token`,`token_type`,`refresh_token`,`expiry`) VALUES ('acarter010204@gmail.com','ya29.a0AfH6SMBkO1D7Wh6yoYijbBNlBKA_mVHQMm4CkYfngGZHUfEohaWqS7EzmoebEz-NEJ-GedVCvg7tqfhn_W4pt3wRZ9Vs6emSY_SArWWhXjKC4RTf6T7KhdPynV6gwMbuMVmBqlyx3tPuKCUTgWWSJ2SnaoC5hxoqAs3l','Bearer','','2020-08-14 10:21:28')  
[36;31m[0 rows affected or returned ][0m 

[35m(/home/group/insightBox/server/internal/users/users.go:72)[0m 
[33m[2020-08-14 09:21:30][0m  [36;1m[2.23ms][0m  SELECT * FROM `users`  WHERE (id = 'acarter010204@gmail.com') ORDER BY `users`.`id` ASC LIMIT 1  
[36;31m[1 rows affected or returned ][0m 

[35m(/home/group/insightBox/server/internal/processing/dayProcess.go:22)[0m 
[33m[2020-08-14 09:21:30][0m  [36;1m[2.43ms][0m  SELECT * FROM `tokens`  WHERE (id = 'acarter010204@gmail.com') ORDER BY `tokens`.`id` ASC LIMIT 1  
[36;31m[1 rows affected or returned ][0m 
Go to the following link in your browser then type the authorization code: 
https://accounts.google.com/o/oauth2/auth?access_type=online&client_id=558989367504-nnoc8a4ebb4irht1pmffpccv20g10eim.apps.googleusercontent.com&redirect_uri=http%3A%2F%2Finsightbox.xyz%3A8000%2Fsignin&response_type=code&scope=https%3A%2F%2Fwww.googleapis.com%2Fauth%2Fgmail.readonly&state=state-token

[35m(/home/group/insightBox/server/server.go:43)[0m 
[33m[2020-08-14 09:22:25][0m  [36;1m[29.84ms][0m  CREATE TABLE `users` (`id` varchar(255),`name` varchar(255),`color_scheme_id` int , PRIMARY KEY (`id`))  
[36;31m[0 rows affected or returned ][0m 

[35m(/home/group/insightBox/server/server.go:43)[0m 
[33m[2020-08-14 09:22:25][0m  [36;1m[22.09ms][0m  CREATE TABLE `days` (`id` varchar(255),`date` DATETIME,`emails` int , PRIMARY KEY (`id`,`date`))  
[36;31m[0 rows affected or returned ][0m 

[35m(/home/group/insightBox/server/server.go:43)[0m 
[33m[2020-08-14 09:22:25][0m  [36;1m[25.91ms][0m  CREATE TABLE `tokens` (`id` varchar(255),`access_token` varchar(255),`token_type` varchar(255),`refresh_token` varchar(255),`expiry` DATETIME NULL , PRIMARY KEY (`id`))  
[36;31m[0 rows affected or returned ][0m 
acarter010204@gmail.com

[35m(/home/group/insightBox/server/internal/users/users.go:69)[0m 
[33m[2020-08-14 09:22:45][0m  [36;1m[2.76ms][0m  INSERT INTO `tokens` (`id`,`access_token`,`token_type`,`refresh_token`,`expiry`) VALUES ('acarter010204@gmail.com','ya29.a0AfH6SMBT0nOV05Pf-mu9RFbKFSluY09hvnWK6Hkvy53I67wY3wTipxyzdRcDUiN2lviY8BbzP5n6AeBkZfwcKYH4zrTTSBW3VF6Mw4i3oX9_SVpRC6F84LO8Ygh_b-I3at1iDD4qbKqvia_gNlsoVsuVSuO_FI2geQ_K','Bearer','','2020-08-14 10:22:43')  
[36;31m[1 rows affected or returned ][0m 

[35m(/home/group/insightBox/server/internal/users/users.go:72)[0m 
[33m[2020-08-14 09:22:45][0m  [36;1m[2.85ms][0m  SELECT * FROM `users`  WHERE (id = 'acarter010204@gmail.com') ORDER BY `users`.`id` ASC LIMIT 1  
[36;31m[0 rows affected or returned ][0m 

[35m(/home/group/insightBox/server/internal/users/users.go:80)[0m 
[33m[2020-08-14 09:22:45][0m  [36;1m[1.70ms][0m  INSERT INTO `users` (`id`,`name`,`color_scheme_id`) VALUES ('acarter010204@gmail.com','TODO',1)  
[36;31m[1 rows affected or returned ][0m 

[35m(/home/group/insightBox/server/internal/processing/dayProcess.go:22)[0m 
[33m[2020-08-14 09:22:45][0m  [36;1m[2.40ms][0m  SELECT * FROM `tokens`  WHERE (id = 'acarter010204@gmail.com') ORDER BY `tokens`.`id` ASC LIMIT 1  
[36;31m[1 rows affected or returned ][0m 

[35m(/home/group/insightBox/server/internal/auth/middleware.go:41)[0m 
[33m[2020-08-14 09:22:46][0m  [36;1m[2.29ms][0m  SELECT * FROM `users`  WHERE (id = 'acarter010204@gmail.com') ORDER BY `users`.`id` ASC LIMIT 1  
[36;31m[1 rows affected or returned ][0m 
0x40000ecc00

[35m(/home/group/insightBox/server/internal/auth/middleware.go:41)[0m 
[33m[2020-08-14 09:22:46][0m  [36;1m[2.51ms][0m  SELECT * FROM `users`  WHERE (id = 'acarter010204@gmail.com') ORDER BY `users`.`id` ASC LIMIT 1  
[36;31m[1 rows affected or returned ][0m 

[35m(/home/group/insightBox/server/graph/schema.resolvers.go:36)[0m 
[33m[2020-08-14 09:22:46][0m  [36;1m[5.19ms][0m  SELECT * FROM `users`  WHERE (id = 'acarter010204@gmail.com') ORDER BY `users`.`id` ASC LIMIT 1  
[36;31m[1 rows affected or returned ][0m 

[35m(/home/group/insightBox/server/graph/schema.resolvers.go:46)[0m 
[33m[2020-08-14 09:22:46][0m  [36;1m[4.32ms][0m  SELECT * FROM `days`  WHERE (id = 'acarter010204@gmail.com' AND date BETWEEN '2014-11-12 11:45:26' AND '2020-12-12 00:00:00')  
[36;31m[0 rows affected or returned ][0m 
B:  0 E:  127 M:  63
email retrieved
target:  1597363199000 current:  1596713377000
B:  0 E:  63 M:  31
email retrieved
target:  1597363199000 current:  1597154176000
B:  0 E:  31 M:  15
email retrieved
target:  1597363199000 current:  1597311585000
B:  0 E:  15 M:  7
email retrieved
target:  1597363199000 current:  1597368821000
B:  7 E:  15 M:  11
email retrieved
target:  1597363199000 current:  1597355682000
B:  7 E:  11 M:  9
email retrieved
target:  1597363199000 current:  1597363299000
B:  9 E:  11 M:  10
email retrieved
target:  1597363199000 current:  1597357641000
B:  9 E:  10 M:  9
email retrieved
target:  1597363199000 current:  1597363299000
found

[35m(/home/group/insightBox/server/internal/auth/middleware.go:41)[0m 
[33m[2020-08-14 09:22:50][0m  [36;1m[2.88ms][0m  SELECT * FROM `users`  WHERE (id = 'acarter010204@gmail.com') ORDER BY `users`.`id` ASC LIMIT 1  
[36;31m[1 rows affected or returned ][0m 
0x40003c8870

[35m(/home/group/insightBox/server/internal/auth/middleware.go:41)[0m 
[33m[2020-08-14 09:22:50][0m  [36;1m[2.94ms][0m  SELECT * FROM `users`  WHERE (id = 'acarter010204@gmail.com') ORDER BY `users`.`id` ASC LIMIT 1  
[36;31m[1 rows affected or returned ][0m 

[35m(/home/group/insightBox/server/graph/schema.resolvers.go:36)[0m 
[33m[2020-08-14 09:22:50][0m  [36;1m[2.63ms][0m  SELECT * FROM `users`  WHERE (id = 'acarter010204@gmail.com') ORDER BY `users`.`id` ASC LIMIT 1  
[36;31m[1 rows affected or returned ][0m 

[35m(/home/group/insightBox/server/graph/schema.resolvers.go:46)[0m 
[33m[2020-08-14 09:22:50][0m  [36;1m[2.82ms][0m  SELECT * FROM `days`  WHERE (id = 'acarter010204@gmail.com' AND date BETWEEN '2014-11-12 11:45:26' AND '2020-12-12 00:00:00')  
[36;31m[0 rows affected or returned ][0m 

[35m(/home/group/insightBox/server/internal/auth/middleware.go:41)[0m 
[33m[2020-08-14 09:22:51][0m  [36;1m[2.67ms][0m  SELECT * FROM `users`  WHERE (id = 'acarter010204@gmail.com') ORDER BY `users`.`id` ASC LIMIT 1  
[36;31m[1 rows affected or returned ][0m 

[35m(/home/group/insightBox/server/internal/auth/middleware.go:41)[0m 
[33m[2020-08-14 09:22:51][0m  [36;1m[2.79ms][0m  SELECT * FROM `users`  WHERE (id = 'acarter010204@gmail.com') ORDER BY `users`.`id` ASC LIMIT 1  
[36;31m[1 rows affected or returned ][0m 
0x400006fdd0

[35m(/home/group/insightBox/server/graph/schema.resolvers.go:46)[0m 
[33m[2020-08-14 09:22:51][0m  [36;1m[2.49ms][0m  SELECT * FROM `days`  WHERE (id = 'acarter010204@gmail.com' AND date BETWEEN '2014-11-12 11:45:26' AND '2020-12-12 00:00:00')  
[36;31m[0 rows affected or returned ][0m 

[35m(/home/group/insightBox/server/graph/schema.resolvers.go:36)[0m 
[33m[2020-08-14 09:22:51][0m  [36;1m[3.36ms][0m  SELECT * FROM `users`  WHERE (id = 'acarter010204@gmail.com') ORDER BY `users`.`id` ASC LIMIT 1  
[36;31m[1 rows affected or returned ][0m 

[35m(/home/group/insightBox/server/internal/auth/middleware.go:41)[0m 
[33m[2020-08-14 09:22:52][0m  [36;1m[2.53ms][0m  SELECT * FROM `users`  WHERE (id = 'acarter010204@gmail.com') ORDER BY `users`.`id` ASC LIMIT 1  
[36;31m[1 rows affected or returned ][0m 
0x4000115770

[35m(/home/group/insightBox/server/internal/auth/middleware.go:41)[0m 
[33m[2020-08-14 09:22:52][0m  [36;1m[2.81ms][0m  SELECT * FROM `users`  WHERE (id = 'acarter010204@gmail.com') ORDER BY `users`.`id` ASC LIMIT 1  
[36;31m[1 rows affected or returned ][0m 

[35m(/home/group/insightBox/server/graph/schema.resolvers.go:36)[0m 
[33m[2020-08-14 09:22:52][0m  [36;1m[2.71ms][0m  SELECT * FROM `users`  WHERE (id = 'acarter010204@gmail.com') ORDER BY `users`.`id` ASC LIMIT 1  
[36;31m[1 rows affected or returned ][0m 

[35m(/home/group/insightBox/server/graph/schema.resolvers.go:46)[0m 
[33m[2020-08-14 09:22:52][0m  [36;1m[2.72ms][0m  SELECT * FROM `days`  WHERE (id = 'acarter010204@gmail.com' AND date BETWEEN '2014-11-12 11:45:26' AND '2020-12-12 00:00:00')  
[36;31m[0 rows affected or returned ][0m 

[35m(/home/group/insightBox/server/internal/auth/middleware.go:41)[0m 
[33m[2020-08-14 09:22:53][0m  [36;1m[2.37ms][0m  SELECT * FROM `users`  WHERE (id = 'acarter010204@gmail.com') ORDER BY `users`.`id` ASC LIMIT 1  
[36;31m[1 rows affected or returned ][0m 

[35m(/home/group/insightBox/server/internal/auth/middleware.go:41)[0m 
[33m[2020-08-14 09:22:53][0m  [36;1m[3.99ms][0m  SELECT * FROM `users`  WHERE (id = 'acarter010204@gmail.com') ORDER BY `users`.`id` ASC LIMIT 1  
[36;31m[1 rows affected or returned ][0m 
0x400032c4e0

[35m(/home/group/insightBox/server/graph/schema.resolvers.go:46)[0m 
[33m[2020-08-14 09:22:53][0m  [36;1m[2.91ms][0m  SELECT * FROM `days`  WHERE (id = 'acarter010204@gmail.com' AND date BETWEEN '2014-11-12 11:45:26' AND '2020-12-12 00:00:00')  
[36;31m[0 rows affected or returned ][0m 

[35m(/home/group/insightBox/server/graph/schema.resolvers.go:36)[0m 
[33m[2020-08-14 09:22:53][0m  [36;1m[2.99ms][0m  SELECT * FROM `users`  WHERE (id = 'acarter010204@gmail.com') ORDER BY `users`.`id` ASC LIMIT 1  
[36;31m[1 rows affected or returned ][0m 

[35m(/home/group/insightBox/server/internal/auth/middleware.go:41)[0m 
[33m[2020-08-14 09:22:54][0m  [36;1m[2.58ms][0m  SELECT * FROM `users`  WHERE (id = 'acarter010204@gmail.com') ORDER BY `users`.`id` ASC LIMIT 1  
[36;31m[1 rows affected or returned ][0m 
0x400006e540

[35m(/home/group/insightBox/server/internal/auth/middleware.go:41)[0m 
[33m[2020-08-14 09:22:54][0m  [36;1m[2.76ms][0m  SELECT * FROM `users`  WHERE (id = 'acarter010204@gmail.com') ORDER BY `users`.`id` ASC LIMIT 1  
[36;31m[1 rows affected or returned ][0m 

[35m(/home/group/insightBox/server/graph/schema.resolvers.go:36)[0m 
[33m[2020-08-14 09:22:54][0m  [36;1m[2.74ms][0m  SELECT * FROM `users`  WHERE (id = 'acarter010204@gmail.com') ORDER BY `users`.`id` ASC LIMIT 1  
[36;31m[1 rows affected or returned ][0m 

[35m(/home/group/insightBox/server/graph/schema.resolvers.go:46)[0m 
[33m[2020-08-14 09:22:54][0m  [36;1m[2.72ms][0m  SELECT * FROM `days`  WHERE (id = 'acarter010204@gmail.com' AND date BETWEEN '2014-11-12 11:45:26' AND '2020-12-12 00:00:00')  
[36;31m[0 rows affected or returned ][0m 

[35m(/home/group/insightBox/server/internal/processing/dayProcess.go:226)[0m 
[33m[2020-08-14 09:22:55][0m  [36;1m[1.83ms][0m  UPDATE `days` SET `emails` = 13  WHERE `days`.`id` = 'acarter010204@gmail.com' AND `days`.`date` = '2020-08-13 00:00:00'  
[36;31m[0 rows affected or returned ][0m 

[35m(/home/group/insightBox/server/internal/processing/dayProcess.go:226)[0m 
[33m[2020-08-14 09:22:55][0m  [36;1m[2.09ms][0m  SELECT * FROM `days`  WHERE `days`.`id` = 'acarter010204@gmail.com' AND `days`.`date` = '2020-08-13 00:00:00' ORDER BY `days`.`id` ASC LIMIT 1  
[36;31m[0 rows affected or returned ][0m 

[35m(/home/group/insightBox/server/internal/processing/dayProcess.go:226)[0m 
[33m[2020-08-14 09:22:55][0m  [36;1m[1.71ms][0m  INSERT INTO `days` (`id`,`date`,`emails`) VALUES ('acarter010204@gmail.com','2020-08-13 00:00:00',13)  
[36;31m[1 rows affected or returned ][0m 

[35m(/home/group/insightBox/server/internal/processing/dayProcess.go:226)[0m 
[33m[2020-08-14 09:22:58][0m  [36;1m[1.74ms][0m  UPDATE `days` SET `emails` = 7  WHERE `days`.`id` = 'acarter010204@gmail.com' AND `days`.`date` = '2020-08-12 00:00:00'  
[36;31m[0 rows affected or returned ][0m 

[35m(/home/group/insightBox/server/internal/processing/dayProcess.go:226)[0m 
[33m[2020-08-14 09:22:58][0m  [36;1m[2.09ms][0m  SELECT * FROM `days`  WHERE `days`.`id` = 'acarter010204@gmail.com' AND `days`.`date` = '2020-08-12 00:00:00' ORDER BY `days`.`id` ASC LIMIT 1  
[36;31m[0 rows affected or returned ][0m 

[35m(/home/group/insightBox/server/internal/processing/dayProcess.go:226)[0m 
[33m[2020-08-14 09:22:58][0m  [36;1m[1.78ms][0m  INSERT INTO `days` (`id`,`date`,`emails`) VALUES ('acarter010204@gmail.com','2020-08-12 00:00:00',7)  
[36;31m[1 rows affected or returned ][0m 

[35m(/home/group/insightBox/server/internal/processing/dayProcess.go:226)[0m 
[33m[2020-08-14 09:23:01][0m  [36;1m[1.74ms][0m  UPDATE `days` SET `emails` = 6  WHERE `days`.`id` = 'acarter010204@gmail.com' AND `days`.`date` = '2020-08-11 00:00:00'  
[36;31m[0 rows affected or returned ][0m 

[35m(/home/group/insightBox/server/internal/processing/dayProcess.go:226)[0m 
[33m[2020-08-14 09:23:01][0m  [36;1m[2.09ms][0m  SELECT * FROM `days`  WHERE `days`.`id` = 'acarter010204@gmail.com' AND `days`.`date` = '2020-08-11 00:00:00' ORDER BY `days`.`id` ASC LIMIT 1  
[36;31m[0 rows affected or returned ][0m 

[35m(/home/group/insightBox/server/internal/processing/dayProcess.go:226)[0m 
[33m[2020-08-14 09:23:01][0m  [36;1m[1.65ms][0m  INSERT INTO `days` (`id`,`date`,`emails`) VALUES ('acarter010204@gmail.com','2020-08-11 00:00:00',6)  
[36;31m[1 rows affected or returned ][0m 

[35m(/home/group/insightBox/server/internal/processing/dayProcess.go:226)[0m 
[33m[2020-08-14 09:23:06][0m  [36;1m[1.74ms][0m  UPDATE `days` SET `emails` = 12  WHERE `days`.`id` = 'acarter010204@gmail.com' AND `days`.`date` = '2020-08-10 00:00:00'  
[36;31m[0 rows affected or returned ][0m 

[35m(/home/group/insightBox/server/internal/processing/dayProcess.go:226)[0m 
[33m[2020-08-14 09:23:06][0m  [36;1m[2.12ms][0m  SELECT * FROM `days`  WHERE `days`.`id` = 'acarter010204@gmail.com' AND `days`.`date` = '2020-08-10 00:00:00' ORDER BY `days`.`id` ASC LIMIT 1  
[36;31m[0 rows affected or returned ][0m 

[35m(/home/group/insightBox/server/internal/processing/dayProcess.go:226)[0m 
[33m[2020-08-14 09:23:06][0m  [36;1m[1.70ms][0m  INSERT INTO `days` (`id`,`date`,`emails`) VALUES ('acarter010204@gmail.com','2020-08-10 00:00:00',12)  
[36;31m[1 rows affected or returned ][0m 

[35m(/home/group/insightBox/server/internal/processing/dayProcess.go:226)[0m 
[33m[2020-08-14 09:23:08][0m  [36;1m[1.74ms][0m  UPDATE `days` SET `emails` = 4  WHERE `days`.`id` = 'acarter010204@gmail.com' AND `days`.`date` = '2020-08-09 00:00:00'  
[36;31m[0 rows affected or returned ][0m 

[35m(/home/group/insightBox/server/internal/processing/dayProcess.go:226)[0m 
[33m[2020-08-14 09:23:08][0m  [36;1m[2.17ms][0m  SELECT * FROM `days`  WHERE `days`.`id` = 'acarter010204@gmail.com' AND `days`.`date` = '2020-08-09 00:00:00' ORDER BY `days`.`id` ASC LIMIT 1  
[36;31m[0 rows affected or returned ][0m 

[35m(/home/group/insightBox/server/internal/processing/dayProcess.go:226)[0m 
[33m[2020-08-14 09:23:08][0m  [36;1m[1.65ms][0m  INSERT INTO `days` (`id`,`date`,`emails`) VALUES ('acarter010204@gmail.com','2020-08-09 00:00:00',4)  
[36;31m[1 rows affected or returned ][0m 

[35m(/home/group/insightBox/server/internal/processing/dayProcess.go:226)[0m 
[33m[2020-08-14 09:23:09][0m  [36;1m[1.79ms][0m  UPDATE `days` SET `emails` = 1  WHERE `days`.`id` = 'acarter010204@gmail.com' AND `days`.`date` = '2020-08-08 00:00:00'  
[36;31m[0 rows affected or returned ][0m 

[35m(/home/group/insightBox/server/internal/processing/dayProcess.go:226)[0m 
[33m[2020-08-14 09:23:09][0m  [36;1m[2.06ms][0m  SELECT * FROM `days`  WHERE `days`.`id` = 'acarter010204@gmail.com' AND `days`.`date` = '2020-08-08 00:00:00' ORDER BY `days`.`id` ASC LIMIT 1  
[36;31m[0 rows affected or returned ][0m 

[35m(/home/group/insightBox/server/internal/processing/dayProcess.go:226)[0m 
[33m[2020-08-14 09:23:09][0m  [36;1m[1.72ms][0m  INSERT INTO `days` (`id`,`date`,`emails`) VALUES ('acarter010204@gmail.com','2020-08-08 00:00:00',1)  
[36;31m[1 rows affected or returned ][0m 

[35m(/home/group/insightBox/server/internal/processing/dayProcess.go:226)[0m 
[33m[2020-08-14 09:23:11][0m  [36;1m[1.78ms][0m  UPDATE `days` SET `emails` = 5  WHERE `days`.`id` = 'acarter010204@gmail.com' AND `days`.`date` = '2020-08-07 00:00:00'  
[36;31m[0 rows affected or returned ][0m 

[35m(/home/group/insightBox/server/internal/processing/dayProcess.go:226)[0m 
[33m[2020-08-14 09:23:11][0m  [36;1m[2.13ms][0m  SELECT * FROM `days`  WHERE `days`.`id` = 'acarter010204@gmail.com' AND `days`.`date` = '2020-08-07 00:00:00' ORDER BY `days`.`id` ASC LIMIT 1  
[36;31m[0 rows affected or returned ][0m 

[35m(/home/group/insightBox/server/internal/processing/dayProcess.go:226)[0m 
[33m[2020-08-14 09:23:11][0m  [36;1m[1.64ms][0m  INSERT INTO `days` (`id`,`date`,`emails`) VALUES ('acarter010204@gmail.com','2020-08-07 00:00:00',5)  
[36;31m[1 rows affected or returned ][0m 

[35m(/home/group/insightBox/server/internal/auth/middleware.go:41)[0m 
[33m[2020-08-14 09:23:12][0m  [36;1m[2.62ms][0m  SELECT * FROM `users`  WHERE (id = 'acarter010204@gmail.com') ORDER BY `users`.`id` ASC LIMIT 1  
[36;31m[1 rows affected or returned ][0m 
0x4000115530

[35m(/home/group/insightBox/server/graph/schema.resolvers.go:36)[0m 
[33m[2020-08-14 09:23:12][0m  [36;1m[2.63ms][0m  SELECT * FROM `users`  WHERE (id = 'acarter010204@gmail.com') ORDER BY `users`.`id` ASC LIMIT 1  
[36;31m[1 rows affected or returned ][0m 

[35m(/home/group/insightBox/server/internal/auth/middleware.go:41)[0m 
[33m[2020-08-14 09:23:12][0m  [36;1m[5.97ms][0m  SELECT * FROM `users`  WHERE (id = 'acarter010204@gmail.com') ORDER BY `users`.`id` ASC LIMIT 1  
[36;31m[1 rows affected or returned ][0m 

[35m(/home/group/insightBox/server/graph/schema.resolvers.go:46)[0m 
[33m[2020-08-14 09:23:12][0m  [36;1m[2.96ms][0m  SELECT * FROM `days`  WHERE (id = 'acarter010204@gmail.com' AND date BETWEEN '2014-11-12 11:45:26' AND '2020-12-12 00:00:00')  
[36;31m[7 rows affected or returned ][0m 
theaquaticpolarbear@gmail.com

[35m(/home/group/insightBox/server/internal/users/users.go:69)[0m 
[33m[2020-08-14 09:23:21][0m  [36;1m[1.83ms][0m  INSERT INTO `tokens` (`id`,`access_token`,`token_type`,`refresh_token`,`expiry`) VALUES ('theaquaticpolarbear@gmail.com','ya29.a0AfH6SMBeQNvwAgQmsJfxwe6-nNrEuT_kbKuTXz0824ab37-HQKPl8cPfmiis9NrW4U-vtjnYAbM2TiUdN7cbhjFSo-ltsjQfI9InjMhNiX1oLOIRV-gGJZupGo0ZwMxGhMIhHl8ndGCTw4hAuFO13NHWJhNXi8f_Zezs','Bearer','','2020-08-14 10:23:20')  
[36;31m[1 rows affected or returned ][0m 

[35m(/home/group/insightBox/server/internal/users/users.go:72)[0m 
[33m[2020-08-14 09:23:21][0m  [36;1m[2.07ms][0m  SELECT * FROM `users`  WHERE (id = 'theaquaticpolarbear@gmail.com') ORDER BY `users`.`id` ASC LIMIT 1  
[36;31m[0 rows affected or returned ][0m 

[35m(/home/group/insightBox/server/internal/users/users.go:80)[0m 
[33m[2020-08-14 09:23:21][0m  [36;1m[1.91ms][0m  INSERT INTO `users` (`id`,`name`,`color_scheme_id`) VALUES ('theaquaticpolarbear@gmail.com','TODO',1)  
[36;31m[1 rows affected or returned ][0m 

[35m(/home/group/insightBox/server/internal/processing/dayProcess.go:22)[0m 
[33m[2020-08-14 09:23:21][0m  [36;1m[3.59ms][0m  SELECT * FROM `tokens`  WHERE (id = 'theaquaticpolarbear@gmail.com') ORDER BY `tokens`.`id` ASC LIMIT 1  
[36;31m[1 rows affected or returned ][0m 
B:  0 E:  127 M:  63
email retrieved
target:  1597363199000 current:  1590553334000
B:  0 E:  63 M:  31
email retrieved
target:  1597363199000 current:  1595305358000
B:  0 E:  31 M:  15
email retrieved
target:  1597363199000 current:  1596712719000
B:  0 E:  15 M:  7
email retrieved
target:  1597363199000 current:  1597203230000
B:  0 E:  7 M:  3
email retrieved
target:  1597363199000 current:  1597307259000
B:  0 E:  3 M:  1
email retrieved
target:  1597363199000 current:  1597311618000
B:  0 E:  1 M:  0

[35m(/home/group/insightBox/server/internal/auth/middleware.go:41)[0m 
[33m[2020-08-14 09:23:25][0m  [36;1m[2.36ms][0m  SELECT * FROM `users`  WHERE (id = 'theaquaticpolarbear@gmail.com') ORDER BY `users`.`id` ASC LIMIT 1  
[36;31m[1 rows affected or returned ][0m 
0x400006ed50

[35m(/home/group/insightBox/server/internal/auth/middleware.go:41)[0m 
[33m[2020-08-14 09:23:25][0m  [36;1m[2.99ms][0m  SELECT * FROM `users`  WHERE (id = 'theaquaticpolarbear@gmail.com') ORDER BY `users`.`id` ASC LIMIT 1  
[36;31m[1 rows affected or returned ][0m 

[35m(/home/group/insightBox/server/graph/schema.resolvers.go:36)[0m 
[33m[2020-08-14 09:23:25][0m  [36;1m[3.38ms][0m  SELECT * FROM `users`  WHERE (id = 'theaquaticpolarbear@gmail.com') ORDER BY `users`.`id` ASC LIMIT 1  
[36;31m[1 rows affected or returned ][0m 

[35m(/home/group/insightBox/server/graph/schema.resolvers.go:46)[0m 
[33m[2020-08-14 09:23:25][0m  [36;1m[3.41ms][0m  SELECT * FROM `days`  WHERE (id = 'theaquaticpolarbear@gmail.com' AND date BETWEEN '2014-11-12 11:45:26' AND '2020-12-12 00:00:00')  
[36;31m[0 rows affected or returned ][0m 
email retrieved
target:  1597363199000 current:  1597377894000
found

[35m(/home/group/insightBox/server/internal/auth/middleware.go:41)[0m 
[33m[2020-08-14 09:23:27][0m  [36;1m[2.39ms][0m  SELECT * FROM `users`  WHERE (id = 'theaquaticpolarbear@gmail.com') ORDER BY `users`.`id` ASC LIMIT 1  
[36;31m[1 rows affected or returned ][0m 

[35m(/home/group/insightBox/server/internal/auth/middleware.go:41)[0m 
[33m[2020-08-14 09:23:27][0m  [36;1m[4.07ms][0m  SELECT * FROM `users`  WHERE (id = 'theaquaticpolarbear@gmail.com') ORDER BY `users`.`id` ASC LIMIT 1  
[36;31m[1 rows affected or returned ][0m 
0x4000372480

[35m(/home/group/insightBox/server/graph/schema.resolvers.go:46)[0m 
[33m[2020-08-14 09:23:27][0m  [36;1m[2.63ms][0m  SELECT * FROM `days`  WHERE (id = 'theaquaticpolarbear@gmail.com' AND date BETWEEN '2014-11-12 11:45:26' AND '2020-12-12 00:00:00')  
[36;31m[0 rows affected or returned ][0m 

[35m(/home/group/insightBox/server/graph/schema.resolvers.go:36)[0m 
[33m[2020-08-14 09:23:27][0m  [36;1m[2.66ms][0m  SELECT * FROM `users`  WHERE (id = 'theaquaticpolarbear@gmail.com') ORDER BY `users`.`id` ASC LIMIT 1  
[36;31m[1 rows affected or returned ][0m 

[35m(/home/group/insightBox/server/internal/auth/middleware.go:41)[0m 
[33m[2020-08-14 09:23:27][0m  [36;1m[2.57ms][0m  SELECT * FROM `users`  WHERE (id = 'theaquaticpolarbear@gmail.com') ORDER BY `users`.`id` ASC LIMIT 1  
[36;31m[1 rows affected or returned ][0m 

[35m(/home/group/insightBox/server/internal/auth/middleware.go:41)[0m 
[33m[2020-08-14 09:23:27][0m  [36;1m[2.57ms][0m  SELECT * FROM `users`  WHERE (id = 'theaquaticpolarbear@gmail.com') ORDER BY `users`.`id` ASC LIMIT 1  
[36;31m[1 rows affected or returned ][0m 
0x4000115590

[35m(/home/group/insightBox/server/graph/schema.resolvers.go:36)[0m 
[33m[2020-08-14 09:23:27][0m  [36;1m[2.62ms][0m  SELECT * FROM `users`  WHERE (id = 'theaquaticpolarbear@gmail.com') ORDER BY `users`.`id` ASC LIMIT 1  
[36;31m[1 rows affected or returned ][0m 

[35m(/home/group/insightBox/server/graph/schema.resolvers.go:46)[0m 
[33m[2020-08-14 09:23:27][0m  [36;1m[2.48ms][0m  SELECT * FROM `days`  WHERE (id = 'theaquaticpolarbear@gmail.com' AND date BETWEEN '2014-11-12 11:45:26' AND '2020-12-12 00:00:00')  
[36;31m[0 rows affected or returned ][0m 

[35m(/home/group/insightBox/server/internal/processing/dayProcess.go:226)[0m 
[33m[2020-08-14 09:23:27][0m  [36;1m[1.75ms][0m  UPDATE `days` SET `emails` = 5  WHERE `days`.`id` = 'theaquaticpolarbear@gmail.com' AND `days`.`date` = '2020-08-13 00:00:00'  
[36;31m[0 rows affected or returned ][0m 

[35m(/home/group/insightBox/server/internal/processing/dayProcess.go:226)[0m 
[33m[2020-08-14 09:23:27][0m  [36;1m[2.16ms][0m  SELECT * FROM `days`  WHERE `days`.`id` = 'theaquaticpolarbear@gmail.com' AND `days`.`date` = '2020-08-13 00:00:00' ORDER BY `days`.`id` ASC LIMIT 1  
[36;31m[0 rows affected or returned ][0m 

[35m(/home/group/insightBox/server/internal/processing/dayProcess.go:226)[0m 
[33m[2020-08-14 09:23:27][0m  [36;1m[1.66ms][0m  INSERT INTO `days` (`id`,`date`,`emails`) VALUES ('theaquaticpolarbear@gmail.com','2020-08-13 00:00:00',5)  
[36;31m[1 rows affected or returned ][0m 

[35m(/home/group/insightBox/server/internal/auth/middleware.go:41)[0m 
[33m[2020-08-14 09:23:28][0m  [36;1m[2.51ms][0m  SELECT * FROM `users`  WHERE (id = 'theaquaticpolarbear@gmail.com') ORDER BY `users`.`id` ASC LIMIT 1  
[36;31m[1 rows affected or returned ][0m 
0x40001a8120

[35m(/home/group/insightBox/server/internal/auth/middleware.go:41)[0m 
[33m[2020-08-14 09:23:28][0m  [36;1m[3.10ms][0m  SELECT * FROM `users`  WHERE (id = 'theaquaticpolarbear@gmail.com') ORDER BY `users`.`id` ASC LIMIT 1  
[36;31m[1 rows affected or returned ][0m 

[35m(/home/group/insightBox/server/graph/schema.resolvers.go:36)[0m 
[33m[2020-08-14 09:23:28][0m  [36;1m[2.49ms][0m  SELECT * FROM `users`  WHERE (id = 'theaquaticpolarbear@gmail.com') ORDER BY `users`.`id` ASC LIMIT 1  
[36;31m[1 rows affected or returned ][0m 

[35m(/home/group/insightBox/server/graph/schema.resolvers.go:46)[0m 
[33m[2020-08-14 09:23:28][0m  [36;1m[2.90ms][0m  SELECT * FROM `days`  WHERE (id = 'theaquaticpolarbear@gmail.com' AND date BETWEEN '2014-11-12 11:45:26' AND '2020-12-12 00:00:00')  
[36;31m[1 rows affected or returned ][0m 

[35m(/home/group/insightBox/server/internal/processing/dayProcess.go:226)[0m 
[33m[2020-08-14 09:23:29][0m  [36;1m[1.84ms][0m  UPDATE `days` SET `emails` = 3  WHERE `days`.`id` = 'theaquaticpolarbear@gmail.com' AND `days`.`date` = '2020-08-12 00:00:00'  
[36;31m[0 rows affected or returned ][0m 

[35m(/home/group/insightBox/server/internal/processing/dayProcess.go:226)[0m 
[33m[2020-08-14 09:23:29][0m  [36;1m[2.04ms][0m  SELECT * FROM `days`  WHERE `days`.`id` = 'theaquaticpolarbear@gmail.com' AND `days`.`date` = '2020-08-12 00:00:00' ORDER BY `days`.`id` ASC LIMIT 1  
[36;31m[0 rows affected or returned ][0m 

[35m(/home/group/insightBox/server/internal/processing/dayProcess.go:226)[0m 
[33m[2020-08-14 09:23:29][0m  [36;1m[1.87ms][0m  INSERT INTO `days` (`id`,`date`,`emails`) VALUES ('theaquaticpolarbear@gmail.com','2020-08-12 00:00:00',3)  
[36;31m[1 rows affected or returned ][0m 

[35m(/home/group/insightBox/server/internal/auth/middleware.go:41)[0m 
[33m[2020-08-14 09:23:29][0m  [36;1m[2.54ms][0m  SELECT * FROM `users`  WHERE (id = 'theaquaticpolarbear@gmail.com') ORDER BY `users`.`id` ASC LIMIT 1  
[36;31m[1 rows affected or returned ][0m 
0x40000edd10

[35m(/home/group/insightBox/server/internal/auth/middleware.go:41)[0m 
[33m[2020-08-14 09:23:29][0m  [36;1m[2.83ms][0m  SELECT * FROM `users`  WHERE (id = 'theaquaticpolarbear@gmail.com') ORDER BY `users`.`id` ASC LIMIT 1  
[36;31m[1 rows affected or returned ][0m 

[35m(/home/group/insightBox/server/graph/schema.resolvers.go:36)[0m 
[33m[2020-08-14 09:23:29][0m  [36;1m[2.38ms][0m  SELECT * FROM `users`  WHERE (id = 'theaquaticpolarbear@gmail.com') ORDER BY `users`.`id` ASC LIMIT 1  
[36;31m[1 rows affected or returned ][0m 

[35m(/home/group/insightBox/server/graph/schema.resolvers.go:46)[0m 
[33m[2020-08-14 09:23:29][0m  [36;1m[3.55ms][0m  SELECT * FROM `days`  WHERE (id = 'theaquaticpolarbear@gmail.com' AND date BETWEEN '2014-11-12 11:45:26' AND '2020-12-12 00:00:00')  
[36;31m[2 rows affected or returned ][0m 

[35m(/home/group/insightBox/server/internal/processing/dayProcess.go:226)[0m 
[33m[2020-08-14 09:23:29][0m  [36;1m[1.77ms][0m  UPDATE `days` SET `emails` = 0  WHERE `days`.`id` = 'theaquaticpolarbear@gmail.com' AND `days`.`date` = '2020-08-11 00:00:00'  
[36;31m[0 rows affected or returned ][0m 

[35m(/home/group/insightBox/server/internal/processing/dayProcess.go:226)[0m 
[33m[2020-08-14 09:23:29][0m  [36;1m[2.18ms][0m  SELECT * FROM `days`  WHERE `days`.`id` = 'theaquaticpolarbear@gmail.com' AND `days`.`date` = '2020-08-11 00:00:00' ORDER BY `days`.`id` ASC LIMIT 1  
[36;31m[0 rows affected or returned ][0m 

[35m(/home/group/insightBox/server/internal/processing/dayProcess.go:226)[0m 
[33m[2020-08-14 09:23:29][0m  [36;1m[1.70ms][0m  INSERT INTO `days` (`id`,`date`,`emails`) VALUES ('theaquaticpolarbear@gmail.com','2020-08-11 00:00:00',0)  
[36;31m[1 rows affected or returned ][0m 

[35m(/home/group/insightBox/server/internal/auth/middleware.go:41)[0m 
[33m[2020-08-14 09:23:30][0m  [36;1m[2.56ms][0m  SELECT * FROM `users`  WHERE (id = 'theaquaticpolarbear@gmail.com') ORDER BY `users`.`id` ASC LIMIT 1  
[36;31m[1 rows affected or returned ][0m 

[35m(/home/group/insightBox/server/internal/auth/middleware.go:41)[0m 
[33m[2020-08-14 09:23:30][0m  [36;1m[2.56ms][0m  SELECT * FROM `users`  WHERE (id = 'theaquaticpolarbear@gmail.com') ORDER BY `users`.`id` ASC LIMIT 1  
[36;31m[1 rows affected or returned ][0m 
0x400006fa10

[35m(/home/group/insightBox/server/graph/schema.resolvers.go:36)[0m 
[33m[2020-08-14 09:23:30][0m  [36;1m[2.31ms][0m  SELECT * FROM `users`  WHERE (id = 'theaquaticpolarbear@gmail.com') ORDER BY `users`.`id` ASC LIMIT 1  
[36;31m[1 rows affected or returned ][0m 

[35m(/home/group/insightBox/server/graph/schema.resolvers.go:46)[0m 
[33m[2020-08-14 09:23:30][0m  [36;1m[3.57ms][0m  SELECT * FROM `days`  WHERE (id = 'theaquaticpolarbear@gmail.com' AND date BETWEEN '2014-11-12 11:45:26' AND '2020-12-12 00:00:00')  
[36;31m[3 rows affected or returned ][0m 

[35m(/home/group/insightBox/server/internal/processing/dayProcess.go:226)[0m 
[33m[2020-08-14 09:23:31][0m  [36;1m[1.73ms][0m  UPDATE `days` SET `emails` = 3  WHERE `days`.`id` = 'theaquaticpolarbear@gmail.com' AND `days`.`date` = '2020-08-10 00:00:00'  
[36;31m[0 rows affected or returned ][0m 

[35m(/home/group/insightBox/server/internal/processing/dayProcess.go:226)[0m 
[33m[2020-08-14 09:23:31][0m  [36;1m[2.16ms][0m  SELECT * FROM `days`  WHERE `days`.`id` = 'theaquaticpolarbear@gmail.com' AND `days`.`date` = '2020-08-10 00:00:00' ORDER BY `days`.`id` ASC LIMIT 1  
[36;31m[0 rows affected or returned ][0m 

[35m(/home/group/insightBox/server/internal/processing/dayProcess.go:226)[0m 
[33m[2020-08-14 09:23:31][0m  [36;1m[1.64ms][0m  INSERT INTO `days` (`id`,`date`,`emails`) VALUES ('theaquaticpolarbear@gmail.com','2020-08-10 00:00:00',3)  
[36;31m[1 rows affected or returned ][0m 

[35m(/home/group/insightBox/server/internal/processing/dayProcess.go:226)[0m 
[33m[2020-08-14 09:23:31][0m  [36;1m[1.97ms][0m  UPDATE `days` SET `emails` = 1  WHERE `days`.`id` = 'theaquaticpolarbear@gmail.com' AND `days`.`date` = '2020-08-09 00:00:00'  
[36;31m[0 rows affected or returned ][0m 

[35m(/home/group/insightBox/server/internal/processing/dayProcess.go:226)[0m 
[33m[2020-08-14 09:23:31][0m  [36;1m[2.74ms][0m  SELECT * FROM `days`  WHERE `days`.`id` = 'theaquaticpolarbear@gmail.com' AND `days`.`date` = '2020-08-09 00:00:00' ORDER BY `days`.`id` ASC LIMIT 1  
[36;31m[0 rows affected or returned ][0m 

[35m(/home/group/insightBox/server/internal/processing/dayProcess.go:226)[0m 
[33m[2020-08-14 09:23:31][0m  [36;1m[2.09ms][0m  INSERT INTO `days` (`id`,`date`,`emails`) VALUES ('theaquaticpolarbear@gmail.com','2020-08-09 00:00:00',1)  
[36;31m[1 rows affected or returned ][0m 

[35m(/home/group/insightBox/server/internal/auth/middleware.go:41)[0m 
[33m[2020-08-14 09:23:31][0m  [36;1m[2.53ms][0m  SELECT * FROM `users`  WHERE (id = 'theaquaticpolarbear@gmail.com') ORDER BY `users`.`id` ASC LIMIT 1  
[36;31m[1 rows affected or returned ][0m 

[35m(/home/group/insightBox/server/internal/auth/middleware.go:41)[0m 
[33m[2020-08-14 09:23:31][0m  [36;1m[2.53ms][0m  SELECT * FROM `users`  WHERE (id = 'theaquaticpolarbear@gmail.com') ORDER BY `users`.`id` ASC LIMIT 1  
[36;31m[1 rows affected or returned ][0m 
0x4000372180

[35m(/home/group/insightBox/server/graph/schema.resolvers.go:36)[0m 
[33m[2020-08-14 09:23:31][0m  [36;1m[2.63ms][0m  SELECT * FROM `users`  WHERE (id = 'theaquaticpolarbear@gmail.com') ORDER BY `users`.`id` ASC LIMIT 1  
[36;31m[1 rows affected or returned ][0m 

[35m(/home/group/insightBox/server/graph/schema.resolvers.go:46)[0m 
[33m[2020-08-14 09:23:31][0m  [36;1m[3.02ms][0m  SELECT * FROM `days`  WHERE (id = 'theaquaticpolarbear@gmail.com' AND date BETWEEN '2014-11-12 11:45:26' AND '2020-12-12 00:00:00')  
[36;31m[5 rows affected or returned ][0m 

[35m(/home/group/insightBox/server/internal/processing/dayProcess.go:226)[0m 
[33m[2020-08-14 09:23:32][0m  [36;1m[1.81ms][0m  UPDATE `days` SET `emails` = 0  WHERE `days`.`id` = 'theaquaticpolarbear@gmail.com' AND `days`.`date` = '2020-08-08 00:00:00'  
[36;31m[0 rows affected or returned ][0m 

[35m(/home/group/insightBox/server/internal/processing/dayProcess.go:226)[0m 
[33m[2020-08-14 09:23:32][0m  [36;1m[2.18ms][0m  SELECT * FROM `days`  WHERE `days`.`id` = 'theaquaticpolarbear@gmail.com' AND `days`.`date` = '2020-08-08 00:00:00' ORDER BY `days`.`id` ASC LIMIT 1  
[36;31m[0 rows affected or returned ][0m 

[35m(/home/group/insightBox/server/internal/processing/dayProcess.go:226)[0m 
[33m[2020-08-14 09:23:32][0m  [36;1m[1.67ms][0m  INSERT INTO `days` (`id`,`date`,`emails`) VALUES ('theaquaticpolarbear@gmail.com','2020-08-08 00:00:00',0)  
[36;31m[1 rows affected or returned ][0m 

[35m(/home/group/insightBox/server/internal/auth/middleware.go:41)[0m 
[33m[2020-08-14 09:23:32][0m  [36;1m[2.61ms][0m  SELECT * FROM `users`  WHERE (id = 'theaquaticpolarbear@gmail.com') ORDER BY `users`.`id` ASC LIMIT 1  
[36;31m[1 rows affected or returned ][0m 

[35m(/home/group/insightBox/server/internal/auth/middleware.go:41)[0m 
[33m[2020-08-14 09:23:32][0m  [36;1m[2.59ms][0m  SELECT * FROM `users`  WHERE (id = 'theaquaticpolarbear@gmail.com') ORDER BY `users`.`id` ASC LIMIT 1  
[36;31m[1 rows affected or returned ][0m 
0x40001a84b0

[35m(/home/group/insightBox/server/graph/schema.resolvers.go:36)[0m 
[33m[2020-08-14 09:23:32][0m  [36;1m[2.29ms][0m  SELECT * FROM `users`  WHERE (id = 'theaquaticpolarbear@gmail.com') ORDER BY `users`.`id` ASC LIMIT 1  
[36;31m[1 rows affected or returned ][0m 

[35m(/home/group/insightBox/server/graph/schema.resolvers.go:46)[0m 
[33m[2020-08-14 09:23:32][0m  [36;1m[3.62ms][0m  SELECT * FROM `days`  WHERE (id = 'theaquaticpolarbear@gmail.com' AND date BETWEEN '2014-11-12 11:45:26' AND '2020-12-12 00:00:00')  
[36;31m[6 rows affected or returned ][0m 

[35m(/home/group/insightBox/server/internal/auth/middleware.go:41)[0m 
[33m[2020-08-14 09:23:33][0m  [36;1m[2.84ms][0m  SELECT * FROM `users`  WHERE (id = 'theaquaticpolarbear@gmail.com') ORDER BY `users`.`id` ASC LIMIT 1  
[36;31m[1 rows affected or returned ][0m 
0x4000335320

[35m(/home/group/insightBox/server/internal/auth/middleware.go:41)[0m 
[33m[2020-08-14 09:23:33][0m  [36;1m[3.05ms][0m  SELECT * FROM `users`  WHERE (id = 'theaquaticpolarbear@gmail.com') ORDER BY `users`.`id` ASC LIMIT 1  
[36;31m[1 rows affected or returned ][0m 

[35m(/home/group/insightBox/server/graph/schema.resolvers.go:36)[0m 
[33m[2020-08-14 09:23:33][0m  [36;1m[2.57ms][0m  SELECT * FROM `users`  WHERE (id = 'theaquaticpolarbear@gmail.com') ORDER BY `users`.`id` ASC LIMIT 1  
[36;31m[1 rows affected or returned ][0m 

[35m(/home/group/insightBox/server/graph/schema.resolvers.go:46)[0m 
[33m[2020-08-14 09:23:33][0m  [36;1m[3.82ms][0m  SELECT * FROM `days`  WHERE (id = 'theaquaticpolarbear@gmail.com' AND date BETWEEN '2014-11-12 11:45:26' AND '2020-12-12 00:00:00')  
[36;31m[6 rows affected or returned ][0m 

[35m(/home/group/insightBox/server/internal/processing/dayProcess.go:226)[0m 
[33m[2020-08-14 09:23:33][0m  [36;1m[1.83ms][0m  UPDATE `days` SET `emails` = 2  WHERE `days`.`id` = 'theaquaticpolarbear@gmail.com' AND `days`.`date` = '2020-08-07 00:00:00'  
[36;31m[0 rows affected or returned ][0m 

[35m(/home/group/insightBox/server/internal/processing/dayProcess.go:226)[0m 
[33m[2020-08-14 09:23:33][0m  [36;1m[2.09ms][0m  SELECT * FROM `days`  WHERE `days`.`id` = 'theaquaticpolarbear@gmail.com' AND `days`.`date` = '2020-08-07 00:00:00' ORDER BY `days`.`id` ASC LIMIT 1  
[36;31m[0 rows affected or returned ][0m 

[35m(/home/group/insightBox/server/internal/processing/dayProcess.go:226)[0m 
[33m[2020-08-14 09:23:33][0m  [36;1m[1.71ms][0m  INSERT INTO `days` (`id`,`date`,`emails`) VALUES ('theaquaticpolarbear@gmail.com','2020-08-07 00:00:00',2)  
[36;31m[1 rows affected or returned ][0m 

[35m(/home/group/insightBox/server/internal/auth/middleware.go:41)[0m 
[33m[2020-08-14 09:23:33][0m  [36;1m[2.69ms][0m  SELECT * FROM `users`  WHERE (id = 'theaquaticpolarbear@gmail.com') ORDER BY `users`.`id` ASC LIMIT 1  
[36;31m[1 rows affected or returned ][0m 
0x400032e6f0

[35m(/home/group/insightBox/server/internal/auth/middleware.go:41)[0m 
[33m[2020-08-14 09:23:33][0m  [36;1m[2.94ms][0m  SELECT * FROM `users`  WHERE (id = 'theaquaticpolarbear@gmail.com') ORDER BY `users`.`id` ASC LIMIT 1  
[36;31m[1 rows affected or returned ][0m 

[35m(/home/group/insightBox/server/graph/schema.resolvers.go:36)[0m 
[33m[2020-08-14 09:23:33][0m  [36;1m[2.41ms][0m  SELECT * FROM `users`  WHERE (id = 'theaquaticpolarbear@gmail.com') ORDER BY `users`.`id` ASC LIMIT 1  
[36;31m[1 rows affected or returned ][0m 

[35m(/home/group/insightBox/server/graph/schema.resolvers.go:46)[0m 
[33m[2020-08-14 09:23:33][0m  [36;1m[3.19ms][0m  SELECT * FROM `days`  WHERE (id = 'theaquaticpolarbear@gmail.com' AND date BETWEEN '2014-11-12 11:45:26' AND '2020-12-12 00:00:00')  
[36;31m[7 rows affected or returned ][0m 

[35m(/home/group/insightBox/server/internal/auth/middleware.go:41)[0m 
[33m[2020-08-14 09:23:36][0m  [36;1m[4.86ms][0m  SELECT * FROM `users`  WHERE (id = 'theaquaticpolarbear@gmail.com') ORDER BY `users`.`id` ASC LIMIT 1  
[36;31m[1 rows affected or returned ][0m 

[35m(/home/group/insightBox/server/internal/auth/middleware.go:41)[0m 
[33m[2020-08-14 09:23:36][0m  [36;1m[4.21ms][0m  SELECT * FROM `users`  WHERE (id = 'theaquaticpolarbear@gmail.com') ORDER BY `users`.`id` ASC LIMIT 1  
[36;31m[1 rows affected or returned ][0m 
0x4000514e70

[35m(/home/group/insightBox/server/graph/schema.resolvers.go:36)[0m 
[33m[2020-08-14 09:23:36][0m  [36;1m[2.79ms][0m  SELECT * FROM `users`  WHERE (id = 'theaquaticpolarbear@gmail.com') ORDER BY `users`.`id` ASC LIMIT 1  
[36;31m[1 rows affected or returned ][0m 

[35m(/home/group/insightBox/server/graph/schema.resolvers.go:46)[0m 
[33m[2020-08-14 09:23:36][0m  [36;1m[3.94ms][0m  SELECT * FROM `days`  WHERE (id = 'theaquaticpolarbear@gmail.com' AND date BETWEEN '2014-11-12 11:45:26' AND '2020-12-12 00:00:00')  
[36;31m[7 rows affected or returned ][0m 

[35m(/home/group/insightBox/server/internal/auth/middleware.go:41)[0m 
[33m[2020-08-14 09:23:36][0m  [36;1m[2.41ms][0m  SELECT * FROM `users`  WHERE (id = 'theaquaticpolarbear@gmail.com') ORDER BY `users`.`id` ASC LIMIT 1  
[36;31m[1 rows affected or returned ][0m 

[35m(/home/group/insightBox/server/internal/auth/middleware.go:41)[0m 
[33m[2020-08-14 09:23:36][0m  [36;1m[3.22ms][0m  SELECT * FROM `users`  WHERE (id = 'theaquaticpolarbear@gmail.com') ORDER BY `users`.`id` ASC LIMIT 1  
[36;31m[1 rows affected or returned ][0m 
0x40005155f0

[35m(/home/group/insightBox/server/graph/schema.resolvers.go:36)[0m 
[33m[2020-08-14 09:23:36][0m  [36;1m[2.30ms][0m  SELECT * FROM `users`  WHERE (id = 'theaquaticpolarbear@gmail.com') ORDER BY `users`.`id` ASC LIMIT 1  
[36;31m[1 rows affected or returned ][0m 

[35m(/home/group/insightBox/server/graph/schema.resolvers.go:46)[0m 
[33m[2020-08-14 09:23:36][0m  [36;1m[3.00ms][0m  SELECT * FROM `days`  WHERE (id = 'theaquaticpolarbear@gmail.com' AND date BETWEEN '2014-11-12 11:45:26' AND '2020-12-12 00:00:00')  
[36;31m[7 rows affected or returned ][0m 
acarter010204@gmail.com

[35m(/home/group/insightBox/server/internal/users/users.go:69)[0m 
[33m[2020-08-14 09:23:42][0m [31;1m Error 1062: Duplicate entry 'acarter010204@gmail.com' for key 'PRIMARY' [0m

[35m(/home/group/insightBox/server/internal/users/users.go:69)[0m 
[33m[2020-08-14 09:23:42][0m  [36;1m[2.56ms][0m  INSERT INTO `tokens` (`id`,`access_token`,`token_type`,`refresh_token`,`expiry`) VALUES ('acarter010204@gmail.com','ya29.a0AfH6SMD_M1LH5i1bWI25HVvqDXgvoqMBzYx8Qi99fef1CEJM3e8hdsQPif-sKOaoNwsQ_prFjBLkjuK8_wvpcN3_7Lda3ILGDA_IEnlqTmtn_bz8Djyxy7CkYbI0Bo7bUuFM4laDfIA3-1LTIFt9KuAVpVaG4Ph7JIsc','Bearer','','2020-08-14 10:23:41')  
[36;31m[0 rows affected or returned ][0m 

[35m(/home/group/insightBox/server/internal/users/users.go:72)[0m 
[33m[2020-08-14 09:23:42][0m  [36;1m[2.27ms][0m  SELECT * FROM `users`  WHERE (id = 'acarter010204@gmail.com') ORDER BY `users`.`id` ASC LIMIT 1  
[36;31m[1 rows affected or returned ][0m 

[35m(/home/group/insightBox/server/internal/processing/dayProcess.go:22)[0m 
[33m[2020-08-14 09:23:42][0m  [36;1m[2.39ms][0m  SELECT * FROM `tokens`  WHERE (id = 'acarter010204@gmail.com') ORDER BY `tokens`.`id` ASC LIMIT 1  
[36;31m[1 rows affected or returned ][0m 
B:  0 E:  127 M:  63
email retrieved
target:  1597363199000 current:  1596713377000
B:  0 E:  63 M:  31
email retrieved
target:  1597363199000 current:  1597154176000
B:  0 E:  31 M:  15
email retrieved
target:  1597363199000 current:  1597311585000
B:  0 E:  15 M:  7
email retrieved
target:  1597363199000 current:  1597368821000
B:  7 E:  15 M:  11
email retrieved
target:  1597363199000 current:  1597355682000
B:  7 E:  11 M:  9
email retrieved
target:  1597363199000 current:  1597363299000
B:  9 E:  11 M:  10
email retrieved
target:  1597363199000 current:  1597357641000
B:  9 E:  10 M:  9
email retrieved
target:  1597363199000 current:  1597363299000
found

[35m(/home/group/insightBox/server/internal/auth/middleware.go:41)[0m 
[33m[2020-08-14 09:23:47][0m  [36;1m[2.61ms][0m  SELECT * FROM `users`  WHERE (id = 'acarter010204@gmail.com') ORDER BY `users`.`id` ASC LIMIT 1  
[36;31m[1 rows affected or returned ][0m 
0x400006f200

[35m(/home/group/insightBox/server/internal/auth/middleware.go:41)[0m 
[33m[2020-08-14 09:23:47][0m  [36;1m[2.79ms][0m  SELECT * FROM `users`  WHERE (id = 'acarter010204@gmail.com') ORDER BY `users`.`id` ASC LIMIT 1  
[36;31m[1 rows affected or returned ][0m 

[35m(/home/group/insightBox/server/graph/schema.resolvers.go:36)[0m 
[33m[2020-08-14 09:23:47][0m  [36;1m[2.48ms][0m  SELECT * FROM `users`  WHERE (id = 'acarter010204@gmail.com') ORDER BY `users`.`id` ASC LIMIT 1  
[36;31m[1 rows affected or returned ][0m 

[35m(/home/group/insightBox/server/graph/schema.resolvers.go:46)[0m 
[33m[2020-08-14 09:23:47][0m  [36;1m[3.24ms][0m  SELECT * FROM `days`  WHERE (id = 'acarter010204@gmail.com' AND date BETWEEN '2014-11-12 11:45:26' AND '2020-12-12 00:00:00')  
[36;31m[7 rows affected or returned ][0m 

[35m(/home/group/insightBox/server/internal/auth/middleware.go:41)[0m 
[33m[2020-08-14 09:23:48][0m  [36;1m[2.57ms][0m  SELECT * FROM `users`  WHERE (id = 'acarter010204@gmail.com') ORDER BY `users`.`id` ASC LIMIT 1  
[36;31m[1 rows affected or returned ][0m 
0x400020bbf0

[35m(/home/group/insightBox/server/internal/auth/middleware.go:41)[0m 
[33m[2020-08-14 09:23:48][0m  [36;1m[2.74ms][0m  SELECT * FROM `users`  WHERE (id = 'acarter010204@gmail.com') ORDER BY `users`.`id` ASC LIMIT 1  
[36;31m[1 rows affected or returned ][0m 

[35m(/home/group/insightBox/server/graph/schema.resolvers.go:36)[0m 
[33m[2020-08-14 09:23:48][0m  [36;1m[2.58ms][0m  SELECT * FROM `users`  WHERE (id = 'acarter010204@gmail.com') ORDER BY `users`.`id` ASC LIMIT 1  
[36;31m[1 rows affected or returned ][0m 

[35m(/home/group/insightBox/server/graph/schema.resolvers.go:46)[0m 
[33m[2020-08-14 09:23:48][0m  [36;1m[3.31ms][0m  SELECT * FROM `days`  WHERE (id = 'acarter010204@gmail.com' AND date BETWEEN '2014-11-12 11:45:26' AND '2020-12-12 00:00:00')  
[36;31m[7 rows affected or returned ][0m 

[35m(/home/group/insightBox/server/internal/auth/middleware.go:41)[0m 
[33m[2020-08-14 09:23:48][0m  [36;1m[2.78ms][0m  SELECT * FROM `users`  WHERE (id = 'acarter010204@gmail.com') ORDER BY `users`.`id` ASC LIMIT 1  
[36;31m[1 rows affected or returned ][0m 
0x4000320870

[35m(/home/group/insightBox/server/internal/auth/middleware.go:41)[0m 
[33m[2020-08-14 09:23:48][0m  [36;1m[2.88ms][0m  SELECT * FROM `users`  WHERE (id = 'acarter010204@gmail.com') ORDER BY `users`.`id` ASC LIMIT 1  
[36;31m[1 rows affected or returned ][0m 

[35m(/home/group/insightBox/server/graph/schema.resolvers.go:36)[0m 
[33m[2020-08-14 09:23:48][0m  [36;1m[2.92ms][0m  SELECT * FROM `users`  WHERE (id = 'acarter010204@gmail.com') ORDER BY `users`.`id` ASC LIMIT 1  
[36;31m[1 rows affected or returned ][0m 

[35m(/home/group/insightBox/server/graph/schema.resolvers.go:46)[0m 
[33m[2020-08-14 09:23:48][0m  [36;1m[3.38ms][0m  SELECT * FROM `days`  WHERE (id = 'acarter010204@gmail.com' AND date BETWEEN '2014-11-12 11:45:26' AND '2020-12-12 00:00:00')  
[36;31m[7 rows affected or returned ][0m 

[35m(/home/group/insightBox/server/internal/auth/middleware.go:41)[0m 
[33m[2020-08-14 09:23:49][0m  [36;1m[2.72ms][0m  SELECT * FROM `users`  WHERE (id = 'acarter010204@gmail.com') ORDER BY `users`.`id` ASC LIMIT 1  
[36;31m[1 rows affected or returned ][0m 
0x4000115b90

[35m(/home/group/insightBox/server/internal/auth/middleware.go:41)[0m 
[33m[2020-08-14 09:23:49][0m  [36;1m[2.80ms][0m  SELECT * FROM `users`  WHERE (id = 'acarter010204@gmail.com') ORDER BY `users`.`id` ASC LIMIT 1  
[36;31m[1 rows affected or returned ][0m 

[35m(/home/group/insightBox/server/graph/schema.resolvers.go:36)[0m 
[33m[2020-08-14 09:23:49][0m  [36;1m[2.54ms][0m  SELECT * FROM `users`  WHERE (id = 'acarter010204@gmail.com') ORDER BY `users`.`id` ASC LIMIT 1  
[36;31m[1 rows affected or returned ][0m 

[35m(/home/group/insightBox/server/graph/schema.resolvers.go:46)[0m 
[33m[2020-08-14 09:23:49][0m  [36;1m[3.29ms][0m  SELECT * FROM `days`  WHERE (id = 'acarter010204@gmail.com' AND date BETWEEN '2014-11-12 11:45:26' AND '2020-12-12 00:00:00')  
[36;31m[7 rows affected or returned ][0m 

[35m(/home/group/insightBox/server/internal/auth/middleware.go:41)[0m 
[33m[2020-08-14 09:23:49][0m  [36;1m[2.56ms][0m  SELECT * FROM `users`  WHERE (id = 'acarter010204@gmail.com') ORDER BY `users`.`id` ASC LIMIT 1  
[36;31m[1 rows affected or returned ][0m 

[35m(/home/group/insightBox/server/internal/auth/middleware.go:41)[0m 
[33m[2020-08-14 09:23:49][0m  [36;1m[2.58ms][0m  SELECT * FROM `users`  WHERE (id = 'acarter010204@gmail.com') ORDER BY `users`.`id` ASC LIMIT 1  
[36;31m[1 rows affected or returned ][0m 
0x4000321dd0

[35m(/home/group/insightBox/server/graph/schema.resolvers.go:36)[0m 
[33m[2020-08-14 09:23:49][0m  [36;1m[2.37ms][0m  SELECT * FROM `users`  WHERE (id = 'acarter010204@gmail.com') ORDER BY `users`.`id` ASC LIMIT 1  
[36;31m[1 rows affected or returned ][0m 

[35m(/home/group/insightBox/server/graph/schema.resolvers.go:46)[0m 
[33m[2020-08-14 09:23:49][0m  [36;1m[3.72ms][0m  SELECT * FROM `days`  WHERE (id = 'acarter010204@gmail.com' AND date BETWEEN '2014-11-12 11:45:26' AND '2020-12-12 00:00:00')  
[36;31m[7 rows affected or returned ][0m 

[35m(/home/group/insightBox/server/internal/auth/middleware.go:41)[0m 
[33m[2020-08-14 09:23:50][0m  [36;1m[2.34ms][0m  SELECT * FROM `users`  WHERE (id = 'acarter010204@gmail.com') ORDER BY `users`.`id` ASC LIMIT 1  
[36;31m[1 rows affected or returned ][0m 

[35m(/home/group/insightBox/server/internal/auth/middleware.go:41)[0m 
[33m[2020-08-14 09:23:50][0m  [36;1m[4.05ms][0m  SELECT * FROM `users`  WHERE (id = 'acarter010204@gmail.com') ORDER BY `users`.`id` ASC LIMIT 1  
[36;31m[1 rows affected or returned ][0m 
0x40002dec90

[35m(/home/group/insightBox/server/graph/schema.resolvers.go:46)[0m 
[33m[2020-08-14 09:23:50][0m  [36;1m[3.33ms][0m  SELECT * FROM `days`  WHERE (id = 'acarter010204@gmail.com' AND date BETWEEN '2014-11-12 11:45:26' AND '2020-12-12 00:00:00')  
[36;31m[7 rows affected or returned ][0m 

[35m(/home/group/insightBox/server/graph/schema.resolvers.go:36)[0m 
[33m[2020-08-14 09:23:50][0m  [36;1m[3.14ms][0m  SELECT * FROM `users`  WHERE (id = 'acarter010204@gmail.com') ORDER BY `users`.`id` ASC LIMIT 1  
[36;31m[1 rows affected or returned ][0m 

[35m(/home/group/insightBox/server/internal/auth/middleware.go:41)[0m 
[33m[2020-08-14 09:23:50][0m  [36;1m[3.11ms][0m  SELECT * FROM `users`  WHERE (id = 'acarter010204@gmail.com') ORDER BY `users`.`id` ASC LIMIT 1  
[36;31m[1 rows affected or returned ][0m 
0x40003a43c0

[35m(/home/group/insightBox/server/internal/auth/middleware.go:41)[0m 
[33m[2020-08-14 09:23:50][0m  [36;1m[3.26ms][0m  SELECT * FROM `users`  WHERE (id = 'acarter010204@gmail.com') ORDER BY `users`.`id` ASC LIMIT 1  
[36;31m[1 rows affected or returned ][0m 

[35m(/home/group/insightBox/server/graph/schema.resolvers.go:36)[0m 
[33m[2020-08-14 09:23:50][0m  [36;1m[2.65ms][0m  SELECT * FROM `users`  WHERE (id = 'acarter010204@gmail.com') ORDER BY `users`.`id` ASC LIMIT 1  
[36;31m[1 rows affected or returned ][0m 

[35m(/home/group/insightBox/server/graph/schema.resolvers.go:46)[0m 
[33m[2020-08-14 09:23:50][0m  [36;1m[3.32ms][0m  SELECT * FROM `days`  WHERE (id = 'acarter010204@gmail.com' AND date BETWEEN '2014-11-12 11:45:26' AND '2020-12-12 00:00:00')  
[36;31m[7 rows affected or returned ][0m 

[35m(/home/group/insightBox/server/internal/auth/middleware.go:41)[0m 
[33m[2020-08-14 09:23:51][0m  [36;1m[2.72ms][0m  SELECT * FROM `users`  WHERE (id = 'acarter010204@gmail.com') ORDER BY `users`.`id` ASC LIMIT 1  
[36;31m[1 rows affected or returned ][0m 
0x400006f380

[35m(/home/group/insightBox/server/internal/auth/middleware.go:41)[0m 
[33m[2020-08-14 09:23:51][0m  [36;1m[2.81ms][0m  SELECT * FROM `users`  WHERE (id = 'acarter010204@gmail.com') ORDER BY `users`.`id` ASC LIMIT 1  
[36;31m[1 rows affected or returned ][0m 

[35m(/home/group/insightBox/server/graph/schema.resolvers.go:36)[0m 
[33m[2020-08-14 09:23:51][0m  [36;1m[2.65ms][0m  SELECT * FROM `users`  WHERE (id = 'acarter010204@gmail.com') ORDER BY `users`.`id` ASC LIMIT 1  
[36;31m[1 rows affected or returned ][0m 

[35m(/home/group/insightBox/server/graph/schema.resolvers.go:46)[0m 
[33m[2020-08-14 09:23:51][0m  [36;1m[3.05ms][0m  SELECT * FROM `days`  WHERE (id = 'acarter010204@gmail.com' AND date BETWEEN '2014-11-12 11:45:26' AND '2020-12-12 00:00:00')  
[36;31m[7 rows affected or returned ][0m 

[35m(/home/group/insightBox/server/internal/processing/dayProcess.go:226)[0m 
[33m[2020-08-14 09:23:51][0m  [36;1m[1.82ms][0m  UPDATE `days` SET `emails` = 13  WHERE `days`.`id` = 'acarter010204@gmail.com' AND `days`.`date` = '2020-08-13 00:00:00'  
[36;31m[0 rows affected or returned ][0m 

[35m(/home/group/insightBox/server/internal/processing/dayProcess.go:226)[0m 
[33m[2020-08-14 09:23:51][0m  [36;1m[2.81ms][0m  SELECT * FROM `days`  WHERE `days`.`id` = 'acarter010204@gmail.com' AND `days`.`date` = '2020-08-13 00:00:00' ORDER BY `days`.`id` ASC LIMIT 1  
[36;31m[1 rows affected or returned ][0m 

[35m(/home/group/insightBox/server/internal/auth/middleware.go:41)[0m 
[33m[2020-08-14 09:23:51][0m  [36;1m[2.57ms][0m  SELECT * FROM `users`  WHERE (id = 'acarter010204@gmail.com') ORDER BY `users`.`id` ASC LIMIT 1  
[36;31m[1 rows affected or returned ][0m 
0x4000115740

[35m(/home/group/insightBox/server/internal/auth/middleware.go:41)[0m 
[33m[2020-08-14 09:23:51][0m  [36;1m[2.73ms][0m  SELECT * FROM `users`  WHERE (id = 'acarter010204@gmail.com') ORDER BY `users`.`id` ASC LIMIT 1  
[36;31m[1 rows affected or returned ][0m 

[35m(/home/group/insightBox/server/graph/schema.resolvers.go:46)[0m 
[33m[2020-08-14 09:23:51][0m  [36;1m[2.86ms][0m  SELECT * FROM `days`  WHERE (id = 'acarter010204@gmail.com' AND date BETWEEN '2014-11-12 11:45:26' AND '2020-12-12 00:00:00')  
[36;31m[7 rows affected or returned ][0m 

[35m(/home/group/insightBox/server/graph/schema.resolvers.go:36)[0m 
[33m[2020-08-14 09:23:51][0m  [36;1m[4.70ms][0m  SELECT * FROM `users`  WHERE (id = 'acarter010204@gmail.com') ORDER BY `users`.`id` ASC LIMIT 1  
[36;31m[1 rows affected or returned ][0m 

[35m(/home/group/insightBox/server/internal/auth/middleware.go:41)[0m 
[33m[2020-08-14 09:23:52][0m  [36;1m[2.67ms][0m  SELECT * FROM `users`  WHERE (id = 'acarter010204@gmail.com') ORDER BY `users`.`id` ASC LIMIT 1  
[36;31m[1 rows affected or returned ][0m 
0x4000372d50

[35m(/home/group/insightBox/server/internal/auth/middleware.go:41)[0m 
[33m[2020-08-14 09:23:52][0m  [36;1m[2.79ms][0m  SELECT * FROM `users`  WHERE (id = 'acarter010204@gmail.com') ORDER BY `users`.`id` ASC LIMIT 1  
[36;31m[1 rows affected or returned ][0m 

[35m(/home/group/insightBox/server/graph/schema.resolvers.go:36)[0m 
[33m[2020-08-14 09:23:52][0m  [36;1m[2.51ms][0m  SELECT * FROM `users`  WHERE (id = 'acarter010204@gmail.com') ORDER BY `users`.`id` ASC LIMIT 1  
[36;31m[1 rows affected or returned ][0m 

[35m(/home/group/insightBox/server/graph/schema.resolvers.go:46)[0m 
[33m[2020-08-14 09:23:52][0m  [36;1m[3.16ms][0m  SELECT * FROM `days`  WHERE (id = 'acarter010204@gmail.com' AND date BETWEEN '2014-11-12 11:45:26' AND '2020-12-12 00:00:00')  
[36;31m[7 rows affected or returned ][0m 

[35m(/home/group/insightBox/server/internal/processing/dayProcess.go:226)[0m 
[33m[2020-08-14 09:23:54][0m  [36;1m[1.82ms][0m  UPDATE `days` SET `emails` = 7  WHERE `days`.`id` = 'acarter010204@gmail.com' AND `days`.`date` = '2020-08-12 00:00:00'  
[36;31m[0 rows affected or returned ][0m 

[35m(/home/group/insightBox/server/internal/processing/dayProcess.go:226)[0m 
[33m[2020-08-14 09:23:54][0m  [36;1m[2.28ms][0m  SELECT * FROM `days`  WHERE `days`.`id` = 'acarter010204@gmail.com' AND `days`.`date` = '2020-08-12 00:00:00' ORDER BY `days`.`id` ASC LIMIT 1  
[36;31m[1 rows affected or returned ][0m 
Go to the following link in your browser then type the authorization code: 
https://accounts.google.com/o/oauth2/auth?access_type=online&client_id=558989367504-nnoc8a4ebb4irht1pmffpccv20g10eim.apps.googleusercontent.com&redirect_uri=http%3A%2F%2Finsightbox.xyz%3A8000%2Fsignin&response_type=code&scope=https%3A%2F%2Fwww.googleapis.com%2Fauth%2Fgmail.readonly&state=state-token
ff255master@gmail.com

[35m(/home/group/insightBox/server/internal/users/users.go:69)[0m 
[33m[2020-08-14 09:24:17][0m  [36;1m[1.81ms][0m  INSERT INTO `tokens` (`id`,`access_token`,`token_type`,`refresh_token`,`expiry`) VALUES ('ff255master@gmail.com','ya29.a0AfH6SMB_UsYGB_7GMvzK0uTurbEmatgpDUBa0pj62lSREc-fu5Fnr5Ue92cZhGHVNL2o6Z9Qf9LrGWGMrXbBoc2DB0zUPeN6WzpO9Rm8S_p_Rf75Yp_zLfb8ge04muMWtqlmoUzONabuTx3BkZZROT5FSCEPpKhhwY1v','Bearer','','2020-08-14 10:24:13')  
[36;31m[1 rows affected or returned ][0m 

[35m(/home/group/insightBox/server/internal/users/users.go:72)[0m 
[33m[2020-08-14 09:24:17][0m  [36;1m[2.09ms][0m  SELECT * FROM `users`  WHERE (id = 'ff255master@gmail.com') ORDER BY `users`.`id` ASC LIMIT 1  
[36;31m[0 rows affected or returned ][0m 

[35m(/home/group/insightBox/server/internal/users/users.go:80)[0m 
[33m[2020-08-14 09:24:17][0m  [36;1m[1.74ms][0m  INSERT INTO `users` (`id`,`name`,`color_scheme_id`) VALUES ('ff255master@gmail.com','TODO',1)  
[36;31m[1 rows affected or returned ][0m 

[35m(/home/group/insightBox/server/internal/processing/dayProcess.go:22)[0m 
[33m[2020-08-14 09:24:17][0m  [36;1m[2.49ms][0m  SELECT * FROM `tokens`  WHERE (id = 'ff255master@gmail.com') ORDER BY `tokens`.`id` ASC LIMIT 1  
[36;31m[1 rows affected or returned ][0m 

[35m(/home/group/insightBox/server/internal/auth/middleware.go:41)[0m 
[33m[2020-08-14 09:24:17][0m  [36;1m[2.30ms][0m  SELECT * FROM `users`  WHERE (id = 'ff255master@gmail.com') ORDER BY `users`.`id` ASC LIMIT 1  
[36;31m[1 rows affected or returned ][0m 
0x40003ac270

[35m(/home/group/insightBox/server/graph/schema.resolvers.go:36)[0m 
[33m[2020-08-14 09:24:17][0m  [36;1m[2.14ms][0m  SELECT * FROM `users`  WHERE (id = 'ff255master@gmail.com') ORDER BY `users`.`id` ASC LIMIT 1  
[36;31m[1 rows affected or returned ][0m 

[35m(/home/group/insightBox/server/internal/auth/middleware.go:41)[0m 
[33m[2020-08-14 09:24:17][0m  [36;1m[2.17ms][0m  SELECT * FROM `users`  WHERE (id = 'ff255master@gmail.com') ORDER BY `users`.`id` ASC LIMIT 1  
[36;31m[1 rows affected or returned ][0m 

[35m(/home/group/insightBox/server/graph/schema.resolvers.go:46)[0m 
[33m[2020-08-14 09:24:17][0m  [36;1m[2.31ms][0m  SELECT * FROM `days`  WHERE (id = 'ff255master@gmail.com' AND date BETWEEN '2014-11-12 11:45:26' AND '2020-12-12 00:00:00')  
[36;31m[0 rows affected or returned ][0m 

[35m(/home/group/insightBox/server/internal/processing/dayProcess.go:226)[0m 
[33m[2020-08-14 09:24:19][0m  [36;1m[1.79ms][0m  UPDATE `days` SET `emails` = 2  WHERE `days`.`id` = 'ff255master@gmail.com' AND `days`.`date` = '2020-08-13 00:00:00'  
[36;31m[0 rows affected or returned ][0m 

[35m(/home/group/insightBox/server/internal/processing/dayProcess.go:226)[0m 
[33m[2020-08-14 09:24:19][0m  [36;1m[2.06ms][0m  SELECT * FROM `days`  WHERE `days`.`id` = 'ff255master@gmail.com' AND `days`.`date` = '2020-08-13 00:00:00' ORDER BY `days`.`id` ASC LIMIT 1  
[36;31m[0 rows affected or returned ][0m 

[35m(/home/group/insightBox/server/internal/processing/dayProcess.go:226)[0m 
[33m[2020-08-14 09:24:19][0m  [36;1m[1.75ms][0m  INSERT INTO `days` (`id`,`date`,`emails`) VALUES ('ff255master@gmail.com','2020-08-13 00:00:00',2)  
[36;31m[1 rows affected or returned ][0m 

[35m(/home/group/insightBox/server/internal/processing/dayProcess.go:226)[0m 
[33m[2020-08-14 09:24:19][0m  [36;1m[1.79ms][0m  UPDATE `days` SET `emails` = 0  WHERE `days`.`id` = 'ff255master@gmail.com' AND `days`.`date` = '2020-08-12 00:00:00'  
[36;31m[0 rows affected or returned ][0m 

[35m(/home/group/insightBox/server/internal/processing/dayProcess.go:226)[0m 
[33m[2020-08-14 09:24:19][0m  [36;1m[2.04ms][0m  SELECT * FROM `days`  WHERE `days`.`id` = 'ff255master@gmail.com' AND `days`.`date` = '2020-08-12 00:00:00' ORDER BY `days`.`id` ASC LIMIT 1  
[36;31m[0 rows affected or returned ][0m 

[35m(/home/group/insightBox/server/internal/processing/dayProcess.go:226)[0m 
[33m[2020-08-14 09:24:19][0m  [36;1m[1.67ms][0m  INSERT INTO `days` (`id`,`date`,`emails`) VALUES ('ff255master@gmail.com','2020-08-12 00:00:00',0)  
[36;31m[1 rows affected or returned ][0m 

[35m(/home/group/insightBox/server/internal/processing/dayProcess.go:226)[0m 
[33m[2020-08-14 09:24:20][0m  [36;1m[1.72ms][0m  UPDATE `days` SET `emails` = 1  WHERE `days`.`id` = 'ff255master@gmail.com' AND `days`.`date` = '2020-08-11 00:00:00'  
[36;31m[0 rows affected or returned ][0m 

[35m(/home/group/insightBox/server/internal/processing/dayProcess.go:226)[0m 
[33m[2020-08-14 09:24:20][0m  [36;1m[2.06ms][0m  SELECT * FROM `days`  WHERE `days`.`id` = 'ff255master@gmail.com' AND `days`.`date` = '2020-08-11 00:00:00' ORDER BY `days`.`id` ASC LIMIT 1  
[36;31m[0 rows affected or returned ][0m 

[35m(/home/group/insightBox/server/internal/processing/dayProcess.go:226)[0m 
[33m[2020-08-14 09:24:20][0m  [36;1m[2.00ms][0m  INSERT INTO `days` (`id`,`date`,`emails`) VALUES ('ff255master@gmail.com','2020-08-11 00:00:00',1)  
[36;31m[1 rows affected or returned ][0m 

[35m(/home/group/insightBox/server/internal/processing/dayProcess.go:226)[0m 
[33m[2020-08-14 09:24:21][0m  [36;1m[2.05ms][0m  UPDATE `days` SET `emails` = 0  WHERE `days`.`id` = 'ff255master@gmail.com' AND `days`.`date` = '2020-08-10 00:00:00'  
[36;31m[0 rows affected or returned ][0m 

[35m(/home/group/insightBox/server/internal/processing/dayProcess.go:226)[0m 
[33m[2020-08-14 09:24:21][0m  [36;1m[2.04ms][0m  SELECT * FROM `days`  WHERE `days`.`id` = 'ff255master@gmail.com' AND `days`.`date` = '2020-08-10 00:00:00' ORDER BY `days`.`id` ASC LIMIT 1  
[36;31m[0 rows affected or returned ][0m 

[35m(/home/group/insightBox/server/internal/processing/dayProcess.go:226)[0m 
[33m[2020-08-14 09:24:21][0m  [36;1m[1.66ms][0m  INSERT INTO `days` (`id`,`date`,`emails`) VALUES ('ff255master@gmail.com','2020-08-10 00:00:00',0)  
[36;31m[1 rows affected or returned ][0m 

[35m(/home/group/insightBox/server/internal/processing/dayProcess.go:226)[0m 
[33m[2020-08-14 09:24:22][0m  [36;1m[1.73ms][0m  UPDATE `days` SET `emails` = 1  WHERE `days`.`id` = 'ff255master@gmail.com' AND `days`.`date` = '2020-08-09 00:00:00'  
[36;31m[0 rows affected or returned ][0m 

[35m(/home/group/insightBox/server/internal/processing/dayProcess.go:226)[0m 
[33m[2020-08-14 09:24:22][0m  [36;1m[2.11ms][0m  SELECT * FROM `days`  WHERE `days`.`id` = 'ff255master@gmail.com' AND `days`.`date` = '2020-08-09 00:00:00' ORDER BY `days`.`id` ASC LIMIT 1  
[36;31m[0 rows affected or returned ][0m 

[35m(/home/group/insightBox/server/internal/processing/dayProcess.go:226)[0m 
[33m[2020-08-14 09:24:22][0m  [36;1m[1.71ms][0m  INSERT INTO `days` (`id`,`date`,`emails`) VALUES ('ff255master@gmail.com','2020-08-09 00:00:00',1)  
[36;31m[1 rows affected or returned ][0m 

[35m(/home/group/insightBox/server/internal/auth/middleware.go:41)[0m 
[33m[2020-08-14 09:24:22][0m  [36;1m[2.81ms][0m  SELECT * FROM `users`  WHERE (id = 'ff255master@gmail.com') ORDER BY `users`.`id` ASC LIMIT 1  
[36;31m[1 rows affected or returned ][0m 
0x4000073e30

[35m(/home/group/insightBox/server/internal/auth/middleware.go:41)[0m 
[33m[2020-08-14 09:24:22][0m  [36;1m[4.79ms][0m  SELECT * FROM `users`  WHERE (id = 'ff255master@gmail.com') ORDER BY `users`.`id` ASC LIMIT 1  
[36;31m[1 rows affected or returned ][0m 

[35m(/home/group/insightBox/server/graph/schema.resolvers.go:36)[0m 
[33m[2020-08-14 09:24:22][0m  [36;1m[4.61ms][0m  SELECT * FROM `users`  WHERE (id = 'ff255master@gmail.com') ORDER BY `users`.`id` ASC LIMIT 1  
[36;31m[1 rows affected or returned ][0m 

[35m(/home/group/insightBox/server/graph/schema.resolvers.go:46)[0m 
[33m[2020-08-14 09:24:22][0m  [36;1m[3.43ms][0m  SELECT * FROM `days`  WHERE (id = 'ff255master@gmail.com' AND date BETWEEN '2014-11-12 11:45:26' AND '2020-12-12 00:00:00')  
[36;31m[5 rows affected or returned ][0m 

[35m(/home/group/insightBox/server/internal/processing/dayProcess.go:226)[0m 
[33m[2020-08-14 09:24:22][0m  [36;1m[1.76ms][0m  UPDATE `days` SET `emails` = 0  WHERE `days`.`id` = 'ff255master@gmail.com' AND `days`.`date` = '2020-08-08 00:00:00'  
[36;31m[0 rows affected or returned ][0m 

[35m(/home/group/insightBox/server/internal/processing/dayProcess.go:226)[0m 
[33m[2020-08-14 09:24:22][0m  [36;1m[2.16ms][0m  SELECT * FROM `days`  WHERE `days`.`id` = 'ff255master@gmail.com' AND `days`.`date` = '2020-08-08 00:00:00' ORDER BY `days`.`id` ASC LIMIT 1  
[36;31m[0 rows affected or returned ][0m 

[35m(/home/group/insightBox/server/internal/processing/dayProcess.go:226)[0m 
[33m[2020-08-14 09:24:22][0m  [36;1m[1.66ms][0m  INSERT INTO `days` (`id`,`date`,`emails`) VALUES ('ff255master@gmail.com','2020-08-08 00:00:00',0)  
[36;31m[1 rows affected or returned ][0m 

[35m(/home/group/insightBox/server/internal/processing/dayProcess.go:226)[0m 
[33m[2020-08-14 09:24:24][0m  [36;1m[1.74ms][0m  UPDATE `days` SET `emails` = 2  WHERE `days`.`id` = 'ff255master@gmail.com' AND `days`.`date` = '2020-08-07 00:00:00'  
[36;31m[0 rows affected or returned ][0m 

[35m(/home/group/insightBox/server/internal/processing/dayProcess.go:226)[0m 
[33m[2020-08-14 09:24:24][0m  [36;1m[2.11ms][0m  SELECT * FROM `days`  WHERE `days`.`id` = 'ff255master@gmail.com' AND `days`.`date` = '2020-08-07 00:00:00' ORDER BY `days`.`id` ASC LIMIT 1  
[36;31m[0 rows affected or returned ][0m 

[35m(/home/group/insightBox/server/internal/processing/dayProcess.go:226)[0m 
[33m[2020-08-14 09:24:24][0m  [36;1m[1.65ms][0m  INSERT INTO `days` (`id`,`date`,`emails`) VALUES ('ff255master@gmail.com','2020-08-07 00:00:00',2)  
[36;31m[1 rows affected or returned ][0m 

[35m(/home/group/insightBox/server/internal/auth/middleware.go:41)[0m 
[33m[2020-08-14 09:24:28][0m  [36;1m[2.33ms][0m  SELECT * FROM `users`  WHERE (id = 'ff255master@gmail.com') ORDER BY `users`.`id` ASC LIMIT 1  
[36;31m[1 rows affected or returned ][0m 

[35m(/home/group/insightBox/server/internal/auth/middleware.go:41)[0m 
[33m[2020-08-14 09:24:28][0m  [36;1m[3.97ms][0m  SELECT * FROM `users`  WHERE (id = 'ff255master@gmail.com') ORDER BY `users`.`id` ASC LIMIT 1  
[36;31m[1 rows affected or returned ][0m 
0x40003b8630

[35m(/home/group/insightBox/server/graph/schema.resolvers.go:46)[0m 
[33m[2020-08-14 09:24:28][0m  [36;1m[3.50ms][0m  SELECT * FROM `days`  WHERE (id = 'ff255master@gmail.com' AND date BETWEEN '2014-11-12 11:45:26' AND '2020-12-12 00:00:00')  
[36;31m[7 rows affected or returned ][0m 

[35m(/home/group/insightBox/server/graph/schema.resolvers.go:36)[0m 
[33m[2020-08-14 09:24:28][0m  [36;1m[3.54ms][0m  SELECT * FROM `users`  WHERE (id = 'ff255master@gmail.com') ORDER BY `users`.`id` ASC LIMIT 1  
[36;31m[1 rows affected or returned ][0m 

[35m(/home/group/insightBox/server/internal/auth/middleware.go:41)[0m 
[33m[2020-08-14 09:24:31][0m  [36;1m[2.74ms][0m  SELECT * FROM `users`  WHERE (id = 'ff255master@gmail.com') ORDER BY `users`.`id` ASC LIMIT 1  
[36;31m[1 rows affected or returned ][0m 
0x40000739b0

[35m(/home/group/insightBox/server/internal/auth/middleware.go:41)[0m 
[33m[2020-08-14 09:24:31][0m  [36;1m[2.92ms][0m  SELECT * FROM `users`  WHERE (id = 'ff255master@gmail.com') ORDER BY `users`.`id` ASC LIMIT 1  
[36;31m[1 rows affected or returned ][0m 

[35m(/home/group/insightBox/server/graph/schema.resolvers.go:36)[0m 
[33m[2020-08-14 09:24:31][0m  [36;1m[2.67ms][0m  SELECT * FROM `users`  WHERE (id = 'ff255master@gmail.com') ORDER BY `users`.`id` ASC LIMIT 1  
[36;31m[1 rows affected or returned ][0m 

[35m(/home/group/insightBox/server/graph/schema.resolvers.go:46)[0m 
[33m[2020-08-14 09:24:31][0m  [36;1m[3.15ms][0m  SELECT * FROM `days`  WHERE (id = 'ff255master@gmail.com' AND date BETWEEN '2014-11-12 11:45:26' AND '2020-12-12 00:00:00')  
[36;31m[7 rows affected or returned ][0m 
<nil>

[35m(/home/group/insightBox/server/graph/schema.resolvers.go:36)[0m 
[33m[2020-08-14 09:25:30][0m  [36;1m[2.01ms][0m  SELECT * FROM `users`  WHERE (id = NULL) ORDER BY `users`.`id` ASC LIMIT 1  
[36;31m[0 rows affected or returned ][0m 

[35m(/home/group/insightBox/server/graph/schema.resolvers.go:46)[0m 
[33m[2020-08-14 09:25:31][0m  [36;1m[2.20ms][0m  SELECT * FROM `days`  WHERE (id = NULL AND date BETWEEN '2014-11-12 11:45:26' AND '2020-12-12 00:00:00')  
[36;31m[0 rows affected or returned ][0m 
anton.tutoveanu@gmail.com

[35m(/home/group/insightBox/server/internal/users/users.go:69)[0m 
[33m[2020-08-14 09:25:55][0m  [36;1m[1.84ms][0m  INSERT INTO `tokens` (`id`,`access_token`,`token_type`,`refresh_token`,`expiry`) VALUES ('anton.tutoveanu@gmail.com','ya29.a0AfH6SMB7avXB3VXTOktPyvlz_ZI3kYZu6Z6Dv6uL83bVEdi9MjuDPr27Jh2-8HeA1ymDkdppJe0KLoS_jVzXiwIFiZbQ_JFcZsvp5x4OLijIqAyzHp4nm9NDh1aDF12jacwWkgNUjxsrhhECPK71VIrp1e133HIvV77c','Bearer','','2020-08-14 10:25:53')  
[36;31m[1 rows affected or returned ][0m 

[35m(/home/group/insightBox/server/internal/users/users.go:72)[0m 
[33m[2020-08-14 09:25:55][0m  [36;1m[4.03ms][0m  SELECT * FROM `users`  WHERE (id = 'anton.tutoveanu@gmail.com') ORDER BY `users`.`id` ASC LIMIT 1  
[36;31m[0 rows affected or returned ][0m 

[35m(/home/group/insightBox/server/internal/users/users.go:80)[0m 
[33m[2020-08-14 09:25:55][0m  [36;1m[1.75ms][0m  INSERT INTO `users` (`id`,`name`,`color_scheme_id`) VALUES ('anton.tutoveanu@gmail.com','TODO',1)  
[36;31m[1 rows affected or returned ][0m 

[35m(/home/group/insightBox/server/internal/processing/dayProcess.go:22)[0m 
[33m[2020-08-14 09:25:55][0m  [36;1m[2.86ms][0m  SELECT * FROM `tokens`  WHERE (id = 'anton.tutoveanu@gmail.com') ORDER BY `tokens`.`id` ASC LIMIT 1  
[36;31m[1 rows affected or returned ][0m 
B:  0 E:  127 M:  63
email retrieved
target:  1597363199000 current:  1596577929000
B:  0 E:  63 M:  31
email retrieved
target:  1597363199000 current:  1596752534000
B:  0 E:  31 M:  15
email retrieved
target:  1597363199000 current:  1597043965000
B:  0 E:  15 M:  7
email retrieved
target:  1597363199000 current:  1597299613000
B:  0 E:  7 M:  3
email retrieved
target:  1597363199000 current:  1597320093000
B:  0 E:  3 M:  1
email retrieved
target:  1597363199000 current:  1597381422000
B:  1 E:  3 M:  2
email retrieved
target:  1597363199000 current:  1597367315000
B:  2 E:  3 M:  2
email retrieved
target:  1597363199000 current:  1597367315000
found

[35m(/home/group/insightBox/server/internal/processing/dayProcess.go:226)[0m 
[33m[2020-08-14 09:26:03][0m  [36;1m[1.79ms][0m  UPDATE `days` SET `emails` = 7  WHERE `days`.`id` = 'anton.tutoveanu@gmail.com' AND `days`.`date` = '2020-08-13 00:00:00'  
[36;31m[0 rows affected or returned ][0m 

[35m(/home/group/insightBox/server/internal/processing/dayProcess.go:226)[0m 
[33m[2020-08-14 09:26:03][0m  [36;1m[2.13ms][0m  SELECT * FROM `days`  WHERE `days`.`id` = 'anton.tutoveanu@gmail.com' AND `days`.`date` = '2020-08-13 00:00:00' ORDER BY `days`.`id` ASC LIMIT 1  
[36;31m[0 rows affected or returned ][0m 

[35m(/home/group/insightBox/server/internal/processing/dayProcess.go:226)[0m 
[33m[2020-08-14 09:26:03][0m  [36;1m[1.64ms][0m  INSERT INTO `days` (`id`,`date`,`emails`) VALUES ('anton.tutoveanu@gmail.com','2020-08-13 00:00:00',7)  
[36;31m[1 rows affected or returned ][0m 

[35m(/home/group/insightBox/server/internal/processing/dayProcess.go:226)[0m 
[33m[2020-08-14 09:26:04][0m  [36;1m[1.82ms][0m  UPDATE `days` SET `emails` = 3  WHERE `days`.`id` = 'anton.tutoveanu@gmail.com' AND `days`.`date` = '2020-08-12 00:00:00'  
[36;31m[0 rows affected or returned ][0m 

[35m(/home/group/insightBox/server/internal/processing/dayProcess.go:226)[0m 
[33m[2020-08-14 09:26:04][0m  [36;1m[2.10ms][0m  SELECT * FROM `days`  WHERE `days`.`id` = 'anton.tutoveanu@gmail.com' AND `days`.`date` = '2020-08-12 00:00:00' ORDER BY `days`.`id` ASC LIMIT 1  
[36;31m[0 rows affected or returned ][0m 

[35m(/home/group/insightBox/server/internal/processing/dayProcess.go:226)[0m 
[33m[2020-08-14 09:26:04][0m  [36;1m[1.67ms][0m  INSERT INTO `days` (`id`,`date`,`emails`) VALUES ('anton.tutoveanu@gmail.com','2020-08-12 00:00:00',3)  
[36;31m[1 rows affected or returned ][0m 

[35m(/home/group/insightBox/server/internal/processing/dayProcess.go:226)[0m 
[33m[2020-08-14 09:26:05][0m  [36;1m[1.74ms][0m  UPDATE `days` SET `emails` = 2  WHERE `days`.`id` = 'anton.tutoveanu@gmail.com' AND `days`.`date` = '2020-08-11 00:00:00'  
[36;31m[0 rows affected or returned ][0m 

[35m(/home/group/insightBox/server/internal/processing/dayProcess.go:226)[0m 
[33m[2020-08-14 09:26:05][0m  [36;1m[2.20ms][0m  SELECT * FROM `days`  WHERE `days`.`id` = 'anton.tutoveanu@gmail.com' AND `days`.`date` = '2020-08-11 00:00:00' ORDER BY `days`.`id` ASC LIMIT 1  
[36;31m[0 rows affected or returned ][0m 

[35m(/home/group/insightBox/server/internal/processing/dayProcess.go:226)[0m 
[33m[2020-08-14 09:26:05][0m  [36;1m[1.65ms][0m  INSERT INTO `days` (`id`,`date`,`emails`) VALUES ('anton.tutoveanu@gmail.com','2020-08-11 00:00:00',2)  
[36;31m[1 rows affected or returned ][0m 

[35m(/home/group/insightBox/server/internal/processing/dayProcess.go:226)[0m 
[33m[2020-08-14 09:26:09][0m  [36;1m[1.79ms][0m  UPDATE `days` SET `emails` = 9  WHERE `days`.`id` = 'anton.tutoveanu@gmail.com' AND `days`.`date` = '2020-08-10 00:00:00'  
[36;31m[0 rows affected or returned ][0m 

[35m(/home/group/insightBox/server/internal/processing/dayProcess.go:226)[0m 
[33m[2020-08-14 09:26:09][0m  [36;1m[2.26ms][0m  SELECT * FROM `days`  WHERE `days`.`id` = 'anton.tutoveanu@gmail.com' AND `days`.`date` = '2020-08-10 00:00:00' ORDER BY `days`.`id` ASC LIMIT 1  
[36;31m[0 rows affected or returned ][0m 

[35m(/home/group/insightBox/server/internal/processing/dayProcess.go:226)[0m 
[33m[2020-08-14 09:26:09][0m  [36;1m[1.77ms][0m  INSERT INTO `days` (`id`,`date`,`emails`) VALUES ('anton.tutoveanu@gmail.com','2020-08-10 00:00:00',9)  
[36;31m[1 rows affected or returned ][0m 

[35m(/home/group/insightBox/server/internal/processing/dayProcess.go:226)[0m 
[33m[2020-08-14 09:26:10][0m  [36;1m[1.75ms][0m  UPDATE `days` SET `emails` = 2  WHERE `days`.`id` = 'anton.tutoveanu@gmail.com' AND `days`.`date` = '2020-08-09 00:00:00'  
[36;31m[0 rows affected or returned ][0m 

[35m(/home/group/insightBox/server/internal/processing/dayProcess.go:226)[0m 
[33m[2020-08-14 09:26:10][0m  [36;1m[2.06ms][0m  SELECT * FROM `days`  WHERE `days`.`id` = 'anton.tutoveanu@gmail.com' AND `days`.`date` = '2020-08-09 00:00:00' ORDER BY `days`.`id` ASC LIMIT 1  
[36;31m[0 rows affected or returned ][0m 

[35m(/home/group/insightBox/server/internal/processing/dayProcess.go:226)[0m 
[33m[2020-08-14 09:26:10][0m  [36;1m[16.06ms][0m  INSERT INTO `days` (`id`,`date`,`emails`) VALUES ('anton.tutoveanu@gmail.com','2020-08-09 00:00:00',2)  
[36;31m[1 rows affected or returned ][0m 

[35m(/home/group/insightBox/server/internal/auth/middleware.go:41)[0m 
[33m[2020-08-14 09:26:10][0m  [36;1m[2.52ms][0m  SELECT * FROM `users`  WHERE (id = 'ff255master@gmail.com') ORDER BY `users`.`id` ASC LIMIT 1  
[36;31m[1 rows affected or returned ][0m 

[35m(/home/group/insightBox/server/internal/auth/middleware.go:41)[0m 
[33m[2020-08-14 09:26:10][0m  [36;1m[2.52ms][0m  SELECT * FROM `users`  WHERE (id = 'ff255master@gmail.com') ORDER BY `users`.`id` ASC LIMIT 1  
[36;31m[1 rows affected or returned ][0m 
0x4000092ab0

[35m(/home/group/insightBox/server/graph/schema.resolvers.go:36)[0m 
[33m[2020-08-14 09:26:10][0m  [36;1m[2.47ms][0m  SELECT * FROM `users`  WHERE (id = 'ff255master@gmail.com') ORDER BY `users`.`id` ASC LIMIT 1  
[36;31m[1 rows affected or returned ][0m 

[35m(/home/group/insightBox/server/graph/schema.resolvers.go:46)[0m 
[33m[2020-08-14 09:26:10][0m  [36;1m[3.98ms][0m  SELECT * FROM `days`  WHERE (id = 'ff255master@gmail.com' AND date BETWEEN '2014-11-12 11:45:26' AND '2020-12-12 00:00:00')  
[36;31m[7 rows affected or returned ][0m 

[35m(/home/group/insightBox/server/internal/processing/dayProcess.go:226)[0m 
[33m[2020-08-14 09:26:11][0m  [36;1m[1.74ms][0m  UPDATE `days` SET `emails` = 1  WHERE `days`.`id` = 'anton.tutoveanu@gmail.com' AND `days`.`date` = '2020-08-08 00:00:00'  
[36;31m[0 rows affected or returned ][0m 

[35m(/home/group/insightBox/server/internal/processing/dayProcess.go:226)[0m 
[33m[2020-08-14 09:26:11][0m  [36;1m[2.25ms][0m  SELECT * FROM `days`  WHERE `days`.`id` = 'anton.tutoveanu@gmail.com' AND `days`.`date` = '2020-08-08 00:00:00' ORDER BY `days`.`id` ASC LIMIT 1  
[36;31m[0 rows affected or returned ][0m 

[35m(/home/group/insightBox/server/internal/processing/dayProcess.go:226)[0m 
[33m[2020-08-14 09:26:11][0m  [36;1m[1.63ms][0m  INSERT INTO `days` (`id`,`date`,`emails`) VALUES ('anton.tutoveanu@gmail.com','2020-08-08 00:00:00',1)  
[36;31m[1 rows affected or returned ][0m 

[35m(/home/group/insightBox/server/internal/processing/dayProcess.go:226)[0m 
[33m[2020-08-14 09:26:13][0m  [36;1m[2.41ms][0m  UPDATE `days` SET `emails` = 4  WHERE `days`.`id` = 'anton.tutoveanu@gmail.com' AND `days`.`date` = '2020-08-07 00:00:00'  
[36;31m[0 rows affected or returned ][0m 

[35m(/home/group/insightBox/server/internal/processing/dayProcess.go:226)[0m 
[33m[2020-08-14 09:26:13][0m  [36;1m[3.43ms][0m  SELECT * FROM `days`  WHERE `days`.`id` = 'anton.tutoveanu@gmail.com' AND `days`.`date` = '2020-08-07 00:00:00' ORDER BY `days`.`id` ASC LIMIT 1  
[36;31m[0 rows affected or returned ][0m 

[35m(/home/group/insightBox/server/internal/processing/dayProcess.go:226)[0m 
[33m[2020-08-14 09:26:13][0m  [36;1m[1.79ms][0m  INSERT INTO `days` (`id`,`date`,`emails`) VALUES ('anton.tutoveanu@gmail.com','2020-08-07 00:00:00',4)  
[36;31m[1 rows affected or returned ][0m 
anton.tutoveanu@gmail.com

[35m(/home/group/insightBox/server/internal/users/users.go:69)[0m 
[33m[2020-08-14 09:26:18][0m [31;1m Error 1062: Duplicate entry 'anton.tutoveanu@gmail.com' for key 'PRIMARY' [0m

[35m(/home/group/insightBox/server/internal/users/users.go:69)[0m 
[33m[2020-08-14 09:26:18][0m  [36;1m[2.08ms][0m  INSERT INTO `tokens` (`id`,`access_token`,`token_type`,`refresh_token`,`expiry`) VALUES ('anton.tutoveanu@gmail.com','ya29.a0AfH6SMDWUQ1fmz7tKdSLARIHqssAGjY3YHiJKXMDPHoak_dH00Sw91ndGmbsCFIg_wcyV4PZ4NrKa5k4LwqJBzC_euCdRmf18mOtWsEMBor_cOBSI5ftlvqMh4k1-7NXKU83W_vHO-eB7WBmIjCrWWsGdW6dJLyZDBXp','Bearer','','2020-08-14 10:26:17')  
[36;31m[0 rows affected or returned ][0m 

[35m(/home/group/insightBox/server/internal/users/users.go:72)[0m 
[33m[2020-08-14 09:26:18][0m  [36;1m[2.15ms][0m  SELECT * FROM `users`  WHERE (id = 'anton.tutoveanu@gmail.com') ORDER BY `users`.`id` ASC LIMIT 1  
[36;31m[1 rows affected or returned ][0m 

[35m(/home/group/insightBox/server/internal/processing/dayProcess.go:22)[0m 
[33m[2020-08-14 09:26:18][0m  [36;1m[2.38ms][0m  SELECT * FROM `tokens`  WHERE (id = 'anton.tutoveanu@gmail.com') ORDER BY `tokens`.`id` ASC LIMIT 1  
[36;31m[1 rows affected or returned ][0m 
B:  0 E:  127 M:  63
email retrieved
target:  1597363199000 current:  1596577929000
B:  0 E:  63 M:  31
email retrieved
target:  1597363199000 current:  1596752534000
B:  0 E:  31 M:  15
email retrieved
target:  1597363199000 current:  1597043965000
B:  0 E:  15 M:  7
email retrieved
target:  1597363199000 current:  1597299613000
B:  0 E:  7 M:  3
email retrieved
target:  1597363199000 current:  1597320093000
B:  0 E:  3 M:  1
email retrieved
target:  1597363199000 current:  1597381422000
B:  1 E:  3 M:  2
email retrieved
target:  1597363199000 current:  1597367315000
B:  2 E:  3 M:  2
email retrieved
target:  1597363199000 current:  1597367315000
found

[35m(/home/group/insightBox/server/internal/processing/dayProcess.go:226)[0m 
[33m[2020-08-14 09:26:25][0m  [36;1m[1.79ms][0m  UPDATE `days` SET `emails` = 7  WHERE `days`.`id` = 'anton.tutoveanu@gmail.com' AND `days`.`date` = '2020-08-13 00:00:00'  
[36;31m[0 rows affected or returned ][0m 

[35m(/home/group/insightBox/server/internal/processing/dayProcess.go:226)[0m 
[33m[2020-08-14 09:26:25][0m  [36;1m[2.32ms][0m  SELECT * FROM `days`  WHERE `days`.`id` = 'anton.tutoveanu@gmail.com' AND `days`.`date` = '2020-08-13 00:00:00' ORDER BY `days`.`id` ASC LIMIT 1  
[36;31m[1 rows affected or returned ][0m 

[35m(/home/group/insightBox/server/internal/processing/dayProcess.go:226)[0m 
[33m[2020-08-14 09:26:27][0m  [36;1m[1.89ms][0m  UPDATE `days` SET `emails` = 3  WHERE `days`.`id` = 'anton.tutoveanu@gmail.com' AND `days`.`date` = '2020-08-12 00:00:00'  
[36;31m[0 rows affected or returned ][0m 

[35m(/home/group/insightBox/server/internal/processing/dayProcess.go:226)[0m 
[33m[2020-08-14 09:26:27][0m  [36;1m[2.45ms][0m  SELECT * FROM `days`  WHERE `days`.`id` = 'anton.tutoveanu@gmail.com' AND `days`.`date` = '2020-08-12 00:00:00' ORDER BY `days`.`id` ASC LIMIT 1  
[36;31m[1 rows affected or returned ][0m 

[35m(/home/group/insightBox/server/internal/processing/dayProcess.go:226)[0m 
[33m[2020-08-14 09:26:28][0m  [36;1m[1.84ms][0m  UPDATE `days` SET `emails` = 2  WHERE `days`.`id` = 'anton.tutoveanu@gmail.com' AND `days`.`date` = '2020-08-11 00:00:00'  
[36;31m[0 rows affected or returned ][0m 

[35m(/home/group/insightBox/server/internal/processing/dayProcess.go:226)[0m 
[33m[2020-08-14 09:26:28][0m  [36;1m[2.29ms][0m  SELECT * FROM `days`  WHERE `days`.`id` = 'anton.tutoveanu@gmail.com' AND `days`.`date` = '2020-08-11 00:00:00' ORDER BY `days`.`id` ASC LIMIT 1  
[36;31m[1 rows affected or returned ][0m 

[35m(/home/group/insightBox/server/internal/processing/dayProcess.go:226)[0m 
[33m[2020-08-14 09:26:31][0m  [36;1m[1.76ms][0m  UPDATE `days` SET `emails` = 9  WHERE `days`.`id` = 'anton.tutoveanu@gmail.com' AND `days`.`date` = '2020-08-10 00:00:00'  
[36;31m[0 rows affected or returned ][0m 

[35m(/home/group/insightBox/server/internal/processing/dayProcess.go:226)[0m 
[33m[2020-08-14 09:26:31][0m  [36;1m[2.29ms][0m  SELECT * FROM `days`  WHERE `days`.`id` = 'anton.tutoveanu@gmail.com' AND `days`.`date` = '2020-08-10 00:00:00' ORDER BY `days`.`id` ASC LIMIT 1  
[36;31m[1 rows affected or returned ][0m 

[35m(/home/group/insightBox/server/internal/processing/dayProcess.go:226)[0m 
[33m[2020-08-14 09:26:32][0m  [36;1m[1.76ms][0m  UPDATE `days` SET `emails` = 2  WHERE `days`.`id` = 'anton.tutoveanu@gmail.com' AND `days`.`date` = '2020-08-09 00:00:00'  
[36;31m[0 rows affected or returned ][0m 

[35m(/home/group/insightBox/server/internal/processing/dayProcess.go:226)[0m 
[33m[2020-08-14 09:26:32][0m  [36;1m[2.36ms][0m  SELECT * FROM `days`  WHERE `days`.`id` = 'anton.tutoveanu@gmail.com' AND `days`.`date` = '2020-08-09 00:00:00' ORDER BY `days`.`id` ASC LIMIT 1  
[36;31m[1 rows affected or returned ][0m 

[35m(/home/group/insightBox/server/internal/processing/dayProcess.go:226)[0m 
[33m[2020-08-14 09:26:33][0m  [36;1m[1.76ms][0m  UPDATE `days` SET `emails` = 1  WHERE `days`.`id` = 'anton.tutoveanu@gmail.com' AND `days`.`date` = '2020-08-08 00:00:00'  
[36;31m[0 rows affected or returned ][0m 

[35m(/home/group/insightBox/server/internal/processing/dayProcess.go:226)[0m 
[33m[2020-08-14 09:26:33][0m  [36;1m[2.33ms][0m  SELECT * FROM `days`  WHERE `days`.`id` = 'anton.tutoveanu@gmail.com' AND `days`.`date` = '2020-08-08 00:00:00' ORDER BY `days`.`id` ASC LIMIT 1  
[36;31m[1 rows affected or returned ][0m 

[35m(/home/group/insightBox/server/internal/processing/dayProcess.go:226)[0m 
[33m[2020-08-14 09:26:35][0m  [36;1m[1.78ms][0m  UPDATE `days` SET `emails` = 4  WHERE `days`.`id` = 'anton.tutoveanu@gmail.com' AND `days`.`date` = '2020-08-07 00:00:00'  
[36;31m[0 rows affected or returned ][0m 

[35m(/home/group/insightBox/server/internal/processing/dayProcess.go:226)[0m 
[33m[2020-08-14 09:26:35][0m  [36;1m[2.28ms][0m  SELECT * FROM `days`  WHERE `days`.`id` = 'anton.tutoveanu@gmail.com' AND `days`.`date` = '2020-08-07 00:00:00' ORDER BY `days`.`id` ASC LIMIT 1  
[36;31m[1 rows affected or returned ][0m 
anton.tutoveanu@gmail.com

[35m(/home/group/insightBox/server/internal/users/users.go:69)[0m 
[33m[2020-08-14 09:26:40][0m [31;1m Error 1062: Duplicate entry 'anton.tutoveanu@gmail.com' for key 'PRIMARY' [0m

[35m(/home/group/insightBox/server/internal/users/users.go:69)[0m 
[33m[2020-08-14 09:26:40][0m  [36;1m[2.00ms][0m  INSERT INTO `tokens` (`id`,`access_token`,`token_type`,`refresh_token`,`expiry`) VALUES ('anton.tutoveanu@gmail.com','ya29.a0AfH6SMDaaweq3DfWo6wmPM7g3KewLQYo7J9FLyoXXoi-WFHX5eDBBeLi8TwPkmy3vO4MiVWLC_nNOR9qTgpzdwosknWAEUxFf-x6uorYNIN2AugX6xISPcyuUE3nbv-2vzQWpeorPUwImPOgwzBD7nZDMTtzxVeJdan8','Bearer','','2020-08-14 10:26:39')  
[36;31m[0 rows affected or returned ][0m 

[35m(/home/group/insightBox/server/internal/users/users.go:72)[0m 
[33m[2020-08-14 09:26:40][0m  [36;1m[2.15ms][0m  SELECT * FROM `users`  WHERE (id = 'anton.tutoveanu@gmail.com') ORDER BY `users`.`id` ASC LIMIT 1  
[36;31m[1 rows affected or returned ][0m 

[35m(/home/group/insightBox/server/internal/processing/dayProcess.go:22)[0m 
[33m[2020-08-14 09:26:40][0m  [36;1m[2.47ms][0m  SELECT * FROM `tokens`  WHERE (id = 'anton.tutoveanu@gmail.com') ORDER BY `tokens`.`id` ASC LIMIT 1  
[36;31m[1 rows affected or returned ][0m 
B:  0 E:  127 M:  63
email retrieved
target:  1597363199000 current:  1596577929000
B:  0 E:  63 M:  31
email retrieved
target:  1597363199000 current:  1596752534000
B:  0 E:  31 M:  15
email retrieved
target:  1597363199000 current:  1597043965000
B:  0 E:  15 M:  7
email retrieved
target:  1597363199000 current:  1597299613000
B:  0 E:  7 M:  3
email retrieved
target:  1597363199000 current:  1597320093000
B:  0 E:  3 M:  1
email retrieved
target:  1597363199000 current:  1597381422000
B:  1 E:  3 M:  2
email retrieved
target:  1597363199000 current:  1597367315000
B:  2 E:  3 M:  2
email retrieved
target:  1597363199000 current:  1597367315000
found

[35m(/home/group/insightBox/server/internal/processing/dayProcess.go:226)[0m 
[33m[2020-08-14 09:26:47][0m  [36;1m[1.90ms][0m  UPDATE `days` SET `emails` = 7  WHERE `days`.`id` = 'anton.tutoveanu@gmail.com' AND `days`.`date` = '2020-08-13 00:00:00'  
[36;31m[0 rows affected or returned ][0m 

[35m(/home/group/insightBox/server/internal/processing/dayProcess.go:226)[0m 
[33m[2020-08-14 09:26:47][0m  [36;1m[2.32ms][0m  SELECT * FROM `days`  WHERE `days`.`id` = 'anton.tutoveanu@gmail.com' AND `days`.`date` = '2020-08-13 00:00:00' ORDER BY `days`.`id` ASC LIMIT 1  
[36;31m[1 rows affected or returned ][0m 

[35m(/home/group/insightBox/server/internal/processing/dayProcess.go:226)[0m 
[33m[2020-08-14 09:26:49][0m  [36;1m[1.79ms][0m  UPDATE `days` SET `emails` = 3  WHERE `days`.`id` = 'anton.tutoveanu@gmail.com' AND `days`.`date` = '2020-08-12 00:00:00'  
[36;31m[0 rows affected or returned ][0m 

[35m(/home/group/insightBox/server/internal/processing/dayProcess.go:226)[0m 
[33m[2020-08-14 09:26:49][0m  [36;1m[2.33ms][0m  SELECT * FROM `days`  WHERE `days`.`id` = 'anton.tutoveanu@gmail.com' AND `days`.`date` = '2020-08-12 00:00:00' ORDER BY `days`.`id` ASC LIMIT 1  
[36;31m[1 rows affected or returned ][0m 

[35m(/home/group/insightBox/server/internal/processing/dayProcess.go:226)[0m 
[33m[2020-08-14 09:26:50][0m  [36;1m[1.78ms][0m  UPDATE `days` SET `emails` = 2  WHERE `days`.`id` = 'anton.tutoveanu@gmail.com' AND `days`.`date` = '2020-08-11 00:00:00'  
[36;31m[0 rows affected or returned ][0m 

[35m(/home/group/insightBox/server/internal/processing/dayProcess.go:226)[0m 
[33m[2020-08-14 09:26:50][0m  [36;1m[2.38ms][0m  SELECT * FROM `days`  WHERE `days`.`id` = 'anton.tutoveanu@gmail.com' AND `days`.`date` = '2020-08-11 00:00:00' ORDER BY `days`.`id` ASC LIMIT 1  
[36;31m[1 rows affected or returned ][0m 

[35m(/home/group/insightBox/server/internal/processing/dayProcess.go:226)[0m 
[33m[2020-08-14 09:26:53][0m  [36;1m[1.83ms][0m  UPDATE `days` SET `emails` = 9  WHERE `days`.`id` = 'anton.tutoveanu@gmail.com' AND `days`.`date` = '2020-08-10 00:00:00'  
[36;31m[0 rows affected or returned ][0m 

[35m(/home/group/insightBox/server/internal/processing/dayProcess.go:226)[0m 
[33m[2020-08-14 09:26:53][0m  [36;1m[2.32ms][0m  SELECT * FROM `days`  WHERE `days`.`id` = 'anton.tutoveanu@gmail.com' AND `days`.`date` = '2020-08-10 00:00:00' ORDER BY `days`.`id` ASC LIMIT 1  
[36;31m[1 rows affected or returned ][0m 

[35m(/home/group/insightBox/server/internal/processing/dayProcess.go:226)[0m 
[33m[2020-08-14 09:26:55][0m  [36;1m[1.78ms][0m  UPDATE `days` SET `emails` = 2  WHERE `days`.`id` = 'anton.tutoveanu@gmail.com' AND `days`.`date` = '2020-08-09 00:00:00'  
[36;31m[0 rows affected or returned ][0m 

[35m(/home/group/insightBox/server/internal/processing/dayProcess.go:226)[0m 
[33m[2020-08-14 09:26:55][0m  [36;1m[2.28ms][0m  SELECT * FROM `days`  WHERE `days`.`id` = 'anton.tutoveanu@gmail.com' AND `days`.`date` = '2020-08-09 00:00:00' ORDER BY `days`.`id` ASC LIMIT 1  
[36;31m[1 rows affected or returned ][0m 

[35m(/home/group/insightBox/server/internal/processing/dayProcess.go:226)[0m 
[33m[2020-08-14 09:26:55][0m  [36;1m[1.78ms][0m  UPDATE `days` SET `emails` = 1  WHERE `days`.`id` = 'anton.tutoveanu@gmail.com' AND `days`.`date` = '2020-08-08 00:00:00'  
[36;31m[0 rows affected or returned ][0m 

[35m(/home/group/insightBox/server/internal/processing/dayProcess.go:226)[0m 
[33m[2020-08-14 09:26:55][0m  [36;1m[2.40ms][0m  SELECT * FROM `days`  WHERE `days`.`id` = 'anton.tutoveanu@gmail.com' AND `days`.`date` = '2020-08-08 00:00:00' ORDER BY `days`.`id` ASC LIMIT 1  
[36;31m[1 rows affected or returned ][0m 

[35m(/home/group/insightBox/server/internal/processing/dayProcess.go:226)[0m 
[33m[2020-08-14 09:26:57][0m  [36;1m[1.81ms][0m  UPDATE `days` SET `emails` = 4  WHERE `days`.`id` = 'anton.tutoveanu@gmail.com' AND `days`.`date` = '2020-08-07 00:00:00'  
[36;31m[0 rows affected or returned ][0m 

[35m(/home/group/insightBox/server/internal/processing/dayProcess.go:226)[0m 
[33m[2020-08-14 09:26:57][0m  [36;1m[2.34ms][0m  SELECT * FROM `days`  WHERE `days`.`id` = 'anton.tutoveanu@gmail.com' AND `days`.`date` = '2020-08-07 00:00:00' ORDER BY `days`.`id` ASC LIMIT 1  
[36;31m[1 rows affected or returned ][0m 
anton.tutoveanu@gmail.com

[35m(/home/group/insightBox/server/internal/users/users.go:69)[0m 
[33m[2020-08-14 09:27:07][0m [31;1m Error 1062: Duplicate entry 'anton.tutoveanu@gmail.com' for key 'PRIMARY' [0m

[35m(/home/group/insightBox/server/internal/users/users.go:69)[0m 
[33m[2020-08-14 09:27:07][0m  [36;1m[2.01ms][0m  INSERT INTO `tokens` (`id`,`access_token`,`token_type`,`refresh_token`,`expiry`) VALUES ('anton.tutoveanu@gmail.com','ya29.a0AfH6SMCiee2AklTJWn4BpytdX0ge_zpoiPhJliDv1FEcheOOUZPITYx6f5bZJU1MfzNHCaTPKP7JHjTZ6LDv5FW6125Z1MNz9X6XhlOnYLQLk6F0GOaU6gipfYPEpvG0GT6KTvYtsWRCJe0EG7p07uuD-gg4I8H7veHJ','Bearer','','2020-08-14 10:27:06')  
[36;31m[0 rows affected or returned ][0m 

[35m(/home/group/insightBox/server/internal/users/users.go:72)[0m 
[33m[2020-08-14 09:27:07][0m  [36;1m[2.19ms][0m  SELECT * FROM `users`  WHERE (id = 'anton.tutoveanu@gmail.com') ORDER BY `users`.`id` ASC LIMIT 1  
[36;31m[1 rows affected or returned ][0m 

[35m(/home/group/insightBox/server/internal/processing/dayProcess.go:22)[0m 
[33m[2020-08-14 09:27:07][0m  [36;1m[2.36ms][0m  SELECT * FROM `tokens`  WHERE (id = 'anton.tutoveanu@gmail.com') ORDER BY `tokens`.`id` ASC LIMIT 1  
[36;31m[1 rows affected or returned ][0m 
B:  0 E:  127 M:  63
email retrieved
target:  1597363199000 current:  1596577929000
B:  0 E:  63 M:  31
email retrieved
target:  1597363199000 current:  1596752534000
B:  0 E:  31 M:  15
email retrieved
target:  1597363199000 current:  1597043965000
B:  0 E:  15 M:  7
email retrieved
target:  1597363199000 current:  1597299613000
B:  0 E:  7 M:  3
email retrieved
target:  1597363199000 current:  1597320093000
B:  0 E:  3 M:  1
email retrieved
target:  1597363199000 current:  1597381422000
B:  1 E:  3 M:  2
email retrieved
target:  1597363199000 current:  1597367315000
B:  2 E:  3 M:  2
email retrieved
target:  1597363199000 current:  1597367315000
found

[35m(/home/group/insightBox/server/internal/processing/dayProcess.go:226)[0m 
[33m[2020-08-14 09:27:14][0m  [36;1m[1.85ms][0m  UPDATE `days` SET `emails` = 7  WHERE `days`.`id` = 'anton.tutoveanu@gmail.com' AND `days`.`date` = '2020-08-13 00:00:00'  
[36;31m[0 rows affected or returned ][0m 

[35m(/home/group/insightBox/server/internal/processing/dayProcess.go:226)[0m 
[33m[2020-08-14 09:27:14][0m  [36;1m[2.34ms][0m  SELECT * FROM `days`  WHERE `days`.`id` = 'anton.tutoveanu@gmail.com' AND `days`.`date` = '2020-08-13 00:00:00' ORDER BY `days`.`id` ASC LIMIT 1  
[36;31m[1 rows affected or returned ][0m 

[35m(/home/group/insightBox/server/internal/processing/dayProcess.go:226)[0m 
[33m[2020-08-14 09:27:16][0m  [36;1m[1.76ms][0m  UPDATE `days` SET `emails` = 3  WHERE `days`.`id` = 'anton.tutoveanu@gmail.com' AND `days`.`date` = '2020-08-12 00:00:00'  
[36;31m[0 rows affected or returned ][0m 

[35m(/home/group/insightBox/server/internal/processing/dayProcess.go:226)[0m 
[33m[2020-08-14 09:27:16][0m  [36;1m[2.31ms][0m  SELECT * FROM `days`  WHERE `days`.`id` = 'anton.tutoveanu@gmail.com' AND `days`.`date` = '2020-08-12 00:00:00' ORDER BY `days`.`id` ASC LIMIT 1  
[36;31m[1 rows affected or returned ][0m 

[35m(/home/group/insightBox/server/internal/processing/dayProcess.go:226)[0m 
[33m[2020-08-14 09:27:18][0m  [36;1m[1.84ms][0m  UPDATE `days` SET `emails` = 2  WHERE `days`.`id` = 'anton.tutoveanu@gmail.com' AND `days`.`date` = '2020-08-11 00:00:00'  
[36;31m[0 rows affected or returned ][0m 

[35m(/home/group/insightBox/server/internal/processing/dayProcess.go:226)[0m 
[33m[2020-08-14 09:27:18][0m  [36;1m[2.25ms][0m  SELECT * FROM `days`  WHERE `days`.`id` = 'anton.tutoveanu@gmail.com' AND `days`.`date` = '2020-08-11 00:00:00' ORDER BY `days`.`id` ASC LIMIT 1  
[36;31m[1 rows affected or returned ][0m 

[35m(/home/group/insightBox/server/internal/processing/dayProcess.go:226)[0m 
[33m[2020-08-14 09:27:23][0m  [36;1m[1.77ms][0m  UPDATE `days` SET `emails` = 9  WHERE `days`.`id` = 'anton.tutoveanu@gmail.com' AND `days`.`date` = '2020-08-10 00:00:00'  
[36;31m[0 rows affected or returned ][0m 

[35m(/home/group/insightBox/server/internal/processing/dayProcess.go:226)[0m 
[33m[2020-08-14 09:27:23][0m  [36;1m[2.28ms][0m  SELECT * FROM `days`  WHERE `days`.`id` = 'anton.tutoveanu@gmail.com' AND `days`.`date` = '2020-08-10 00:00:00' ORDER BY `days`.`id` ASC LIMIT 1  
[36;31m[1 rows affected or returned ][0m 

[35m(/home/group/insightBox/server/internal/processing/dayProcess.go:226)[0m 
[33m[2020-08-14 09:27:24][0m  [36;1m[1.79ms][0m  UPDATE `days` SET `emails` = 2  WHERE `days`.`id` = 'anton.tutoveanu@gmail.com' AND `days`.`date` = '2020-08-09 00:00:00'  
[36;31m[0 rows affected or returned ][0m 

[35m(/home/group/insightBox/server/internal/processing/dayProcess.go:226)[0m 
[33m[2020-08-14 09:27:24][0m  [36;1m[2.37ms][0m  SELECT * FROM `days`  WHERE `days`.`id` = 'anton.tutoveanu@gmail.com' AND `days`.`date` = '2020-08-09 00:00:00' ORDER BY `days`.`id` ASC LIMIT 1  
[36;31m[1 rows affected or returned ][0m 

[35m(/home/group/insightBox/server/internal/processing/dayProcess.go:226)[0m 
[33m[2020-08-14 09:27:25][0m  [36;1m[1.85ms][0m  UPDATE `days` SET `emails` = 1  WHERE `days`.`id` = 'anton.tutoveanu@gmail.com' AND `days`.`date` = '2020-08-08 00:00:00'  
[36;31m[0 rows affected or returned ][0m 

[35m(/home/group/insightBox/server/internal/processing/dayProcess.go:226)[0m 
[33m[2020-08-14 09:27:25][0m  [36;1m[2.18ms][0m  SELECT * FROM `days`  WHERE `days`.`id` = 'anton.tutoveanu@gmail.com' AND `days`.`date` = '2020-08-08 00:00:00' ORDER BY `days`.`id` ASC LIMIT 1  
[36;31m[1 rows affected or returned ][0m 

[35m(/home/group/insightBox/server/internal/processing/dayProcess.go:226)[0m 
[33m[2020-08-14 09:27:26][0m  [36;1m[2.03ms][0m  UPDATE `days` SET `emails` = 4  WHERE `days`.`id` = 'anton.tutoveanu@gmail.com' AND `days`.`date` = '2020-08-07 00:00:00'  
[36;31m[0 rows affected or returned ][0m 

[35m(/home/group/insightBox/server/internal/processing/dayProcess.go:226)[0m 
[33m[2020-08-14 09:27:26][0m  [36;1m[2.33ms][0m  SELECT * FROM `days`  WHERE `days`.`id` = 'anton.tutoveanu@gmail.com' AND `days`.`date` = '2020-08-07 00:00:00' ORDER BY `days`.`id` ASC LIMIT 1  
[36;31m[1 rows affected or returned ][0m 
anton.tutoveanu@gmail.com

[35m(/home/group/insightBox/server/internal/users/users.go:69)[0m 
[33m[2020-08-14 09:27:30][0m [31;1m Error 1062: Duplicate entry 'anton.tutoveanu@gmail.com' for key 'PRIMARY' [0m

[35m(/home/group/insightBox/server/internal/users/users.go:69)[0m 
[33m[2020-08-14 09:27:30][0m  [36;1m[2.04ms][0m  INSERT INTO `tokens` (`id`,`access_token`,`token_type`,`refresh_token`,`expiry`) VALUES ('anton.tutoveanu@gmail.com','ya29.a0AfH6SMDKR5WdytYsOtD3ucTGhcBYx-tEZQDyW8ywixeohgzyvrl979f4EJb3XACULGrv0azpGlEhYqX9frSheYbDLvYsxfvL3l2Ktq87s0-1wMwDnIBQCw6SXQZj8m26hNOiI82mpEGDBxPKSJqBC21td_746SJmB-nM','Bearer','','2020-08-14 10:27:28')  
[36;31m[0 rows affected or returned ][0m 

[35m(/home/group/insightBox/server/internal/users/users.go:72)[0m 
[33m[2020-08-14 09:27:30][0m  [36;1m[2.07ms][0m  SELECT * FROM `users`  WHERE (id = 'anton.tutoveanu@gmail.com') ORDER BY `users`.`id` ASC LIMIT 1  
[36;31m[1 rows affected or returned ][0m 

[35m(/home/group/insightBox/server/internal/processing/dayProcess.go:22)[0m 
[33m[2020-08-14 09:27:30][0m  [36;1m[2.30ms][0m  SELECT * FROM `tokens`  WHERE (id = 'anton.tutoveanu@gmail.com') ORDER BY `tokens`.`id` ASC LIMIT 1  
[36;31m[1 rows affected or returned ][0m 
B:  0 E:  127 M:  63
email retrieved
target:  1597363199000 current:  1596577929000
B:  0 E:  63 M:  31
email retrieved
target:  1597363199000 current:  1596752534000
B:  0 E:  31 M:  15
email retrieved
target:  1597363199000 current:  1597043965000
B:  0 E:  15 M:  7
email retrieved
target:  1597363199000 current:  1597299613000
B:  0 E:  7 M:  3
email retrieved
target:  1597363199000 current:  1597320093000
B:  0 E:  3 M:  1
email retrieved
target:  1597363199000 current:  1597381422000
B:  1 E:  3 M:  2
email retrieved
target:  1597363199000 current:  1597367315000
B:  2 E:  3 M:  2
email retrieved
target:  1597363199000 current:  1597367315000
found

[35m(/home/group/insightBox/server/internal/processing/dayProcess.go:226)[0m 
[33m[2020-08-14 09:27:37][0m  [36;1m[1.79ms][0m  UPDATE `days` SET `emails` = 7  WHERE `days`.`id` = 'anton.tutoveanu@gmail.com' AND `days`.`date` = '2020-08-13 00:00:00'  
[36;31m[0 rows affected or returned ][0m 

[35m(/home/group/insightBox/server/internal/processing/dayProcess.go:226)[0m 
[33m[2020-08-14 09:27:37][0m  [36;1m[2.27ms][0m  SELECT * FROM `days`  WHERE `days`.`id` = 'anton.tutoveanu@gmail.com' AND `days`.`date` = '2020-08-13 00:00:00' ORDER BY `days`.`id` ASC LIMIT 1  
[36;31m[1 rows affected or returned ][0m 

[35m(/home/group/insightBox/server/internal/processing/dayProcess.go:226)[0m 
[33m[2020-08-14 09:27:38][0m  [36;1m[1.82ms][0m  UPDATE `days` SET `emails` = 3  WHERE `days`.`id` = 'anton.tutoveanu@gmail.com' AND `days`.`date` = '2020-08-12 00:00:00'  
[36;31m[0 rows affected or returned ][0m 

[35m(/home/group/insightBox/server/internal/processing/dayProcess.go:226)[0m 
[33m[2020-08-14 09:27:38][0m  [36;1m[2.23ms][0m  SELECT * FROM `days`  WHERE `days`.`id` = 'anton.tutoveanu@gmail.com' AND `days`.`date` = '2020-08-12 00:00:00' ORDER BY `days`.`id` ASC LIMIT 1  
[36;31m[1 rows affected or returned ][0m 

[35m(/home/group/insightBox/server/internal/processing/dayProcess.go:226)[0m 
[33m[2020-08-14 09:27:39][0m  [36;1m[1.78ms][0m  UPDATE `days` SET `emails` = 2  WHERE `days`.`id` = 'anton.tutoveanu@gmail.com' AND `days`.`date` = '2020-08-11 00:00:00'  
[36;31m[0 rows affected or returned ][0m 

[35m(/home/group/insightBox/server/internal/processing/dayProcess.go:226)[0m 
[33m[2020-08-14 09:27:39][0m  [36;1m[2.18ms][0m  SELECT * FROM `days`  WHERE `days`.`id` = 'anton.tutoveanu@gmail.com' AND `days`.`date` = '2020-08-11 00:00:00' ORDER BY `days`.`id` ASC LIMIT 1  
[36;31m[1 rows affected or returned ][0m 

[35m(/home/group/insightBox/server/internal/processing/dayProcess.go:226)[0m 
[33m[2020-08-14 09:27:43][0m  [36;1m[1.78ms][0m  UPDATE `days` SET `emails` = 9  WHERE `days`.`id` = 'anton.tutoveanu@gmail.com' AND `days`.`date` = '2020-08-10 00:00:00'  
[36;31m[0 rows affected or returned ][0m 

[35m(/home/group/insightBox/server/internal/processing/dayProcess.go:226)[0m 
[33m[2020-08-14 09:27:43][0m  [36;1m[2.20ms][0m  SELECT * FROM `days`  WHERE `days`.`id` = 'anton.tutoveanu@gmail.com' AND `days`.`date` = '2020-08-10 00:00:00' ORDER BY `days`.`id` ASC LIMIT 1  
[36;31m[1 rows affected or returned ][0m 

[35m(/home/group/insightBox/server/internal/processing/dayProcess.go:226)[0m 
[33m[2020-08-14 09:27:44][0m  [36;1m[1.79ms][0m  UPDATE `days` SET `emails` = 2  WHERE `days`.`id` = 'anton.tutoveanu@gmail.com' AND `days`.`date` = '2020-08-09 00:00:00'  
[36;31m[0 rows affected or returned ][0m 

[35m(/home/group/insightBox/server/internal/processing/dayProcess.go:226)[0m 
[33m[2020-08-14 09:27:44][0m  [36;1m[2.33ms][0m  SELECT * FROM `days`  WHERE `days`.`id` = 'anton.tutoveanu@gmail.com' AND `days`.`date` = '2020-08-09 00:00:00' ORDER BY `days`.`id` ASC LIMIT 1  
[36;31m[1 rows affected or returned ][0m 
anton.tutoveanu@gmail.com

[35m(/home/group/insightBox/server/internal/users/users.go:69)[0m 
[33m[2020-08-14 09:27:44][0m [31;1m Error 1062: Duplicate entry 'anton.tutoveanu@gmail.com' for key 'PRIMARY' [0m

[35m(/home/group/insightBox/server/internal/users/users.go:69)[0m 
[33m[2020-08-14 09:27:44][0m  [36;1m[1.99ms][0m  INSERT INTO `tokens` (`id`,`access_token`,`token_type`,`refresh_token`,`expiry`) VALUES ('anton.tutoveanu@gmail.com','ya29.a0AfH6SMAsLQSTcQbgfkx_Q2Nnx4l6lkAry6fdQQlZOCTllqMJ4-M25XK65E0pSX3y0JR7uf07QiOuw7Ew0HgwNTC6zxrYddNr2gtB9WpAlex-_nzbumOBAdbQXeJiKDAQbr_NKoM3kkSKSbqUqsNsUa2XVwpjcUVbUQKh','Bearer','','2020-08-14 10:27:43')  
[36;31m[0 rows affected or returned ][0m 

[35m(/home/group/insightBox/server/internal/users/users.go:72)[0m 
[33m[2020-08-14 09:27:44][0m  [36;1m[2.06ms][0m  SELECT * FROM `users`  WHERE (id = 'anton.tutoveanu@gmail.com') ORDER BY `users`.`id` ASC LIMIT 1  
[36;31m[1 rows affected or returned ][0m 

[35m(/home/group/insightBox/server/internal/processing/dayProcess.go:22)[0m 
[33m[2020-08-14 09:27:44][0m  [36;1m[2.31ms][0m  SELECT * FROM `tokens`  WHERE (id = 'anton.tutoveanu@gmail.com') ORDER BY `tokens`.`id` ASC LIMIT 1  
[36;31m[1 rows affected or returned ][0m 

[35m(/home/group/insightBox/server/internal/processing/dayProcess.go:226)[0m 
[33m[2020-08-14 09:27:45][0m  [36;1m[2.31ms][0m  UPDATE `days` SET `emails` = 1  WHERE `days`.`id` = 'anton.tutoveanu@gmail.com' AND `days`.`date` = '2020-08-08 00:00:00'  
[36;31m[0 rows affected or returned ][0m 

[35m(/home/group/insightBox/server/internal/processing/dayProcess.go:226)[0m 
[33m[2020-08-14 09:27:45][0m  [36;1m[3.06ms][0m  SELECT * FROM `days`  WHERE `days`.`id` = 'anton.tutoveanu@gmail.com' AND `days`.`date` = '2020-08-08 00:00:00' ORDER BY `days`.`id` ASC LIMIT 1  
[36;31m[1 rows affected or returned ][0m 
B:  0 E:  127 M:  63
email retrieved
target:  1597363199000 current:  1596577929000
B:  0 E:  63 M:  31
email retrieved
target:  1597363199000 current:  1596752534000
B:  0 E:  31 M:  15
email retrieved
target:  1597363199000 current:  1597043965000
B:  0 E:  15 M:  7

[35m(/home/group/insightBox/server/internal/processing/dayProcess.go:226)[0m 
[33m[2020-08-14 09:27:47][0m  [36;1m[1.84ms][0m  UPDATE `days` SET `emails` = 4  WHERE `days`.`id` = 'anton.tutoveanu@gmail.com' AND `days`.`date` = '2020-08-07 00:00:00'  
[36;31m[0 rows affected or returned ][0m 
email retrieved
target:  1597363199000 current:  1597299613000
B:  0 E:  7 M:  3

[35m(/home/group/insightBox/server/internal/processing/dayProcess.go:226)[0m 
[33m[2020-08-14 09:27:47][0m  [36;1m[2.48ms][0m  SELECT * FROM `days`  WHERE `days`.`id` = 'anton.tutoveanu@gmail.com' AND `days`.`date` = '2020-08-07 00:00:00' ORDER BY `days`.`id` ASC LIMIT 1  
[36;31m[1 rows affected or returned ][0m 
email retrieved
target:  1597363199000 current:  1597320093000
B:  0 E:  3 M:  1
email retrieved
target:  1597363199000 current:  1597381422000
B:  1 E:  3 M:  2
email retrieved
target:  1597363199000 current:  1597367315000
B:  2 E:  3 M:  2
email retrieved
target:  1597363199000 current:  1597367315000
found

[35m(/home/group/insightBox/server/internal/processing/dayProcess.go:226)[0m 
[33m[2020-08-14 09:27:51][0m  [36;1m[1.78ms][0m  UPDATE `days` SET `emails` = 7  WHERE `days`.`id` = 'anton.tutoveanu@gmail.com' AND `days`.`date` = '2020-08-13 00:00:00'  
[36;31m[0 rows affected or returned ][0m 

[35m(/home/group/insightBox/server/internal/processing/dayProcess.go:226)[0m 
[33m[2020-08-14 09:27:51][0m  [36;1m[2.24ms][0m  SELECT * FROM `days`  WHERE `days`.`id` = 'anton.tutoveanu@gmail.com' AND `days`.`date` = '2020-08-13 00:00:00' ORDER BY `days`.`id` ASC LIMIT 1  
[36;31m[1 rows affected or returned ][0m 

[35m(/home/group/insightBox/server/internal/processing/dayProcess.go:226)[0m 
[33m[2020-08-14 09:27:53][0m  [36;1m[1.77ms][0m  UPDATE `days` SET `emails` = 3  WHERE `days`.`id` = 'anton.tutoveanu@gmail.com' AND `days`.`date` = '2020-08-12 00:00:00'  
[36;31m[0 rows affected or returned ][0m 

[35m(/home/group/insightBox/server/internal/processing/dayProcess.go:226)[0m 
[33m[2020-08-14 09:27:53][0m  [36;1m[2.23ms][0m  SELECT * FROM `days`  WHERE `days`.`id` = 'anton.tutoveanu@gmail.com' AND `days`.`date` = '2020-08-12 00:00:00' ORDER BY `days`.`id` ASC LIMIT 1  
[36;31m[1 rows affected or returned ][0m 

[35m(/home/group/insightBox/server/internal/processing/dayProcess.go:226)[0m 
[33m[2020-08-14 09:27:54][0m  [36;1m[1.90ms][0m  UPDATE `days` SET `emails` = 2  WHERE `days`.`id` = 'anton.tutoveanu@gmail.com' AND `days`.`date` = '2020-08-11 00:00:00'  
[36;31m[0 rows affected or returned ][0m 

[35m(/home/group/insightBox/server/internal/processing/dayProcess.go:226)[0m 
[33m[2020-08-14 09:27:54][0m  [36;1m[2.23ms][0m  SELECT * FROM `days`  WHERE `days`.`id` = 'anton.tutoveanu@gmail.com' AND `days`.`date` = '2020-08-11 00:00:00' ORDER BY `days`.`id` ASC LIMIT 1  
[36;31m[1 rows affected or returned ][0m 

[35m(/home/group/insightBox/server/internal/processing/dayProcess.go:226)[0m 
[33m[2020-08-14 09:27:58][0m  [36;1m[1.83ms][0m  UPDATE `days` SET `emails` = 9  WHERE `days`.`id` = 'anton.tutoveanu@gmail.com' AND `days`.`date` = '2020-08-10 00:00:00'  
[36;31m[0 rows affected or returned ][0m 

[35m(/home/group/insightBox/server/internal/processing/dayProcess.go:226)[0m 
[33m[2020-08-14 09:27:58][0m  [36;1m[2.21ms][0m  SELECT * FROM `days`  WHERE `days`.`id` = 'anton.tutoveanu@gmail.com' AND `days`.`date` = '2020-08-10 00:00:00' ORDER BY `days`.`id` ASC LIMIT 1  
[36;31m[1 rows affected or returned ][0m 
anton.tutoveanu@gmail.com

[35m(/home/group/insightBox/server/internal/users/users.go:69)[0m 
[33m[2020-08-14 09:27:58][0m [31;1m Error 1062: Duplicate entry 'anton.tutoveanu@gmail.com' for key 'PRIMARY' [0m

[35m(/home/group/insightBox/server/internal/users/users.go:69)[0m 
[33m[2020-08-14 09:27:58][0m  [36;1m[2.03ms][0m  INSERT INTO `tokens` (`id`,`access_token`,`token_type`,`refresh_token`,`expiry`) VALUES ('anton.tutoveanu@gmail.com','ya29.a0AfH6SMD4yG4Uy-jdL4xEedZMRP5BAXdFgbhs1bc1_km0bHinkwaT8ZbcWrWBA5IRCDpQL7qlqcyKjGY7zK6qp2qecQ0ggqWSVZJ5NAEJQVOGuSvxtyEDYr8P7vRSTZGhwUi31xi5Sc1X_68UP8AmMDB-cTxAH1C4g6eU','Bearer','','2020-08-14 10:27:57')  
[36;31m[0 rows affected or returned ][0m 

[35m(/home/group/insightBox/server/internal/users/users.go:72)[0m 
[33m[2020-08-14 09:27:58][0m  [36;1m[2.08ms][0m  SELECT * FROM `users`  WHERE (id = 'anton.tutoveanu@gmail.com') ORDER BY `users`.`id` ASC LIMIT 1  
[36;31m[1 rows affected or returned ][0m 

[35m(/home/group/insightBox/server/internal/processing/dayProcess.go:22)[0m 
[33m[2020-08-14 09:27:58][0m  [36;1m[2.31ms][0m  SELECT * FROM `tokens`  WHERE (id = 'anton.tutoveanu@gmail.com') ORDER BY `tokens`.`id` ASC LIMIT 1  
[36;31m[1 rows affected or returned ][0m 

[35m(/home/group/insightBox/server/internal/processing/dayProcess.go:226)[0m 
[33m[2020-08-14 09:27:59][0m  [36;1m[1.86ms][0m  UPDATE `days` SET `emails` = 2  WHERE `days`.`id` = 'anton.tutoveanu@gmail.com' AND `days`.`date` = '2020-08-09 00:00:00'  
[36;31m[0 rows affected or returned ][0m 

[35m(/home/group/insightBox/server/internal/processing/dayProcess.go:226)[0m 
[33m[2020-08-14 09:27:59][0m  [36;1m[2.30ms][0m  SELECT * FROM `days`  WHERE `days`.`id` = 'anton.tutoveanu@gmail.com' AND `days`.`date` = '2020-08-09 00:00:00' ORDER BY `days`.`id` ASC LIMIT 1  
[36;31m[1 rows affected or returned ][0m 
B:  0 E:  127 M:  63
email retrieved
target:  1597363199000 current:  1596577929000
B:  0 E:  63 M:  31
email retrieved
target:  1597363199000 current:  1596752534000
B:  0 E:  31 M:  15

[35m(/home/group/insightBox/server/internal/processing/dayProcess.go:226)[0m 
[33m[2020-08-14 09:28:00][0m  [36;1m[1.82ms][0m  UPDATE `days` SET `emails` = 1  WHERE `days`.`id` = 'anton.tutoveanu@gmail.com' AND `days`.`date` = '2020-08-08 00:00:00'  
[36;31m[0 rows affected or returned ][0m 

[35m(/home/group/insightBox/server/internal/processing/dayProcess.go:226)[0m 
[33m[2020-08-14 09:28:00][0m  [36;1m[2.24ms][0m  SELECT * FROM `days`  WHERE `days`.`id` = 'anton.tutoveanu@gmail.com' AND `days`.`date` = '2020-08-08 00:00:00' ORDER BY `days`.`id` ASC LIMIT 1  
[36;31m[1 rows affected or returned ][0m 
email retrieved
target:  1597363199000 current:  1597043965000
B:  0 E:  15 M:  7
email retrieved
target:  1597363199000 current:  1597299613000
B:  0 E:  7 M:  3
email retrieved
target:  1597363199000 current:  1597320093000
B:  0 E:  3 M:  1
email retrieved
target:  1597363199000 current:  1597381422000
B:  1 E:  3 M:  2
email retrieved
target:  1597363199000 current:  1597367315000
B:  2 E:  3 M:  2

[35m(/home/group/insightBox/server/internal/processing/dayProcess.go:226)[0m 
[33m[2020-08-14 09:28:02][0m  [36;1m[1.82ms][0m  UPDATE `days` SET `emails` = 4  WHERE `days`.`id` = 'anton.tutoveanu@gmail.com' AND `days`.`date` = '2020-08-07 00:00:00'  
[36;31m[0 rows affected or returned ][0m 

[35m(/home/group/insightBox/server/internal/processing/dayProcess.go:226)[0m 
[33m[2020-08-14 09:28:02][0m  [36;1m[2.21ms][0m  SELECT * FROM `days`  WHERE `days`.`id` = 'anton.tutoveanu@gmail.com' AND `days`.`date` = '2020-08-07 00:00:00' ORDER BY `days`.`id` ASC LIMIT 1  
[36;31m[1 rows affected or returned ][0m 
email retrieved
target:  1597363199000 current:  1597367315000
found

[35m(/home/group/insightBox/server/internal/processing/dayProcess.go:226)[0m 
[33m[2020-08-14 09:28:05][0m  [36;1m[1.79ms][0m  UPDATE `days` SET `emails` = 7  WHERE `days`.`id` = 'anton.tutoveanu@gmail.com' AND `days`.`date` = '2020-08-13 00:00:00'  
[36;31m[0 rows affected or returned ][0m 

[35m(/home/group/insightBox/server/internal/processing/dayProcess.go:226)[0m 
[33m[2020-08-14 09:28:05][0m  [36;1m[2.26ms][0m  SELECT * FROM `days`  WHERE `days`.`id` = 'anton.tutoveanu@gmail.com' AND `days`.`date` = '2020-08-13 00:00:00' ORDER BY `days`.`id` ASC LIMIT 1  
[36;31m[1 rows affected or returned ][0m 

[35m(/home/group/insightBox/server/internal/processing/dayProcess.go:226)[0m 
[33m[2020-08-14 09:28:07][0m  [36;1m[1.78ms][0m  UPDATE `days` SET `emails` = 3  WHERE `days`.`id` = 'anton.tutoveanu@gmail.com' AND `days`.`date` = '2020-08-12 00:00:00'  
[36;31m[0 rows affected or returned ][0m 

[35m(/home/group/insightBox/server/internal/processing/dayProcess.go:226)[0m 
[33m[2020-08-14 09:28:07][0m  [36;1m[2.25ms][0m  SELECT * FROM `days`  WHERE `days`.`id` = 'anton.tutoveanu@gmail.com' AND `days`.`date` = '2020-08-12 00:00:00' ORDER BY `days`.`id` ASC LIMIT 1  
[36;31m[1 rows affected or returned ][0m 

[35m(/home/group/insightBox/server/internal/processing/dayProcess.go:226)[0m 
[33m[2020-08-14 09:28:09][0m  [36;1m[1.82ms][0m  UPDATE `days` SET `emails` = 2  WHERE `days`.`id` = 'anton.tutoveanu@gmail.com' AND `days`.`date` = '2020-08-11 00:00:00'  
[36;31m[0 rows affected or returned ][0m 

[35m(/home/group/insightBox/server/internal/processing/dayProcess.go:226)[0m 
[33m[2020-08-14 09:28:09][0m  [36;1m[2.26ms][0m  SELECT * FROM `days`  WHERE `days`.`id` = 'anton.tutoveanu@gmail.com' AND `days`.`date` = '2020-08-11 00:00:00' ORDER BY `days`.`id` ASC LIMIT 1  
[36;31m[1 rows affected or returned ][0m 

[35m(/home/group/insightBox/server/internal/processing/dayProcess.go:226)[0m 
[33m[2020-08-14 09:28:12][0m  [36;1m[1.79ms][0m  UPDATE `days` SET `emails` = 9  WHERE `days`.`id` = 'anton.tutoveanu@gmail.com' AND `days`.`date` = '2020-08-10 00:00:00'  
[36;31m[0 rows affected or returned ][0m 

[35m(/home/group/insightBox/server/internal/processing/dayProcess.go:226)[0m 
[33m[2020-08-14 09:28:12][0m  [36;1m[2.20ms][0m  SELECT * FROM `days`  WHERE `days`.`id` = 'anton.tutoveanu@gmail.com' AND `days`.`date` = '2020-08-10 00:00:00' ORDER BY `days`.`id` ASC LIMIT 1  
[36;31m[1 rows affected or returned ][0m 

[35m(/home/group/insightBox/server/internal/processing/dayProcess.go:226)[0m 
[33m[2020-08-14 09:28:13][0m  [36;1m[1.80ms][0m  UPDATE `days` SET `emails` = 2  WHERE `days`.`id` = 'anton.tutoveanu@gmail.com' AND `days`.`date` = '2020-08-09 00:00:00'  
[36;31m[0 rows affected or returned ][0m 

[35m(/home/group/insightBox/server/internal/processing/dayProcess.go:226)[0m 
[33m[2020-08-14 09:28:13][0m  [36;1m[2.25ms][0m  SELECT * FROM `days`  WHERE `days`.`id` = 'anton.tutoveanu@gmail.com' AND `days`.`date` = '2020-08-09 00:00:00' ORDER BY `days`.`id` ASC LIMIT 1  
[36;31m[1 rows affected or returned ][0m 

[35m(/home/group/insightBox/server/internal/processing/dayProcess.go:226)[0m 
[33m[2020-08-14 09:28:14][0m  [36;1m[1.80ms][0m  UPDATE `days` SET `emails` = 1  WHERE `days`.`id` = 'anton.tutoveanu@gmail.com' AND `days`.`date` = '2020-08-08 00:00:00'  
[36;31m[0 rows affected or returned ][0m 

[35m(/home/group/insightBox/server/internal/processing/dayProcess.go:226)[0m 
[33m[2020-08-14 09:28:14][0m  [36;1m[2.22ms][0m  SELECT * FROM `days`  WHERE `days`.`id` = 'anton.tutoveanu@gmail.com' AND `days`.`date` = '2020-08-08 00:00:00' ORDER BY `days`.`id` ASC LIMIT 1  
[36;31m[1 rows affected or returned ][0m 
anton.tutoveanu@gmail.com

[35m(/home/group/insightBox/server/internal/users/users.go:69)[0m 
[33m[2020-08-14 09:28:15][0m [31;1m Error 1062: Duplicate entry 'anton.tutoveanu@gmail.com' for key 'PRIMARY' [0m

[35m(/home/group/insightBox/server/internal/users/users.go:69)[0m 
[33m[2020-08-14 09:28:15][0m  [36;1m[2.02ms][0m  INSERT INTO `tokens` (`id`,`access_token`,`token_type`,`refresh_token`,`expiry`) VALUES ('anton.tutoveanu@gmail.com','ya29.a0AfH6SMCKQXktuD74Y-_cr17oq6P0FWKIoX878hTFKF_My_cLXVe6GFr3hjdkn6BkMDeEebymrvLo9j3G41uECQ41daZ1i4-7VCR8QqM1OePe1nDoh4I4xNFBXIX4ajKDgk1GayB1skJkf28JFasNW0MHeaO_AQF2XpuE','Bearer','','2020-08-14 10:28:14')  
[36;31m[0 rows affected or returned ][0m 

[35m(/home/group/insightBox/server/internal/users/users.go:72)[0m 
[33m[2020-08-14 09:28:15][0m  [36;1m[2.11ms][0m  SELECT * FROM `users`  WHERE (id = 'anton.tutoveanu@gmail.com') ORDER BY `users`.`id` ASC LIMIT 1  
[36;31m[1 rows affected or returned ][0m 

[35m(/home/group/insightBox/server/internal/processing/dayProcess.go:22)[0m 
[33m[2020-08-14 09:28:15][0m  [36;1m[2.30ms][0m  SELECT * FROM `tokens`  WHERE (id = 'anton.tutoveanu@gmail.com') ORDER BY `tokens`.`id` ASC LIMIT 1  
[36;31m[1 rows affected or returned ][0m 

[35m(/home/group/insightBox/server/internal/processing/dayProcess.go:226)[0m 
[33m[2020-08-14 09:28:16][0m  [36;1m[1.82ms][0m  UPDATE `days` SET `emails` = 4  WHERE `days`.`id` = 'anton.tutoveanu@gmail.com' AND `days`.`date` = '2020-08-07 00:00:00'  
[36;31m[0 rows affected or returned ][0m 

[35m(/home/group/insightBox/server/internal/processing/dayProcess.go:226)[0m 
[33m[2020-08-14 09:28:16][0m  [36;1m[2.24ms][0m  SELECT * FROM `days`  WHERE `days`.`id` = 'anton.tutoveanu@gmail.com' AND `days`.`date` = '2020-08-07 00:00:00' ORDER BY `days`.`id` ASC LIMIT 1  
[36;31m[1 rows affected or returned ][0m 
B:  0 E:  127 M:  63
email retrieved
target:  1597363199000 current:  1596577929000
B:  0 E:  63 M:  31
email retrieved
target:  1597363199000 current:  1596752534000
B:  0 E:  31 M:  15
email retrieved
target:  1597363199000 current:  1597043965000
B:  0 E:  15 M:  7
email retrieved
target:  1597363199000 current:  1597299613000
B:  0 E:  7 M:  3
email retrieved
target:  1597363199000 current:  1597320093000
B:  0 E:  3 M:  1
email retrieved
target:  1597363199000 current:  1597381422000
B:  1 E:  3 M:  2
email retrieved
target:  1597363199000 current:  1597367315000
B:  2 E:  3 M:  2
email retrieved
target:  1597363199000 current:  1597367315000
found

[35m(/home/group/insightBox/server/internal/processing/dayProcess.go:226)[0m 
[33m[2020-08-14 09:28:22][0m  [36;1m[1.77ms][0m  UPDATE `days` SET `emails` = 7  WHERE `days`.`id` = 'anton.tutoveanu@gmail.com' AND `days`.`date` = '2020-08-13 00:00:00'  
[36;31m[0 rows affected or returned ][0m 

[35m(/home/group/insightBox/server/internal/processing/dayProcess.go:226)[0m 
[33m[2020-08-14 09:28:22][0m  [36;1m[2.23ms][0m  SELECT * FROM `days`  WHERE `days`.`id` = 'anton.tutoveanu@gmail.com' AND `days`.`date` = '2020-08-13 00:00:00' ORDER BY `days`.`id` ASC LIMIT 1  
[36;31m[1 rows affected or returned ][0m 

[35m(/home/group/insightBox/server/internal/processing/dayProcess.go:226)[0m 
[33m[2020-08-14 09:28:24][0m  [36;1m[1.78ms][0m  UPDATE `days` SET `emails` = 3  WHERE `days`.`id` = 'anton.tutoveanu@gmail.com' AND `days`.`date` = '2020-08-12 00:00:00'  
[36;31m[0 rows affected or returned ][0m 

[35m(/home/group/insightBox/server/internal/processing/dayProcess.go:226)[0m 
[33m[2020-08-14 09:28:24][0m  [36;1m[2.28ms][0m  SELECT * FROM `days`  WHERE `days`.`id` = 'anton.tutoveanu@gmail.com' AND `days`.`date` = '2020-08-12 00:00:00' ORDER BY `days`.`id` ASC LIMIT 1  
[36;31m[1 rows affected or returned ][0m 

[35m(/home/group/insightBox/server/internal/processing/dayProcess.go:226)[0m 
[33m[2020-08-14 09:28:25][0m  [36;1m[1.76ms][0m  UPDATE `days` SET `emails` = 2  WHERE `days`.`id` = 'anton.tutoveanu@gmail.com' AND `days`.`date` = '2020-08-11 00:00:00'  
[36;31m[0 rows affected or returned ][0m 

[35m(/home/group/insightBox/server/internal/processing/dayProcess.go:226)[0m 
[33m[2020-08-14 09:28:25][0m  [36;1m[2.23ms][0m  SELECT * FROM `days`  WHERE `days`.`id` = 'anton.tutoveanu@gmail.com' AND `days`.`date` = '2020-08-11 00:00:00' ORDER BY `days`.`id` ASC LIMIT 1  
[36;31m[1 rows affected or returned ][0m 

[35m(/home/group/insightBox/server/internal/processing/dayProcess.go:226)[0m 
[33m[2020-08-14 09:28:28][0m  [36;1m[1.82ms][0m  UPDATE `days` SET `emails` = 9  WHERE `days`.`id` = 'anton.tutoveanu@gmail.com' AND `days`.`date` = '2020-08-10 00:00:00'  
[36;31m[0 rows affected or returned ][0m 

[35m(/home/group/insightBox/server/internal/processing/dayProcess.go:226)[0m 
[33m[2020-08-14 09:28:28][0m  [36;1m[2.26ms][0m  SELECT * FROM `days`  WHERE `days`.`id` = 'anton.tutoveanu@gmail.com' AND `days`.`date` = '2020-08-10 00:00:00' ORDER BY `days`.`id` ASC LIMIT 1  
[36;31m[1 rows affected or returned ][0m 

[35m(/home/group/insightBox/server/internal/processing/dayProcess.go:226)[0m 
[33m[2020-08-14 09:28:29][0m  [36;1m[1.78ms][0m  UPDATE `days` SET `emails` = 2  WHERE `days`.`id` = 'anton.tutoveanu@gmail.com' AND `days`.`date` = '2020-08-09 00:00:00'  
[36;31m[0 rows affected or returned ][0m 

[35m(/home/group/insightBox/server/internal/processing/dayProcess.go:226)[0m 
[33m[2020-08-14 09:28:29][0m  [36;1m[2.18ms][0m  SELECT * FROM `days`  WHERE `days`.`id` = 'anton.tutoveanu@gmail.com' AND `days`.`date` = '2020-08-09 00:00:00' ORDER BY `days`.`id` ASC LIMIT 1  
[36;31m[1 rows affected or returned ][0m 

[35m(/home/group/insightBox/server/internal/processing/dayProcess.go:226)[0m 
[33m[2020-08-14 09:28:30][0m  [36;1m[1.79ms][0m  UPDATE `days` SET `emails` = 1  WHERE `days`.`id` = 'anton.tutoveanu@gmail.com' AND `days`.`date` = '2020-08-08 00:00:00'  
[36;31m[0 rows affected or returned ][0m 

[35m(/home/group/insightBox/server/internal/processing/dayProcess.go:226)[0m 
[33m[2020-08-14 09:28:30][0m  [36;1m[2.29ms][0m  SELECT * FROM `days`  WHERE `days`.`id` = 'anton.tutoveanu@gmail.com' AND `days`.`date` = '2020-08-08 00:00:00' ORDER BY `days`.`id` ASC LIMIT 1  
[36;31m[1 rows affected or returned ][0m 

[35m(/home/group/insightBox/server/internal/processing/dayProcess.go:226)[0m 
[33m[2020-08-14 09:28:32][0m  [36;1m[1.82ms][0m  UPDATE `days` SET `emails` = 4  WHERE `days`.`id` = 'anton.tutoveanu@gmail.com' AND `days`.`date` = '2020-08-07 00:00:00'  
[36;31m[0 rows affected or returned ][0m 

[35m(/home/group/insightBox/server/internal/processing/dayProcess.go:226)[0m 
[33m[2020-08-14 09:28:32][0m  [36;1m[2.36ms][0m  SELECT * FROM `days`  WHERE `days`.`id` = 'anton.tutoveanu@gmail.com' AND `days`.`date` = '2020-08-07 00:00:00' ORDER BY `days`.`id` ASC LIMIT 1  
[36;31m[1 rows affected or returned ][0m 
anton.tutoveanu@gmail.com

[35m(/home/group/insightBox/server/internal/users/users.go:69)[0m 
[33m[2020-08-14 09:28:43][0m [31;1m Error 1062: Duplicate entry 'anton.tutoveanu@gmail.com' for key 'PRIMARY' [0m

[35m(/home/group/insightBox/server/internal/users/users.go:69)[0m 
[33m[2020-08-14 09:28:43][0m  [36;1m[2.03ms][0m  INSERT INTO `tokens` (`id`,`access_token`,`token_type`,`refresh_token`,`expiry`) VALUES ('anton.tutoveanu@gmail.com','ya29.a0AfH6SMBCqE_73_Pu8DKhpcyD2GwlaD6jvBqyaCFqszD9O7mAfUHerpFTaEnP08rYrOuS59NN02s3leMwz7Pmbk89ZhmmEhc6RRCGtCbBvSGrWzBJrm-pj5McA5VcG70fyJ1kZt-Vr0t7S7P2cwbKqHyVUVXTvnnZ7CdF','Bearer','','2020-08-14 10:28:41')  
[36;31m[0 rows affected or returned ][0m 

[35m(/home/group/insightBox/server/internal/users/users.go:72)[0m 
[33m[2020-08-14 09:28:43][0m  [36;1m[2.07ms][0m  SELECT * FROM `users`  WHERE (id = 'anton.tutoveanu@gmail.com') ORDER BY `users`.`id` ASC LIMIT 1  
[36;31m[1 rows affected or returned ][0m 

[35m(/home/group/insightBox/server/internal/processing/dayProcess.go:22)[0m 
[33m[2020-08-14 09:28:43][0m  [36;1m[2.36ms][0m  SELECT * FROM `tokens`  WHERE (id = 'anton.tutoveanu@gmail.com') ORDER BY `tokens`.`id` ASC LIMIT 1  
[36;31m[1 rows affected or returned ][0m 
B:  0 E:  127 M:  63
email retrieved
target:  1597363199000 current:  1596577929000
B:  0 E:  63 M:  31
email retrieved
target:  1597363199000 current:  1596752534000
B:  0 E:  31 M:  15
email retrieved
target:  1597363199000 current:  1597043965000
B:  0 E:  15 M:  7
email retrieved
target:  1597363199000 current:  1597299613000
B:  0 E:  7 M:  3
email retrieved
target:  1597363199000 current:  1597320093000
B:  0 E:  3 M:  1
email retrieved
target:  1597363199000 current:  1597381422000
B:  1 E:  3 M:  2
email retrieved
target:  1597363199000 current:  1597367315000
B:  2 E:  3 M:  2
email retrieved
target:  1597363199000 current:  1597367315000
found

[35m(/home/group/insightBox/server/internal/processing/dayProcess.go:226)[0m 
[33m[2020-08-14 09:28:50][0m  [36;1m[1.84ms][0m  UPDATE `days` SET `emails` = 7  WHERE `days`.`id` = 'anton.tutoveanu@gmail.com' AND `days`.`date` = '2020-08-13 00:00:00'  
[36;31m[0 rows affected or returned ][0m 

[35m(/home/group/insightBox/server/internal/processing/dayProcess.go:226)[0m 
[33m[2020-08-14 09:28:50][0m  [36;1m[2.29ms][0m  SELECT * FROM `days`  WHERE `days`.`id` = 'anton.tutoveanu@gmail.com' AND `days`.`date` = '2020-08-13 00:00:00' ORDER BY `days`.`id` ASC LIMIT 1  
[36;31m[1 rows affected or returned ][0m 

[35m(/home/group/insightBox/server/internal/processing/dayProcess.go:226)[0m 
[33m[2020-08-14 09:28:51][0m  [36;1m[1.84ms][0m  UPDATE `days` SET `emails` = 3  WHERE `days`.`id` = 'anton.tutoveanu@gmail.com' AND `days`.`date` = '2020-08-12 00:00:00'  
[36;31m[0 rows affected or returned ][0m 

[35m(/home/group/insightBox/server/internal/processing/dayProcess.go:226)[0m 
[33m[2020-08-14 09:28:51][0m  [36;1m[2.26ms][0m  SELECT * FROM `days`  WHERE `days`.`id` = 'anton.tutoveanu@gmail.com' AND `days`.`date` = '2020-08-12 00:00:00' ORDER BY `days`.`id` ASC LIMIT 1  
[36;31m[1 rows affected or returned ][0m 

[35m(/home/group/insightBox/server/internal/processing/dayProcess.go:226)[0m 
[33m[2020-08-14 09:28:52][0m  [36;1m[1.83ms][0m  UPDATE `days` SET `emails` = 2  WHERE `days`.`id` = 'anton.tutoveanu@gmail.com' AND `days`.`date` = '2020-08-11 00:00:00'  
[36;31m[0 rows affected or returned ][0m 

[35m(/home/group/insightBox/server/internal/processing/dayProcess.go:226)[0m 
[33m[2020-08-14 09:28:52][0m  [36;1m[2.21ms][0m  SELECT * FROM `days`  WHERE `days`.`id` = 'anton.tutoveanu@gmail.com' AND `days`.`date` = '2020-08-11 00:00:00' ORDER BY `days`.`id` ASC LIMIT 1  
[36;31m[1 rows affected or returned ][0m 

[35m(/home/group/insightBox/server/internal/processing/dayProcess.go:226)[0m 
[33m[2020-08-14 09:28:56][0m  [36;1m[1.89ms][0m  UPDATE `days` SET `emails` = 9  WHERE `days`.`id` = 'anton.tutoveanu@gmail.com' AND `days`.`date` = '2020-08-10 00:00:00'  
[36;31m[0 rows affected or returned ][0m 

[35m(/home/group/insightBox/server/internal/processing/dayProcess.go:226)[0m 
[33m[2020-08-14 09:28:56][0m  [36;1m[2.25ms][0m  SELECT * FROM `days`  WHERE `days`.`id` = 'anton.tutoveanu@gmail.com' AND `days`.`date` = '2020-08-10 00:00:00' ORDER BY `days`.`id` ASC LIMIT 1  
[36;31m[1 rows affected or returned ][0m 

[35m(/home/group/insightBox/server/internal/processing/dayProcess.go:226)[0m 
[33m[2020-08-14 09:28:57][0m  [36;1m[1.80ms][0m  UPDATE `days` SET `emails` = 2  WHERE `days`.`id` = 'anton.tutoveanu@gmail.com' AND `days`.`date` = '2020-08-09 00:00:00'  
[36;31m[0 rows affected or returned ][0m 

[35m(/home/group/insightBox/server/internal/processing/dayProcess.go:226)[0m 
[33m[2020-08-14 09:28:57][0m  [36;1m[2.23ms][0m  SELECT * FROM `days`  WHERE `days`.`id` = 'anton.tutoveanu@gmail.com' AND `days`.`date` = '2020-08-09 00:00:00' ORDER BY `days`.`id` ASC LIMIT 1  
[36;31m[1 rows affected or returned ][0m 

[35m(/home/group/insightBox/server/internal/processing/dayProcess.go:226)[0m 
[33m[2020-08-14 09:28:58][0m  [36;1m[1.79ms][0m  UPDATE `days` SET `emails` = 1  WHERE `days`.`id` = 'anton.tutoveanu@gmail.com' AND `days`.`date` = '2020-08-08 00:00:00'  
[36;31m[0 rows affected or returned ][0m 

[35m(/home/group/insightBox/server/internal/processing/dayProcess.go:226)[0m 
[33m[2020-08-14 09:28:58][0m  [36;1m[2.21ms][0m  SELECT * FROM `days`  WHERE `days`.`id` = 'anton.tutoveanu@gmail.com' AND `days`.`date` = '2020-08-08 00:00:00' ORDER BY `days`.`id` ASC LIMIT 1  
[36;31m[1 rows affected or returned ][0m 

[35m(/home/group/insightBox/server/internal/processing/dayProcess.go:226)[0m 
[33m[2020-08-14 09:29:00][0m  [36;1m[1.79ms][0m  UPDATE `days` SET `emails` = 4  WHERE `days`.`id` = 'anton.tutoveanu@gmail.com' AND `days`.`date` = '2020-08-07 00:00:00'  
[36;31m[0 rows affected or returned ][0m 

[35m(/home/group/insightBox/server/internal/processing/dayProcess.go:226)[0m 
[33m[2020-08-14 09:29:00][0m  [36;1m[2.30ms][0m  SELECT * FROM `days`  WHERE `days`.`id` = 'anton.tutoveanu@gmail.com' AND `days`.`date` = '2020-08-07 00:00:00' ORDER BY `days`.`id` ASC LIMIT 1  
[36;31m[1 rows affected or returned ][0m 

[35m(/home/group/insightBox/server/internal/auth/middleware.go:41)[0m 
[33m[2020-08-14 09:30:17][0m  [36;1m[2.16ms][0m  SELECT * FROM `users`  WHERE (id = 'anton.tutoveanu@gmail.com') ORDER BY `users`.`id` ASC LIMIT 1  
[36;31m[1 rows affected or returned ][0m 
0x40003acc30

[35m(/home/group/insightBox/server/graph/schema.resolvers.go:36)[0m 
[33m[2020-08-14 09:30:17][0m  [36;1m[3.02ms][0m  SELECT * FROM `users`  WHERE (id = 'anton.tutoveanu@gmail.com') ORDER BY `users`.`id` ASC LIMIT 1  
[36;31m[1 rows affected or returned ][0m 

[35m(/home/group/insightBox/server/internal/auth/middleware.go:41)[0m 
[33m[2020-08-14 09:30:17][0m  [36;1m[2.74ms][0m  SELECT * FROM `users`  WHERE (id = 'anton.tutoveanu@gmail.com') ORDER BY `users`.`id` ASC LIMIT 1  
[36;31m[1 rows affected or returned ][0m 

[35m(/home/group/insightBox/server/graph/schema.resolvers.go:46)[0m 
[33m[2020-08-14 09:30:17][0m  [36;1m[2.82ms][0m  SELECT * FROM `days`  WHERE (id = 'anton.tutoveanu@gmail.com' AND date BETWEEN '2014-11-12 11:45:26' AND '2020-12-12 00:00:00')  
[36;31m[7 rows affected or returned ][0m 

[35m(/home/group/insightBox/server/internal/auth/middleware.go:41)[0m 
[33m[2020-08-14 09:35:19][0m [31;1m Error 1146: Table 'insightbox.users' doesn't exist [0m

[35m(/home/group/insightBox/server/internal/auth/middleware.go:41)[0m 
[33m[2020-08-14 09:35:19][0m  [36;1m[1.71ms][0m  SELECT * FROM `users`  WHERE (id = 'acarter010204@gmail.com') ORDER BY `users`.`id` ASC LIMIT 1  
[36;31m[0 rows affected or returned ][0m 

[35m(/home/group/insightBox/server/internal/auth/middleware.go:41)[0m 
[33m[2020-08-14 09:35:19][0m [31;1m Error 1146: Table 'insightbox.users' doesn't exist [0m

[35m(/home/group/insightBox/server/internal/auth/middleware.go:41)[0m 
[33m[2020-08-14 09:35:19][0m  [36;1m[1.66ms][0m  SELECT * FROM `users`  WHERE (id = 'acarter010204@gmail.com') ORDER BY `users`.`id` ASC LIMIT 1  
[36;31m[0 rows affected or returned ][0m 
Go to the following link in your browser then type the authorization code: 
https://accounts.google.com/o/oauth2/auth?access_type=online&client_id=558989367504-nnoc8a4ebb4irht1pmffpccv20g10eim.apps.googleusercontent.com&redirect_uri=http%3A%2F%2Finsightbox.xyz%3A8000%2Fsignin&response_type=code&scope=https%3A%2F%2Fwww.googleapis.com%2Fauth%2Fgmail.readonly&state=state-token

[35m(/home/group/insightBox/server/server.go:43)[0m 
[33m[2020-08-14 09:41:44][0m  [36;1m[27.72ms][0m  CREATE TABLE `users` (`id` varchar(255),`name` varchar(255),`color_scheme_id` int , PRIMARY KEY (`id`))  
[36;31m[0 rows affected or returned ][0m 
anton.tutoveanu@gmail.com

[35m(/home/group/insightBox/server/internal/users/users.go:69)[0m 
[33m[2020-08-14 09:42:24][0m [31;1m Error 1062: Duplicate entry 'anton.tutoveanu@gmail.com' for key 'PRIMARY' [0m

[35m(/home/group/insightBox/server/internal/users/users.go:69)[0m 
[33m[2020-08-14 09:42:24][0m  [36;1m[2.26ms][0m  INSERT INTO `tokens` (`id`,`access_token`,`token_type`,`refresh_token`,`expiry`) VALUES ('anton.tutoveanu@gmail.com','ya29.a0AfH6SMBvmg8BFDBlIITcrBJcBMWsUIURl4AYGd5LLwlb04hFph2hOd9-CeCPcYgZZBQmGcXTA3hZ9KT2aRw3C6Net7HeqrnscRX9yfydDYs12oXtjj61DJKa92t_-21QbabQGrk_nVNBwaE0CzvZbRzxyqlcv4j22eiH','Bearer','','2020-08-14 10:42:22')  
[36;31m[0 rows affected or returned ][0m 

[35m(/home/group/insightBox/server/internal/users/users.go:72)[0m 
[33m[2020-08-14 09:42:24][0m  [36;1m[2.84ms][0m  SELECT * FROM `users`  WHERE (id = 'anton.tutoveanu@gmail.com') ORDER BY `users`.`id` ASC LIMIT 1  
[36;31m[0 rows affected or returned ][0m 

[35m(/home/group/insightBox/server/internal/users/users.go:80)[0m 
[33m[2020-08-14 09:42:24][0m  [36;1m[1.74ms][0m  INSERT INTO `users` (`id`,`name`,`color_scheme_id`) VALUES ('anton.tutoveanu@gmail.com','TODO',1)  
[36;31m[1 rows affected or returned ][0m 

[35m(/home/group/insightBox/server/internal/processing/dayProcess.go:22)[0m 
[33m[2020-08-14 09:42:24][0m  [36;1m[2.62ms][0m  SELECT * FROM `tokens`  WHERE (id = 'anton.tutoveanu@gmail.com') ORDER BY `tokens`.`id` ASC LIMIT 1  
[36;31m[1 rows affected or returned ][0m 

[35m(/home/group/insightBox/server/internal/auth/middleware.go:41)[0m 
[33m[2020-08-14 09:42:25][0m  [36;1m[2.47ms][0m  SELECT * FROM `users`  WHERE (id = 'anton.tutoveanu@gmail.com') ORDER BY `users`.`id` ASC LIMIT 1  
[36;31m[1 rows affected or returned ][0m 
0x40001ef440

[35m(/home/group/insightBox/server/internal/auth/middleware.go:41)[0m 
[33m[2020-08-14 09:42:25][0m  [36;1m[6.55ms][0m  SELECT * FROM `users`  WHERE (id = 'anton.tutoveanu@gmail.com') ORDER BY `users`.`id` ASC LIMIT 1  
[36;31m[1 rows affected or returned ][0m 

[35m(/home/group/insightBox/server/graph/schema.resolvers.go:36)[0m 
[33m[2020-08-14 09:42:25][0m  [36;1m[4.19ms][0m  SELECT * FROM `users`  WHERE (id = 'anton.tutoveanu@gmail.com') ORDER BY `users`.`id` ASC LIMIT 1  
[36;31m[1 rows affected or returned ][0m 

[35m(/home/group/insightBox/server/graph/schema.resolvers.go:46)[0m 
[33m[2020-08-14 09:42:25][0m  [36;1m[3.37ms][0m  SELECT * FROM `days`  WHERE (id = 'anton.tutoveanu@gmail.com' AND date BETWEEN '2014-11-12 11:45:26' AND '2020-12-12 00:00:00')  
[36;31m[7 rows affected or returned ][0m 
B:  0 E:  127 M:  63
email retrieved
target:  1597363199000 current:  1596577929000
B:  0 E:  63 M:  31
email retrieved
target:  1597363199000 current:  1596752534000
B:  0 E:  31 M:  15
email retrieved
target:  1597363199000 current:  1597043965000
B:  0 E:  15 M:  7
email retrieved
target:  1597363199000 current:  1597299613000
B:  0 E:  7 M:  3
email retrieved
target:  1597363199000 current:  1597320093000
B:  0 E:  3 M:  1
email retrieved
target:  1597363199000 current:  1597381422000
B:  1 E:  3 M:  2

[35m(/home/group/insightBox/server/internal/auth/middleware.go:41)[0m 
[33m[2020-08-14 09:42:28][0m  [36;1m[2.46ms][0m  SELECT * FROM `users`  WHERE (id = 'anton.tutoveanu@gmail.com') ORDER BY `users`.`id` ASC LIMIT 1  
[36;31m[1 rows affected or returned ][0m 
0x40003cfb30

[35m(/home/group/insightBox/server/internal/auth/middleware.go:41)[0m 
[33m[2020-08-14 09:42:28][0m  [36;1m[3.19ms][0m  SELECT * FROM `users`  WHERE (id = 'anton.tutoveanu@gmail.com') ORDER BY `users`.`id` ASC LIMIT 1  
[36;31m[1 rows affected or returned ][0m 

[35m(/home/group/insightBox/server/graph/schema.resolvers.go:36)[0m 
[33m[2020-08-14 09:42:28][0m  [36;1m[2.53ms][0m  SELECT * FROM `users`  WHERE (id = 'anton.tutoveanu@gmail.com') ORDER BY `users`.`id` ASC LIMIT 1  
[36;31m[1 rows affected or returned ][0m 

[35m(/home/group/insightBox/server/graph/schema.resolvers.go:46)[0m 
[33m[2020-08-14 09:42:28][0m  [36;1m[2.88ms][0m  SELECT * FROM `days`  WHERE (id = 'anton.tutoveanu@gmail.com' AND date BETWEEN '2014-11-12 11:45:26' AND '2020-12-12 00:00:00')  
[36;31m[7 rows affected or returned ][0m 
email retrieved
target:  1597363199000 current:  1597367315000
B:  2 E:  3 M:  2
email retrieved
target:  1597363199000 current:  1597367315000
found

[35m(/home/group/insightBox/server/internal/processing/dayProcess.go:226)[0m 
[33m[2020-08-14 09:42:31][0m  [36;1m[1.78ms][0m  UPDATE `days` SET `emails` = 7  WHERE `days`.`id` = 'anton.tutoveanu@gmail.com' AND `days`.`date` = '2020-08-13 00:00:00'  
[36;31m[0 rows affected or returned ][0m 

[35m(/home/group/insightBox/server/internal/processing/dayProcess.go:226)[0m 
[33m[2020-08-14 09:42:31][0m  [36;1m[2.37ms][0m  SELECT * FROM `days`  WHERE `days`.`id` = 'anton.tutoveanu@gmail.com' AND `days`.`date` = '2020-08-13 00:00:00' ORDER BY `days`.`id` ASC LIMIT 1  
[36;31m[1 rows affected or returned ][0m 

[35m(/home/group/insightBox/server/internal/processing/dayProcess.go:226)[0m 
[33m[2020-08-14 09:42:33][0m  [36;1m[1.78ms][0m  UPDATE `days` SET `emails` = 3  WHERE `days`.`id` = 'anton.tutoveanu@gmail.com' AND `days`.`date` = '2020-08-12 00:00:00'  
[36;31m[0 rows affected or returned ][0m 

[35m(/home/group/insightBox/server/internal/processing/dayProcess.go:226)[0m 
[33m[2020-08-14 09:42:33][0m  [36;1m[2.26ms][0m  SELECT * FROM `days`  WHERE `days`.`id` = 'anton.tutoveanu@gmail.com' AND `days`.`date` = '2020-08-12 00:00:00' ORDER BY `days`.`id` ASC LIMIT 1  
[36;31m[1 rows affected or returned ][0m 

[35m(/home/group/insightBox/server/internal/processing/dayProcess.go:226)[0m 
[33m[2020-08-14 09:42:34][0m  [36;1m[1.80ms][0m  UPDATE `days` SET `emails` = 2  WHERE `days`.`id` = 'anton.tutoveanu@gmail.com' AND `days`.`date` = '2020-08-11 00:00:00'  
[36;31m[0 rows affected or returned ][0m 

[35m(/home/group/insightBox/server/internal/processing/dayProcess.go:226)[0m 
[33m[2020-08-14 09:42:34][0m  [36;1m[2.26ms][0m  SELECT * FROM `days`  WHERE `days`.`id` = 'anton.tutoveanu@gmail.com' AND `days`.`date` = '2020-08-11 00:00:00' ORDER BY `days`.`id` ASC LIMIT 1  
[36;31m[1 rows affected or returned ][0m 
anton.tutoveanu@gmail.com

[35m(/home/group/insightBox/server/internal/users/users.go:69)[0m 
[33m[2020-08-14 09:42:35][0m [31;1m Error 1062: Duplicate entry 'anton.tutoveanu@gmail.com' for key 'PRIMARY' [0m

[35m(/home/group/insightBox/server/internal/users/users.go:69)[0m 
[33m[2020-08-14 09:42:35][0m  [36;1m[2.02ms][0m  INSERT INTO `tokens` (`id`,`access_token`,`token_type`,`refresh_token`,`expiry`) VALUES ('anton.tutoveanu@gmail.com','ya29.a0AfH6SMBcMB9seQj4u7lDxZRZE9Ae0poLPW0Nj1R10Hz2VmPS3bcWkuvGjKX8vH2UJvpREc98cvt_9G3g0cj1MsMaT9IE2tnIhCvBjPMTE23KufOdshHkpf18GuGaBQ_Bf_nJIToQlgy0n_jRjysh96KsQkGpHPUVYq0Y','Bearer','','2020-08-14 10:42:34')  
[36;31m[0 rows affected or returned ][0m 

[35m(/home/group/insightBox/server/internal/users/users.go:72)[0m 
[33m[2020-08-14 09:42:35][0m  [36;1m[2.18ms][0m  SELECT * FROM `users`  WHERE (id = 'anton.tutoveanu@gmail.com') ORDER BY `users`.`id` ASC LIMIT 1  
[36;31m[1 rows affected or returned ][0m 

[35m(/home/group/insightBox/server/internal/processing/dayProcess.go:22)[0m 
[33m[2020-08-14 09:42:35][0m  [36;1m[2.31ms][0m  SELECT * FROM `tokens`  WHERE (id = 'anton.tutoveanu@gmail.com') ORDER BY `tokens`.`id` ASC LIMIT 1  
[36;31m[1 rows affected or returned ][0m 
B:  0 E:  127 M:  63
email retrieved
target:  1597363199000 current:  1596577929000
B:  0 E:  63 M:  31
email retrieved
target:  1597363199000 current:  1596752534000
B:  0 E:  31 M:  15
email retrieved
target:  1597363199000 current:  1597043965000
B:  0 E:  15 M:  7

[35m(/home/group/insightBox/server/internal/processing/dayProcess.go:226)[0m 
[33m[2020-08-14 09:42:38][0m  [36;1m[1.79ms][0m  UPDATE `days` SET `emails` = 9  WHERE `days`.`id` = 'anton.tutoveanu@gmail.com' AND `days`.`date` = '2020-08-10 00:00:00'  
[36;31m[0 rows affected or returned ][0m 

[35m(/home/group/insightBox/server/internal/processing/dayProcess.go:226)[0m 
[33m[2020-08-14 09:42:38][0m  [36;1m[2.28ms][0m  SELECT * FROM `days`  WHERE `days`.`id` = 'anton.tutoveanu@gmail.com' AND `days`.`date` = '2020-08-10 00:00:00' ORDER BY `days`.`id` ASC LIMIT 1  
[36;31m[1 rows affected or returned ][0m 
email retrieved
target:  1597363199000 current:  1597299613000
B:  0 E:  7 M:  3
email retrieved
target:  1597363199000 current:  1597320093000
B:  0 E:  3 M:  1
email retrieved
target:  1597363199000 current:  1597381422000
B:  1 E:  3 M:  2

[35m(/home/group/insightBox/server/internal/processing/dayProcess.go:226)[0m 
[33m[2020-08-14 09:42:39][0m  [36;1m[1.83ms][0m  UPDATE `days` SET `emails` = 2  WHERE `days`.`id` = 'anton.tutoveanu@gmail.com' AND `days`.`date` = '2020-08-09 00:00:00'  
[36;31m[0 rows affected or returned ][0m 

[35m(/home/group/insightBox/server/internal/processing/dayProcess.go:226)[0m 
[33m[2020-08-14 09:42:39][0m  [36;1m[2.38ms][0m  SELECT * FROM `days`  WHERE `days`.`id` = 'anton.tutoveanu@gmail.com' AND `days`.`date` = '2020-08-09 00:00:00' ORDER BY `days`.`id` ASC LIMIT 1  
[36;31m[1 rows affected or returned ][0m 
email retrieved
target:  1597363199000 current:  1597367315000
B:  2 E:  3 M:  2
email retrieved
target:  1597363199000 current:  1597367315000
found

[35m(/home/group/insightBox/server/internal/processing/dayProcess.go:226)[0m 
[33m[2020-08-14 09:42:39][0m  [36;1m[1.78ms][0m  UPDATE `days` SET `emails` = 1  WHERE `days`.`id` = 'anton.tutoveanu@gmail.com' AND `days`.`date` = '2020-08-08 00:00:00'  
[36;31m[0 rows affected or returned ][0m 

[35m(/home/group/insightBox/server/internal/processing/dayProcess.go:226)[0m 
[33m[2020-08-14 09:42:39][0m  [36;1m[2.31ms][0m  SELECT * FROM `days`  WHERE `days`.`id` = 'anton.tutoveanu@gmail.com' AND `days`.`date` = '2020-08-08 00:00:00' ORDER BY `days`.`id` ASC LIMIT 1  
[36;31m[1 rows affected or returned ][0m 

[35m(/home/group/insightBox/server/internal/processing/dayProcess.go:226)[0m 
[33m[2020-08-14 09:42:41][0m  [36;1m[1.80ms][0m  UPDATE `days` SET `emails` = 4  WHERE `days`.`id` = 'anton.tutoveanu@gmail.com' AND `days`.`date` = '2020-08-07 00:00:00'  
[36;31m[0 rows affected or returned ][0m 

[35m(/home/group/insightBox/server/internal/processing/dayProcess.go:226)[0m 
[33m[2020-08-14 09:42:41][0m  [36;1m[2.27ms][0m  SELECT * FROM `days`  WHERE `days`.`id` = 'anton.tutoveanu@gmail.com' AND `days`.`date` = '2020-08-07 00:00:00' ORDER BY `days`.`id` ASC LIMIT 1  
[36;31m[1 rows affected or returned ][0m 

[35m(/home/group/insightBox/server/internal/processing/dayProcess.go:226)[0m 
[33m[2020-08-14 09:42:42][0m  [36;1m[1.82ms][0m  UPDATE `days` SET `emails` = 7  WHERE `days`.`id` = 'anton.tutoveanu@gmail.com' AND `days`.`date` = '2020-08-13 00:00:00'  
[36;31m[0 rows affected or returned ][0m 

[35m(/home/group/insightBox/server/internal/processing/dayProcess.go:226)[0m 
[33m[2020-08-14 09:42:42][0m  [36;1m[2.28ms][0m  SELECT * FROM `days`  WHERE `days`.`id` = 'anton.tutoveanu@gmail.com' AND `days`.`date` = '2020-08-13 00:00:00' ORDER BY `days`.`id` ASC LIMIT 1  
[36;31m[1 rows affected or returned ][0m 

[35m(/home/group/insightBox/server/internal/processing/dayProcess.go:226)[0m 
[33m[2020-08-14 09:42:44][0m  [36;1m[2.17ms][0m  UPDATE `days` SET `emails` = 3  WHERE `days`.`id` = 'anton.tutoveanu@gmail.com' AND `days`.`date` = '2020-08-12 00:00:00'  
[36;31m[0 rows affected or returned ][0m 

[35m(/home/group/insightBox/server/internal/processing/dayProcess.go:226)[0m 
[33m[2020-08-14 09:42:44][0m  [36;1m[2.76ms][0m  SELECT * FROM `days`  WHERE `days`.`id` = 'anton.tutoveanu@gmail.com' AND `days`.`date` = '2020-08-12 00:00:00' ORDER BY `days`.`id` ASC LIMIT 1  
[36;31m[1 rows affected or returned ][0m 

[35m(/home/group/insightBox/server/internal/processing/dayProcess.go:226)[0m 
[33m[2020-08-14 09:42:45][0m  [36;1m[1.77ms][0m  UPDATE `days` SET `emails` = 2  WHERE `days`.`id` = 'anton.tutoveanu@gmail.com' AND `days`.`date` = '2020-08-11 00:00:00'  
[36;31m[0 rows affected or returned ][0m 

[35m(/home/group/insightBox/server/internal/processing/dayProcess.go:226)[0m 
[33m[2020-08-14 09:42:45][0m  [36;1m[2.31ms][0m  SELECT * FROM `days`  WHERE `days`.`id` = 'anton.tutoveanu@gmail.com' AND `days`.`date` = '2020-08-11 00:00:00' ORDER BY `days`.`id` ASC LIMIT 1  
[36;31m[1 rows affected or returned ][0m 

[35m(/home/group/insightBox/server/internal/processing/dayProcess.go:226)[0m 
[33m[2020-08-14 09:42:48][0m  [36;1m[1.77ms][0m  UPDATE `days` SET `emails` = 9  WHERE `days`.`id` = 'anton.tutoveanu@gmail.com' AND `days`.`date` = '2020-08-10 00:00:00'  
[36;31m[0 rows affected or returned ][0m 

[35m(/home/group/insightBox/server/internal/processing/dayProcess.go:226)[0m 
[33m[2020-08-14 09:42:48][0m  [36;1m[2.27ms][0m  SELECT * FROM `days`  WHERE `days`.`id` = 'anton.tutoveanu@gmail.com' AND `days`.`date` = '2020-08-10 00:00:00' ORDER BY `days`.`id` ASC LIMIT 1  
[36;31m[1 rows affected or returned ][0m 

[35m(/home/group/insightBox/server/internal/processing/dayProcess.go:226)[0m 
[33m[2020-08-14 09:42:49][0m  [36;1m[1.74ms][0m  UPDATE `days` SET `emails` = 2  WHERE `days`.`id` = 'anton.tutoveanu@gmail.com' AND `days`.`date` = '2020-08-09 00:00:00'  
[36;31m[0 rows affected or returned ][0m 

[35m(/home/group/insightBox/server/internal/processing/dayProcess.go:226)[0m 
[33m[2020-08-14 09:42:49][0m  [36;1m[2.42ms][0m  SELECT * FROM `days`  WHERE `days`.`id` = 'anton.tutoveanu@gmail.com' AND `days`.`date` = '2020-08-09 00:00:00' ORDER BY `days`.`id` ASC LIMIT 1  
[36;31m[1 rows affected or returned ][0m 

[35m(/home/group/insightBox/server/internal/processing/dayProcess.go:226)[0m 
[33m[2020-08-14 09:42:50][0m  [36;1m[1.86ms][0m  UPDATE `days` SET `emails` = 1  WHERE `days`.`id` = 'anton.tutoveanu@gmail.com' AND `days`.`date` = '2020-08-08 00:00:00'  
[36;31m[0 rows affected or returned ][0m 

[35m(/home/group/insightBox/server/internal/processing/dayProcess.go:226)[0m 
[33m[2020-08-14 09:42:50][0m  [36;1m[2.32ms][0m  SELECT * FROM `days`  WHERE `days`.`id` = 'anton.tutoveanu@gmail.com' AND `days`.`date` = '2020-08-08 00:00:00' ORDER BY `days`.`id` ASC LIMIT 1  
[36;31m[1 rows affected or returned ][0m 

[35m(/home/group/insightBox/server/internal/processing/dayProcess.go:226)[0m 
[33m[2020-08-14 09:42:52][0m  [36;1m[1.94ms][0m  UPDATE `days` SET `emails` = 4  WHERE `days`.`id` = 'anton.tutoveanu@gmail.com' AND `days`.`date` = '2020-08-07 00:00:00'  
[36;31m[0 rows affected or returned ][0m 

[35m(/home/group/insightBox/server/internal/processing/dayProcess.go:226)[0m 
[33m[2020-08-14 09:42:52][0m  [36;1m[2.28ms][0m  SELECT * FROM `days`  WHERE `days`.`id` = 'anton.tutoveanu@gmail.com' AND `days`.`date` = '2020-08-07 00:00:00' ORDER BY `days`.`id` ASC LIMIT 1  
[36;31m[1 rows affected or returned ][0m 
anton.tutoveanu@gmail.com

[35m(/home/group/insightBox/server/internal/users/users.go:69)[0m 
[33m[2020-08-14 09:42:55][0m [31;1m Error 1062: Duplicate entry 'anton.tutoveanu@gmail.com' for key 'PRIMARY' [0m

[35m(/home/group/insightBox/server/internal/users/users.go:69)[0m 
[33m[2020-08-14 09:42:55][0m  [36;1m[2.10ms][0m  INSERT INTO `tokens` (`id`,`access_token`,`token_type`,`refresh_token`,`expiry`) VALUES ('anton.tutoveanu@gmail.com','ya29.a0AfH6SMD9_A8jZXcmJPR2u2WeCA2Prz9Ja3BUm7D4OnK7ujFgrq_dVNyccX7kXpUKU2KW5nvDhGbi5Snyh1sdGx9QMAqWg7zW2ILCkoRfvclCjwZXt2ijAqNQCzahTMVZR1TqeL0qsVMPzOCkF-R2tJSUjPYkmxgW-Eqo','Bearer','','2020-08-14 10:42:54')  
[36;31m[0 rows affected or returned ][0m 

[35m(/home/group/insightBox/server/internal/users/users.go:72)[0m 
[33m[2020-08-14 09:42:55][0m  [36;1m[2.10ms][0m  SELECT * FROM `users`  WHERE (id = 'anton.tutoveanu@gmail.com') ORDER BY `users`.`id` ASC LIMIT 1  
[36;31m[1 rows affected or returned ][0m 

[35m(/home/group/insightBox/server/internal/processing/dayProcess.go:22)[0m 
[33m[2020-08-14 09:42:55][0m  [36;1m[2.41ms][0m  SELECT * FROM `tokens`  WHERE (id = 'anton.tutoveanu@gmail.com') ORDER BY `tokens`.`id` ASC LIMIT 1  
[36;31m[1 rows affected or returned ][0m 

[35m(/home/group/insightBox/server/internal/auth/middleware.go:41)[0m 
[33m[2020-08-14 09:42:55][0m  [36;1m[2.49ms][0m  SELECT * FROM `users`  WHERE (id = 'anton.tutoveanu@gmail.com') ORDER BY `users`.`id` ASC LIMIT 1  
[36;31m[1 rows affected or returned ][0m 
0x400015f260

[35m(/home/group/insightBox/server/internal/auth/middleware.go:41)[0m 
[33m[2020-08-14 09:42:55][0m  [36;1m[2.92ms][0m  SELECT * FROM `users`  WHERE (id = 'anton.tutoveanu@gmail.com') ORDER BY `users`.`id` ASC LIMIT 1  
[36;31m[1 rows affected or returned ][0m 

[35m(/home/group/insightBox/server/graph/schema.resolvers.go:36)[0m 
[33m[2020-08-14 09:42:55][0m  [36;1m[3.37ms][0m  SELECT * FROM `users`  WHERE (id = 'anton.tutoveanu@gmail.com') ORDER BY `users`.`id` ASC LIMIT 1  
[36;31m[1 rows affected or returned ][0m 

[35m(/home/group/insightBox/server/graph/schema.resolvers.go:46)[0m 
[33m[2020-08-14 09:42:55][0m  [36;1m[4.13ms][0m  SELECT * FROM `days`  WHERE (id = 'anton.tutoveanu@gmail.com' AND date BETWEEN '2014-11-12 11:45:26' AND '2020-12-12 00:00:00')  
[36;31m[7 rows affected or returned ][0m 
B:  0 E:  127 M:  63
email retrieved
target:  1597363199000 current:  1596577929000
B:  0 E:  63 M:  31
email retrieved
target:  1597363199000 current:  1596752534000
B:  0 E:  31 M:  15
email retrieved
target:  1597363199000 current:  1597043965000
B:  0 E:  15 M:  7
email retrieved
target:  1597363199000 current:  1597299613000
B:  0 E:  7 M:  3
email retrieved
target:  1597363199000 current:  1597320093000
B:  0 E:  3 M:  1
email retrieved
target:  1597363199000 current:  1597381422000
B:  1 E:  3 M:  2
email retrieved
target:  1597363199000 current:  1597367315000
B:  2 E:  3 M:  2
email retrieved
target:  1597363199000 current:  1597367315000
found

[35m(/home/group/insightBox/server/internal/processing/dayProcess.go:226)[0m 
[33m[2020-08-14 09:43:02][0m  [36;1m[1.80ms][0m  UPDATE `days` SET `emails` = 7  WHERE `days`.`id` = 'anton.tutoveanu@gmail.com' AND `days`.`date` = '2020-08-13 00:00:00'  
[36;31m[0 rows affected or returned ][0m 

[35m(/home/group/insightBox/server/internal/processing/dayProcess.go:226)[0m 
[33m[2020-08-14 09:43:02][0m  [36;1m[2.32ms][0m  SELECT * FROM `days`  WHERE `days`.`id` = 'anton.tutoveanu@gmail.com' AND `days`.`date` = '2020-08-13 00:00:00' ORDER BY `days`.`id` ASC LIMIT 1  
[36;31m[1 rows affected or returned ][0m 

[35m(/home/group/insightBox/server/internal/processing/dayProcess.go:226)[0m 
[33m[2020-08-14 09:43:04][0m  [36;1m[1.86ms][0m  UPDATE `days` SET `emails` = 3  WHERE `days`.`id` = 'anton.tutoveanu@gmail.com' AND `days`.`date` = '2020-08-12 00:00:00'  
[36;31m[0 rows affected or returned ][0m 

[35m(/home/group/insightBox/server/internal/processing/dayProcess.go:226)[0m 
[33m[2020-08-14 09:43:04][0m  [36;1m[2.33ms][0m  SELECT * FROM `days`  WHERE `days`.`id` = 'anton.tutoveanu@gmail.com' AND `days`.`date` = '2020-08-12 00:00:00' ORDER BY `days`.`id` ASC LIMIT 1  
[36;31m[1 rows affected or returned ][0m 

[35m(/home/group/insightBox/server/internal/processing/dayProcess.go:226)[0m 
[33m[2020-08-14 09:43:05][0m  [36;1m[1.82ms][0m  UPDATE `days` SET `emails` = 2  WHERE `days`.`id` = 'anton.tutoveanu@gmail.com' AND `days`.`date` = '2020-08-11 00:00:00'  
[36;31m[0 rows affected or returned ][0m 

[35m(/home/group/insightBox/server/internal/processing/dayProcess.go:226)[0m 
[33m[2020-08-14 09:43:05][0m  [36;1m[2.40ms][0m  SELECT * FROM `days`  WHERE `days`.`id` = 'anton.tutoveanu@gmail.com' AND `days`.`date` = '2020-08-11 00:00:00' ORDER BY `days`.`id` ASC LIMIT 1  
[36;31m[1 rows affected or returned ][0m 

[35m(/home/group/insightBox/server/internal/processing/dayProcess.go:226)[0m 
[33m[2020-08-14 09:43:08][0m  [36;1m[1.78ms][0m  UPDATE `days` SET `emails` = 9  WHERE `days`.`id` = 'anton.tutoveanu@gmail.com' AND `days`.`date` = '2020-08-10 00:00:00'  
[36;31m[0 rows affected or returned ][0m 

[35m(/home/group/insightBox/server/internal/processing/dayProcess.go:226)[0m 
[33m[2020-08-14 09:43:08][0m  [36;1m[2.36ms][0m  SELECT * FROM `days`  WHERE `days`.`id` = 'anton.tutoveanu@gmail.com' AND `days`.`date` = '2020-08-10 00:00:00' ORDER BY `days`.`id` ASC LIMIT 1  
[36;31m[1 rows affected or returned ][0m 

[35m(/home/group/insightBox/server/internal/processing/dayProcess.go:226)[0m 
[33m[2020-08-14 09:43:10][0m  [36;1m[1.74ms][0m  UPDATE `days` SET `emails` = 2  WHERE `days`.`id` = 'anton.tutoveanu@gmail.com' AND `days`.`date` = '2020-08-09 00:00:00'  
[36;31m[0 rows affected or returned ][0m 

[35m(/home/group/insightBox/server/internal/processing/dayProcess.go:226)[0m 
[33m[2020-08-14 09:43:10][0m  [36;1m[2.31ms][0m  SELECT * FROM `days`  WHERE `days`.`id` = 'anton.tutoveanu@gmail.com' AND `days`.`date` = '2020-08-09 00:00:00' ORDER BY `days`.`id` ASC LIMIT 1  
[36;31m[1 rows affected or returned ][0m 

[35m(/home/group/insightBox/server/internal/processing/dayProcess.go:226)[0m 
[33m[2020-08-14 09:43:10][0m  [36;1m[1.83ms][0m  UPDATE `days` SET `emails` = 1  WHERE `days`.`id` = 'anton.tutoveanu@gmail.com' AND `days`.`date` = '2020-08-08 00:00:00'  
[36;31m[0 rows affected or returned ][0m 

[35m(/home/group/insightBox/server/internal/processing/dayProcess.go:226)[0m 
[33m[2020-08-14 09:43:10][0m  [36;1m[2.31ms][0m  SELECT * FROM `days`  WHERE `days`.`id` = 'anton.tutoveanu@gmail.com' AND `days`.`date` = '2020-08-08 00:00:00' ORDER BY `days`.`id` ASC LIMIT 1  
[36;31m[1 rows affected or returned ][0m 

[35m(/home/group/insightBox/server/internal/processing/dayProcess.go:226)[0m 
[33m[2020-08-14 09:43:12][0m  [36;1m[1.77ms][0m  UPDATE `days` SET `emails` = 4  WHERE `days`.`id` = 'anton.tutoveanu@gmail.com' AND `days`.`date` = '2020-08-07 00:00:00'  
[36;31m[0 rows affected or returned ][0m 

[35m(/home/group/insightBox/server/internal/processing/dayProcess.go:226)[0m 
[33m[2020-08-14 09:43:12][0m  [36;1m[2.36ms][0m  SELECT * FROM `days`  WHERE `days`.`id` = 'anton.tutoveanu@gmail.com' AND `days`.`date` = '2020-08-07 00:00:00' ORDER BY `days`.`id` ASC LIMIT 1  
[36;31m[1 rows affected or returned ][0m 
